preflight zombie_stress=433 live_stress=0
MASTER_ADDR=127.0.0.1 NPROC=16 RUN=contrast-p3-ext-c-quiet-20260726_105344 dose=quiet pod=yysong-worker-2 vm_n=32 vm_bytes=4G
========== C0_baseline port=30420 inject=0 vm_n=32 vm_bytes=4G dose=quiet ==========
  warmup ok (30s)
  waiting… t=30s prom=16 ranks=16
  waiting… t=60s prom=16 ranks=16
  waiting… t=90s prom=16 ranks=16
  done (95s) prom=16
========== C1_inject_none port=30421 inject=1 vm_n=32 vm_bytes=4G dose=quiet ==========
  warmup ok (29s)
  measure step 100 (16s) → start stress_vm
SC=556705
  stress_vm START ok (0s)
  measure step 300 → stop vm (32s)
  waiting… t=30s prom=16 ranks=16
  done (45s) prom=16
# XPUTimer contrast · P3-EXT-C quiet

- case_id: `P3-EXT-C`
- case_ref: `20260726_102936-yjr-as-c-p3-ext-c-quiet`
- dose: `quiet` — stress_vm vm_n=32,vm_bytes=4G victim=7; window [100,300]; gold≈1.906
- detect_mode: **cross_run_contrast** （自主=prom hang/slow flags；跨-run=C1/C0 中位比≥1.15，需外部健康基线 C0）
- metric: jsonl `dur_us` of `HcclAllReduce` (host-wall around Hccl*)

## A) XPUTimer 自主信号（.prom hang/slow flags；无需外部基线）

| arm | coll_events | hang_flags | slow_flags |
|-----|-----------:|-----------:|-----------:|
| C0  | 81401 | 0 | 0 |
| C1  | 81401 | 0 | 0 |

**autonomous_flag (C1 hang+slow>0) = False** （SLOW_REPORT_US=0 关、HANG_TIMEOUT_MS=60000；未开 oracle INJECT_STALL）

## B) cross-run 中位对照（需外部健康基线 C0，非自主）

| arm | n | median dur_us | ≥1.5×C0med（噪声诊断，非判据） |
|-----|--:|-------------:|------------------------------:|
| C0  | 70336 | 129.0 | 10705 |
| C1  | 70336 | 128.0 | 10926 |

**C1/C0 coll ratio = 0.992** → FAIL (thr 1.15)

> ⚠️ `≥1.5×C0med` 计数仅作噪声诊断：C0 健康线自身就有 10705 个，说明该线在集合通信 host-wall 上可能大面积误报，**不作判据**。

## C) dose_check（step_ms 窗内中位；非 XPUTimer 规则）

- window: [100, 300)
- C0 median step_ms: 145.113 (n=3200)
- C1 median step_ms: 156.014 (n=3200)
- C1/C0 step_ms = 1.075 → FAIL/NA (thr 1.15)

## Verdict

- **autonomous_detect**: NO (XPUTimer 自己的 hang/slow flags)
- **cross_run_contrast**: FAIL (C1/C0=0.992；需外部基线)
- **dose_check**: FAIL/NA (step_ms C1/C0=1.075)
- **detect_ok**: false (autonomous OR cross_run；dose_check 单独记)
- **detect_mode**: `cross_run_contrast`

Note: 如实记能力边界；无咬合也是 DONE。不改对手阈值、不覆盖 Probing 分。

CONTRAST_DONE RUN=contrast-p3-ext-c-quiet-20260726_105344 DUMP=/afs-a3-weight-share/yinjinrun.p-huawei/results/ascend-ais/baseline/xputimer/contrast-p3-ext-c-quiet-20260726_105344 verdict_rc=2
