===== poll 1 07:36:49 =====
ALIVE pid=471679
---tail---
MASTER_ADDR=127.0.0.1 NPROC=16 RUN=contrast-p1-sw-b-masked-20260726_073636 dose=masked pod=yysong-worker-2 rare_seq=1408 every=1
========== C0_baseline port=30382 inject=0 2b rare_seq=1408 every=1 ==========
---markers---
===== poll 2 07:37:36 =====
ALIVE pid=471679
---tail---
MASTER_ADDR=127.0.0.1 NPROC=16 RUN=contrast-p1-sw-b-masked-20260726_073636 dose=masked pod=yysong-worker-2 rare_seq=1408 every=1
========== C0_baseline port=30382 inject=0 2b rare_seq=1408 every=1 ==========
  warmup ok (26s)
  waiting… t=30s dump=55664
---markers---
===== poll 3 07:38:23 =====
ALIVE pid=471679
---tail---
MASTER_ADDR=127.0.0.1 NPROC=16 RUN=contrast-p1-sw-b-masked-20260726_073636 dose=masked pod=yysong-worker-2 rare_seq=1408 every=1
========== C0_baseline port=30382 inject=0 2b rare_seq=1408 every=1 ==========
  warmup ok (26s)
  waiting… t=30s dump=55664
  done (50s) dump_lines=70416
========== C1_inject_none port=30383 inject=1 2b rare_seq=1408 every=1 ==========
  warmup ok (25s)
---markers---
/afs-a3-weight-share/yinjinrun.p-huawei/results/ascend-ais/baseline/greyhound/contrast-p1-sw-b-masked-20260726_073636/C0_baseline/node_0.done
===== poll 4 07:39:10 =====
ALIVE pid=471679
---tail---
MASTER_ADDR=127.0.0.1 NPROC=16 RUN=contrast-p1-sw-b-masked-20260726_073636 dose=masked pod=yysong-worker-2 rare_seq=1408 every=1
========== C0_baseline port=30382 inject=0 2b rare_seq=1408 every=1 ==========
  warmup ok (26s)
  waiting… t=30s dump=55664
  done (50s) dump_lines=70416
========== C1_inject_none port=30383 inject=1 2b rare_seq=1408 every=1 ==========
  warmup ok (25s)
  measure step 100 (8s) — inline 2b rare_shape active
  waiting… t=30s dump=58864
---markers---
/afs-a3-weight-share/yinjinrun.p-huawei/results/ascend-ais/baseline/greyhound/contrast-p1-sw-b-masked-20260726_073636/C0_baseline/node_0.done
===== poll 5 07:39:58 =====
ALIVE pid=471679
---tail---

| arm | window median step_ms |
|-----|----------------------:|
| C0  | 75.80 |
| C1  | 98.48 |
| C1/C0 | 1.299 → dose_OK |

## Verdict

- **autonomous_detect**: YES (coll_pass=False, rbeast_hit=True, rbeast_fp=False)
- **dose_reproduced**: YES (step_ms)

Note: P1-SW-B 注入下 Greyhound 主路径是 CCL 时间戳+变点。若 coll/Rbeast 无咬合而 step_ms 有抬升，记能力边界，不焊 D4。

CONTRAST_DONE RUN=contrast-p1-sw-b-masked-20260726_073636 DUMP=/afs-a3-weight-share/yinjinrun.p-huawei/results/ascend-ais/baseline/greyhound/contrast-p1-sw-b-masked-20260726_073636
---markers---
/afs-a3-weight-share/yinjinrun.p-huawei/results/ascend-ais/baseline/greyhound/contrast-p1-sw-b-masked-20260726_073636/C0_baseline/node_0.done
/afs-a3-weight-share/yinjinrun.p-huawei/results/ascend-ais/baseline/greyhound/contrast-p1-sw-b-masked-20260726_073636/C1_inject_none/node_0.done
/afs-a3-weight-share/yinjinrun.p-huawei/results/ascend-ais/baseline/greyhound/contrast-p1-sw-b-masked-20260726_073636/CONTRAST_SUMMARY.json
/afs-a3-weight-share/yinjinrun.p-huawei/results/ascend-ais/baseline/greyhound/contrast-p1-sw-b-masked-20260726_073636/CONTRAST_VERDICT.md
HAS_SUMMARY
{'detect_ok': True, 'detect_mode': 'autonomous', 'coll_ratio': 0.9912534302523015, 'step_ms_ratio': None, 'rbeast_c1_cp': None, 'rbeast_c0_cp': None}
- detect_ok: **yes**；detect_mode: **autonomous**（自主= coll 比≥1.05 或 Rbeast 变点[C1有/C0无]）
CONTRAST_DONE RUN=contrast-p1-sw-b-masked-20260726_073636 DUMP=/afs-a3-weight-share/yinjinrun.p-huawei/results/ascend-ais/baseline/greyhound/contrast-p1-sw-b-masked-20260726_073636
DONE
