SC=512545
SIDECAR_START stress_cpu cpu_n=128 cpu_load=70 ts=1785025242
stress-ng: info:  [512545] setting to a 900 second (15 mins, 0.00 secs) run per stressor
stress-ng: info:  [512545] dispatching hogs: 128 cpu
stress-ng: info:  [512550] stress-ng-cpu: CPU affinity probably set, this can affect CPU loading
stress-ng: error: [512545] process 512550 (stress-ng-cpu) terminated with an error, exit status=5 (killed by signal)
stress-ng: error: [512545] process 512551 (stress-ng-cpu) terminated with an error, exit status=5 (killed by signal)
stress-ng: error: [512545] process 512552 (stress-ng-cpu) terminated with an error, exit status=5 (killed by signal)
stress-ng: error: [512545] process 512553 (stress-ng-cpu) terminated with an error, exit status=5 (killed by signal)
stress-ng: error: [512545] process 512554 (stress-ng-cpu) terminated with an error, exit status=5 (killed by signal)
stress-ng: error: [512545] process 512555 (stress-ng-cpu) terminated with an error, exit status=5 (killed by signal)
stress-ng: error: [512545] process 512556 (stress-ng-cpu) terminated with an error, exit status=5 (killed by signal)
stress-ng: error: [512545] process 512557 (stress-ng-cpu) terminated with an error, exit status=5 (killed by signal)
stress-ng: error: [512545] process 512558 (stress-ng-cpu) terminated with an error, exit status=5 (killed by signal)
stress-ng: error: [512545] process 512559 (stress-ng-cpu) terminated with an error, exit status=5 (killed by signal)
stress-ng: error: [512545] process 512560 (stress-ng-cpu) terminated with an error, exit status=5 (killed by signal)
stress-ng: error: [512545] process 512561 (stress-ng-cpu) terminated with an error, exit status=5 (killed by signal)
stress-ng: error: [512545] process 512562 (stress-ng-cpu) terminated with an error, exit status=5 (killed by signal)
stress-ng: error: [512545] process 512563 (stress-ng-cpu) terminated with an error, exit status=5 (killed by signal)
stress-ng: error: [512545] process 512564 (stress-ng-cpu) terminated with an error, exit status=5 (killed by signal)
stress-ng: error: [512545] process 512565 (stress-ng-cpu) terminated with an error, exit status=5 (killed by signal)
stress-ng: error: [512545] process 512566 (stress-ng-cpu) terminated with an error, exit status=5 (killed by signal)
stress-ng: error: [512545] process 512567 (stress-ng-cpu) terminated with an error, exit status=5 (killed by signal)
stress-ng: error: [512545] process 512568 (stress-ng-cpu) terminated with an error, exit status=5 (killed by signal)
stress-ng: error: [512545] process 512569 (stress-ng-cpu) terminated with an error, exit status=5 (killed by signal)
stress-ng: error: [512545] process 512570 (stress-ng-cpu) terminated with an error, exit status=5 (killed by signal)
stress-ng: error: [512545] process 512571 (stress-ng-cpu) terminated with an error, exit status=5 (killed by signal)
stress-ng: error: [512545] process 512572 (stress-ng-cpu) terminated with an error, exit status=5 (killed by signal)
stress-ng: error: [512545] process 512573 (stress-ng-cpu) terminated with an error, exit status=5 (killed by signal)
stress-ng: error: [512545] process 512574 (stress-ng-cpu) terminated with an error, exit status=5 (killed by signal)
stress-ng: error: [512545] process 512575 (stress-ng-cpu) terminated with an error, exit status=5 (killed by signal)
stress-ng: error: [512545] process 512576 (stress-ng-cpu) terminated with an error, exit status=5 (killed by signal)
stress-ng: error: [512545] process 512577 (stress-ng-cpu) terminated with an error, exit status=5 (killed by signal)
stress-ng: error: [512545] process 512578 (stress-ng-cpu) terminated with an error, exit status=5 (killed by signal)
stress-ng: error: [512545] process 512579 (stress-ng-cpu) terminated with an error, exit status=5 (killed by signal)
stress-ng: error: [512545] process 512580 (stress-ng-cpu) terminated with an error, exit status=5 (killed by signal)
stress-ng: error: [512545] process 512581 (stress-ng-cpu) terminated with an error, exit status=5 (killed by signal)
stress-ng: error: [512545] process 512582 (stress-ng-cpu) terminated with an error, exit status=5 (killed by signal)
stress-ng: error: [512545] process 512583 (stress-ng-cpu) terminated with an error, exit status=5 (killed by signal)
stress-ng: error: [512545] process 512584 (stress-ng-cpu) terminated with an error, exit status=5 (killed by signal)
stress-ng: error: [512545] process 512585 (stress-ng-cpu) terminated with an error, exit status=5 (killed by signal)
stress-ng: error: [512545] process 512586 (stress-ng-cpu) terminated with an error, exit status=5 (killed by signal)
stress-ng: error: [512545] process 512587 (stress-ng-cpu) terminated with an error, exit status=5 (killed by signal)
stress-ng: error: [512545] process 512588 (stress-ng-cpu) terminated with an error, exit status=5 (killed by signal)
stress-ng: error: [512545] process 512589 (stress-ng-cpu) terminated with an error, exit status=5 (killed by signal)
stress-ng: error: [512545] process 512590 (stress-ng-cpu) terminated with an error, exit status=5 (killed by signal)
stress-ng: error: [512545] process 512591 (stress-ng-cpu) terminated with an error, exit status=5 (killed by signal)
stress-ng: error: [512545] process 512592 (stress-ng-cpu) terminated with an error, exit status=5 (killed by signal)
stress-ng: error: [512545] process 512593 (stress-ng-cpu) terminated with an error, exit status=5 (killed by signal)
stress-ng: error: [512545] process 512594 (stress-ng-cpu) terminated with an error, exit status=5 (killed by signal)
stress-ng: error: [512545] process 512595 (stress-ng-cpu) terminated with an error, exit status=5 (killed by signal)
stress-ng: error: [512545] process 512596 (stress-ng-cpu) terminated with an error, exit status=5 (killed by signal)
stress-ng: error: [512545] process 512597 (stress-ng-cpu) terminated with an error, exit status=5 (killed by signal)
stress-ng: error: [512545] process 512598 (stress-ng-cpu) terminated with an error, exit status=5 (killed by signal)
stress-ng: error: [512545] process 512599 (stress-ng-cpu) terminated with an error, exit status=5 (killed by signal)
stress-ng: error: [512545] process 512600 (stress-ng-cpu) terminated with an error, exit status=5 (killed by signal)
stress-ng: error: [512545] process 512601 (stress-ng-cpu) terminated with an error, exit status=5 (killed by signal)
stress-ng: error: [512545] process 512602 (stress-ng-cpu) terminated with an error, exit status=5 (killed by signal)
stress-ng: error: [512545] process 512603 (stress-ng-cpu) terminated with an error, exit status=5 (killed by signal)
stress-ng: error: [512545] process 512604 (stress-ng-cpu) terminated with an error, exit status=5 (killed by signal)
stress-ng: error: [512545] process 512605 (stress-ng-cpu) terminated with an error, exit status=5 (killed by signal)
stress-ng: error: [512545] process 512606 (stress-ng-cpu) terminated with an error, exit status=5 (killed by signal)
stress-ng: error: [512545] process 512607 (stress-ng-cpu) terminated with an error, exit status=5 (killed by signal)
stress-ng: error: [512545] process 512608 (stress-ng-cpu) terminated with an error, exit status=5 (killed by signal)
stress-ng: error: [512545] process 512609 (stress-ng-cpu) terminated with an error, exit status=5 (killed by signal)
stress-ng: error: [512545] process 512610 (stress-ng-cpu) terminated with an error, exit status=5 (killed by signal)
stress-ng: error: [512545] process 512611 (stress-ng-cpu) terminated with an error, exit status=5 (killed by signal)
stress-ng: error: [512545] process 512612 (stress-ng-cpu) terminated with an error, exit status=5 (killed by signal)
stress-ng: error: [512545] process 512613 (stress-ng-cpu) terminated with an error, exit status=5 (killed by signal)
stress-ng: error: [512545] process 512614 (stress-ng-cpu) terminated with an error, exit status=5 (killed by signal)
stress-ng: error: [512545] process 512615 (stress-ng-cpu) terminated with an error, exit status=5 (killed by signal)
stress-ng: error: [512545] process 512616 (stress-ng-cpu) terminated with an error, exit status=5 (killed by signal)
stress-ng: error: [512545] process 512617 (stress-ng-cpu) terminated with an error, exit status=5 (killed by signal)
stress-ng: error: [512545] process 512618 (stress-ng-cpu) terminated with an error, exit status=5 (killed by signal)
stress-ng: error: [512545] process 512619 (stress-ng-cpu) terminated with an error, exit status=5 (killed by signal)
stress-ng: error: [512545] process 512620 (stress-ng-cpu) terminated with an error, exit status=5 (killed by signal)
stress-ng: error: [512545] process 512621 (stress-ng-cpu) terminated with an error, exit status=5 (killed by signal)
stress-ng: error: [512545] process 512622 (stress-ng-cpu) terminated with an error, exit status=5 (killed by signal)
stress-ng: error: [512545] process 512623 (stress-ng-cpu) terminated with an error, exit status=5 (killed by signal)
stress-ng: error: [512545] process 512624 (stress-ng-cpu) terminated with an error, exit status=5 (killed by signal)
stress-ng: error: [512545] process 512625 (stress-ng-cpu) terminated with an error, exit status=5 (killed by signal)
stress-ng: error: [512545] process 512626 (stress-ng-cpu) terminated with an error, exit status=5 (killed by signal)
stress-ng: error: [512545] process 512627 (stress-ng-cpu) terminated with an error, exit status=5 (killed by signal)
stress-ng: error: [512545] process 512628 (stress-ng-cpu) terminated with an error, exit status=5 (killed by signal)
stress-ng: error: [512545] process 512629 (stress-ng-cpu) terminated with an error, exit status=5 (killed by signal)
stress-ng: error: [512545] process 512630 (stress-ng-cpu) terminated with an error, exit status=5 (killed by signal)
stress-ng: error: [512545] process 512631 (stress-ng-cpu) terminated with an error, exit status=5 (killed by signal)
stress-ng: error: [512545] process 512632 (stress-ng-cpu) terminated with an error, exit status=5 (killed by signal)
stress-ng: error: [512545] process 512633 (stress-ng-cpu) terminated with an error, exit status=5 (killed by signal)
stress-ng: error: [512545] process 512634 (stress-ng-cpu) terminated with an error, exit status=5 (killed by signal)
stress-ng: error: [512545] process 512635 (stress-ng-cpu) terminated with an error, exit status=5 (killed by signal)
stress-ng: error: [512545] process 512636 (stress-ng-cpu) terminated with an error, exit status=5 (killed by signal)
stress-ng: error: [512545] process 512637 (stress-ng-cpu) terminated with an error, exit status=5 (killed by signal)
stress-ng: error: [512545] process 512638 (stress-ng-cpu) terminated with an error, exit status=5 (killed by signal)
stress-ng: error: [512545] process 512639 (stress-ng-cpu) terminated with an error, exit status=5 (killed by signal)
stress-ng: error: [512545] process 512640 (stress-ng-cpu) terminated with an error, exit status=5 (killed by signal)
stress-ng: error: [512545] process 512641 (stress-ng-cpu) terminated with an error, exit status=5 (killed by signal)
stress-ng: error: [512545] process 512642 (stress-ng-cpu) terminated with an error, exit status=5 (killed by signal)
stress-ng: error: [512545] process 512643 (stress-ng-cpu) terminated with an error, exit status=5 (killed by signal)
stress-ng: error: [512545] process 512644 (stress-ng-cpu) terminated with an error, exit status=5 (killed by signal)
stress-ng: error: [512545] process 512645 (stress-ng-cpu) terminated with an error, exit status=5 (killed by signal)
stress-ng: error: [512545] process 512646 (stress-ng-cpu) terminated with an error, exit status=5 (killed by signal)
stress-ng: error: [512545] process 512647 (stress-ng-cpu) terminated with an error, exit status=5 (killed by signal)
stress-ng: error: [512545] process 512648 (stress-ng-cpu) terminated with an error, exit status=5 (killed by signal)
stress-ng: error: [512545] process 512649 (stress-ng-cpu) terminated with an error, exit status=5 (killed by signal)
stress-ng: error: [512545] process 512650 (stress-ng-cpu) terminated with an error, exit status=5 (killed by signal)
stress-ng: error: [512545] process 512651 (stress-ng-cpu) terminated with an error, exit status=5 (killed by signal)
stress-ng: error: [512545] process 512652 (stress-ng-cpu) terminated with an error, exit status=5 (killed by signal)
stress-ng: error: [512545] process 512653 (stress-ng-cpu) terminated with an error, exit status=5 (killed by signal)
stress-ng: error: [512545] process 512654 (stress-ng-cpu) terminated with an error, exit status=5 (killed by signal)
stress-ng: error: [512545] process 512655 (stress-ng-cpu) terminated with an error, exit status=5 (killed by signal)
stress-ng: error: [512545] process 512656 (stress-ng-cpu) terminated with an error, exit status=5 (killed by signal)
stress-ng: error: [512545] process 512657 (stress-ng-cpu) terminated with an error, exit status=5 (killed by signal)
stress-ng: error: [512545] process 512658 (stress-ng-cpu) terminated with an error, exit status=5 (killed by signal)
stress-ng: error: [512545] process 512659 (stress-ng-cpu) terminated with an error, exit status=5 (killed by signal)
stress-ng: error: [512545] process 512660 (stress-ng-cpu) terminated with an error, exit status=5 (killed by signal)
stress-ng: error: [512545] process 512661 (stress-ng-cpu) terminated with an error, exit status=5 (killed by signal)
stress-ng: error: [512545] process 512662 (stress-ng-cpu) terminated with an error, exit status=5 (killed by signal)
stress-ng: error: [512545] process 512663 (stress-ng-cpu) terminated with an error, exit status=5 (killed by signal)
stress-ng: error: [512545] process 512664 (stress-ng-cpu) terminated with an error, exit status=5 (killed by signal)
stress-ng: error: [512545] process 512665 (stress-ng-cpu) terminated with an error, exit status=5 (killed by signal)
stress-ng: error: [512545] process 512666 (stress-ng-cpu) terminated with an error, exit status=5 (killed by signal)
stress-ng: error: [512545] process 512667 (stress-ng-cpu) terminated with an error, exit status=5 (killed by signal)
stress-ng: error: [512545] process 512668 (stress-ng-cpu) terminated with an error, exit status=5 (killed by signal)
stress-ng: error: [512545] process 512669 (stress-ng-cpu) terminated with an error, exit status=5 (killed by signal)
stress-ng: error: [512545] process 512670 (stress-ng-cpu) terminated with an error, exit status=5 (killed by signal)
stress-ng: error: [512545] process 512671 (stress-ng-cpu) terminated with an error, exit status=5 (killed by signal)
stress-ng: error: [512545] process 512672 (stress-ng-cpu) terminated with an error, exit status=5 (killed by signal)
stress-ng: error: [512545] process 512673 (stress-ng-cpu) terminated with an error, exit status=5 (killed by signal)
stress-ng: error: [512545] process 512674 (stress-ng-cpu) terminated with an error, exit status=5 (killed by signal)
stress-ng: error: [512545] process 512675 (stress-ng-cpu) terminated with an error, exit status=5 (killed by signal)
stress-ng: error: [512545] process 512676 (stress-ng-cpu) terminated with an error, exit status=5 (killed by signal)
stress-ng: error: [512545] process 512677 (stress-ng-cpu) terminated with an error, exit status=5 (killed by signal)
stress-ng: info:  [512545] unsuccessful run completed in 34.74s
SIDECAR_STOP ts=1785025278 held_s=29
