WARN: probing-test scripts/fail-slow not found; export FS_SHARED_SCRIPTS=/path/to/probing-test/scripts/fail-slow
[fs-ascend] FS_HUAWEI_ROOT=/Users/yinjinrun/Codespace/myportal/project/probing-huawei
[fs-ascend] FS_SHARED_SCRIPTS=<unset>
[fs-ascend] LOCAL_RESULT_ROOT_BASE=/Users/yinjinrun/Codespace/myportal/project/probing-huawei/results/ascend-ais
[fs-ascend] POD_RESULTS=/afs-a3-weight-share/yinjinrun.p-huawei/results/ascend-ais  AFS_HOME=/afs-a3-weight-share/yinjinrun.p-huawei
[fs-ascend] KUBECONFIG=/Users/yinjinrun/.kube/config-vc-a3-241ceshi-songyiyang.yaml
[fs-ascend] JUMP=ais-cf3e61a5 KUBECTL=/root/.cache/volcano/kubectl/kubectl
[fs-ascend] FS_RUN_MODE=hold-exec HOLD=yysong PREFIX=yjr-as
[fs-ascend] note: myportal NOT required; override LOCAL_RESULT_ROOT_BASE / FS_SHARED_SCRIPTS as needed
[3a] PARENT=20260727_012730-3a-p3-sw-a-loud rates=[0.001 0.05 0.5 1.0] resident=0 SET_AT=100
[3a] out=/Users/yinjinrun/Codespace/myportal/results/ascend-ais/param_calib/3A_upgrade_rate/20260727_012730-3a-p3-sw-a-loud
/root/.bashrc: line 14: /usr/local/Ascend/driver/bin/setenv.bash: No such file or directory
IDLE
[3a] >>> upgrade_rate=0.001
[fs-ascend] FS_HUAWEI_ROOT=/Users/yinjinrun/Codespace/myportal/project/probing-huawei
[fs-ascend] FS_SHARED_SCRIPTS=/Users/yinjinrun/Codespace/myportal/project/probing-test/scripts/fail-slow
[fs-ascend] LOCAL_RESULT_ROOT_BASE=/Users/yinjinrun/Codespace/myportal/results/ascend-ais
[fs-ascend] POD_RESULTS=/afs-a3-weight-share/yinjinrun.p-huawei/results/ascend-ais  AFS_HOME=/afs-a3-weight-share/yinjinrun.p-huawei
[fs-ascend] KUBECONFIG=/Users/yinjinrun/.kube/config-vc-a3-241ceshi-songyiyang.yaml
[fs-ascend] JUMP=ais-cf3e61a5 KUBECTL=/root/.cache/volcano/kubectl/kubectl
[fs-ascend] FS_RUN_MODE=hold-exec HOLD=yysong PREFIX=yjr-as
[fs-ascend] note: myportal NOT required; override LOCAL_RESULT_ROOT_BASE / FS_SHARED_SCRIPTS as needed
[pillar-c] ARM=e3a_upgrade DIR=upgrade_rate_0.001 RUN=20260727_012730-3a-p3-sw-a-loud-upgrade_rate_0.001 POD=grj-megatron-32card-0716-worker-0 CASE=P3-SW-A inject=8a out=param_calib/3A_upgrade_rate
[pillar-c] knobs: SAMPLE_MS=500 TORCH=on,rate=0 SET_UP=1 SET_AT=100 ATTACH_AT=n/a COLD_MAX=inf
[pillar-c] dose: inline_8a every=1 stall_s=0.25
[fs-ascend] FS_HUAWEI_ROOT=/Users/yinjinrun/Codespace/myportal/project/probing-huawei
[fs-ascend] FS_SHARED_SCRIPTS=/Users/yinjinrun/Codespace/myportal/project/probing-test/scripts/fail-slow
[fs-ascend] LOCAL_RESULT_ROOT_BASE=/Users/yinjinrun/Codespace/myportal/results/ascend-ais
[fs-ascend] POD_RESULTS=/afs-a3-weight-share/yinjinrun.p-huawei/results/ascend-ais  AFS_HOME=/afs-a3-weight-share/yinjinrun.p-huawei
[fs-ascend] KUBECONFIG=/Users/yinjinrun/.kube/config-vc-a3-241ceshi-songyiyang.yaml
[fs-ascend] JUMP=ais-cf3e61a5 KUBECTL=/root/.cache/volcano/kubectl/kubectl
[fs-ascend] FS_RUN_MODE=hold-exec HOLD=yysong PREFIX=yjr-as
[fs-ascend] note: myportal NOT required; override LOCAL_RESULT_ROOT_BASE / FS_SHARED_SCRIPTS as needed
[hold-exec] RUN_ID=20260727_012730-3a-p3-sw-a-loud-upgrade_rate_0.001 POD=grj-megatron-32card-0716-worker-0 CASE=P3-SW-A configs=C2_probing
[hold-exec] sync train → /afs-a3-241ceshi-shared/yinjinrun.p-huawei/probe-bundle/train_bench_probe_npu.py
Warning: Permanently added '[127.0.0.1]:2223' (ED25519) to the list of known hosts.
/root/.bashrc: line 14: /usr/local/Ascend/driver/bin/setenv.bash: No such file or directory
Warning: Permanently added '[127.0.0.1]:2223' (ED25519) to the list of known hosts.
/root/.bashrc: line 14: /usr/local/Ascend/driver/bin/setenv.bash: No such file or directory
tar: Ignoring unknown extended header keyword 'LIBARCHIVE.xattr.com.apple.provenance'
[hold-exec] jsync train_bench_probe_npu.py -> /afs-a3-241ceshi-shared/yinjinrun.p-huawei/probe-bundle/train_bench_probe_npu.py rc=0
[hold-exec] sync sidecar → /afs-a3-241ceshi-shared/yinjinrun.p-huawei/probe-bundle/sidecar_inject_npu.py
Warning: Permanently added '[127.0.0.1]:2223' (ED25519) to the list of known hosts.
/root/.bashrc: line 14: /usr/local/Ascend/driver/bin/setenv.bash: No such file or directory
tar: Ignoring unknown extended header keyword 'LIBARCHIVE.xattr.com.apple.provenance'
[hold-exec] jsync sidecar_inject_npu.py -> /afs-a3-241ceshi-shared/yinjinrun.p-huawei/probe-bundle/sidecar_inject_npu.py rc=0
[hold-exec] sync 8c sidecar → /afs-a3-241ceshi-shared/yinjinrun.p-huawei/probe-bundle/sidecar_inject_8c.py
Warning: Permanently added '[127.0.0.1]:2223' (ED25519) to the list of known hosts.
/root/.bashrc: line 14: /usr/local/Ascend/driver/bin/setenv.bash: No such file or directory
tar: Ignoring unknown extended header keyword 'LIBARCHIVE.xattr.com.apple.provenance'
[hold-exec] jsync sidecar_inject_8c.py -> /afs-a3-241ceshi-shared/yinjinrun.p-huawei/probe-bundle/sidecar_inject_8c.py rc=0
Warning: Permanently added '[127.0.0.1]:2223' (ED25519) to the list of known hosts.
