io_stress: (g=0): rw=randrw, bs=(R) 4096B-4096B, (W) 4096B-4096B, (T) 4096B-4096B, ioengine=psync, iodepth=16
...
fio-3.29
Starting 4 processes

fio: terminating on signal 15

fio: terminating on signal 15

fio: terminating on signal 15

fio: terminating on signal 15

fio: terminating on signal 15

io_stress: (groupid=0, jobs=4): err= 0: pid=677735: Sun Jul 26 16:05:02 2026
  read: IOPS=4968, BW=19.4MiB/s (20.4MB/s)(748MiB/38560msec)
    clat (usec): min=252, max=42462, avg=798.05, stdev=525.03
     lat (usec): min=252, max=42462, avg=798.15, stdev=525.01
    clat percentiles (usec):
     |  1.00th=[  359],  5.00th=[  449], 10.00th=[  469], 20.00th=[  498],
     | 30.00th=[  523], 40.00th=[  562], 50.00th=[  758], 60.00th=[  799],
     | 70.00th=[  848], 80.00th=[  914], 90.00th=[ 1237], 95.00th=[ 1647],
     | 99.00th=[ 2343], 99.50th=[ 3064], 99.90th=[ 6325], 99.95th=[ 7504],
     | 99.99th=[13698]
   bw (  KiB/s): min=17112, max=22248, per=100.00%, avg=19879.53, stdev=261.57, samples=308
   iops        : min= 4278, max= 5562, avg=4969.87, stdev=65.39, samples=308
  write: IOPS=4968, BW=19.4MiB/s (20.3MB/s)(748MiB/38560msec); 0 zone resets
    clat (nsec): min=1270, max=250520, avg=4515.18, stdev=2550.19
     lat (nsec): min=1320, max=270340, avg=4709.73, stdev=2729.60
    clat percentiles (nsec):
     |  1.00th=[ 1496],  5.00th=[ 1656], 10.00th=[ 1784], 20.00th=[ 2096],
     | 30.00th=[ 2864], 40.00th=[ 3376], 50.00th=[ 4320], 60.00th=[ 5280],
     | 70.00th=[ 5920], 80.00th=[ 6496], 90.00th=[ 7328], 95.00th=[ 8096],
     | 99.00th=[10176], 99.50th=[11200], 99.90th=[17536], 99.95th=[25984],
     | 99.99th=[57088]
   bw (  KiB/s): min=16584, max=23528, per=100.00%, avg=19878.30, stdev=376.04, samples=308
   iops        : min= 4146, max= 5882, avg=4969.56, stdev=94.00, samples=308
  lat (usec)   : 2=8.55%, 4=15.13%, 10=25.75%, 20=0.52%, 50=0.03%
  lat (usec)   : 100=0.01%, 250=0.01%, 500=10.94%, 750=13.73%, 1000=18.30%
  lat (msec)   : 2=6.10%, 4=0.82%, 10=0.12%, 20=0.01%, 50=0.01%
  cpu          : usr=0.40%, sys=16.11%, ctx=403054, majf=0, minf=351
  IO depths    : 1=100.0%, 2=0.0%, 4=0.0%, 8=0.0%, 16=0.0%, 32=0.0%, >=64=0.0%
     submit    : 0=0.0%, 4=100.0%, 8=0.0%, 16=0.0%, 32=0.0%, 64=0.0%, >=64=0.0%
     complete  : 0=0.0%, 4=100.0%, 8=0.0%, 16=0.0%, 32=0.0%, 64=0.0%, >=64=0.0%
     issued rwts: total=191600,191575,0,0 short=0,0,0,0 dropped=0,0,0,0
     latency   : target=0, window=0, percentile=100.00%, depth=16

Run status group 0 (all jobs):
   READ: bw=19.4MiB/s (20.4MB/s), 19.4MiB/s-19.4MiB/s (20.4MB/s-20.4MB/s), io=748MiB (785MB), run=38560-38560msec
  WRITE: bw=19.4MiB/s (20.3MB/s), 19.4MiB/s-19.4MiB/s (20.3MB/s-20.3MB/s), io=748MiB (785MB), run=38560-38560msec
SIDECAR_STOP ts=1785053104 held_s=38
