MASTER_ADDR=127.0.0.1 NPROC=16 RUN=contrast-p3-ext-b-masked-20260726_160000 dose=masked pod=yysong-worker-2 IO_ENGINE=fio fio_nj=4 ckpt_every=50
========== C0_baseline port=30372 inject=0 fio_nj=4 ckpt_every=50 dose=masked ==========
  warmup ok (31s)
  waiting… t=30s prom=16 ranks=16
  waiting… t=60s prom=16 ranks=16
  waiting… t=90s prom=16 ranks=16
  done (105s) prom=16
========== C1_inject_none port=30373 inject=1 fio_nj=4 ckpt_every=50 dose=masked ==========
  warmup ok (30s)
  measure step 100 (19s) — start stress_io
SC=677729
  stress_io START ok (0s)
  measure step 300 → stop io (38s)
  waiting… t=30s prom=16 ranks=16
  done (45s) prom=16
# XPUTimer contrast · P3-EXT-B masked

- case_id: `P3-EXT-B`
- case_ref: `20260726_154204`
- dose: `masked` — stress_io fio_nj=4,iodepth=16,bs=4k,size=1G,ckpt_every=50,io_read_kb=256; window [100,300]; gold≈1.078; io_engine=fio
- detect_mode: **cross_run_contrast** （自主=prom hang/slow flags；跨-run=C1/C0 中位比≥1.05，需外部健康基线 C0）
- metric: jsonl `dur_us` of `HcclAllReduce` (host-wall around Hccl*)

## A) XPUTimer 自主信号（.prom hang/slow flags；无需外部基线）

| arm | coll_events | hang_flags | slow_flags |
|-----|-----------:|-----------:|-----------:|
| C0  | 81906 | 0 | 0 |
| C1  | 81906 | 0 | 0 |

**autonomous_flag (C1 hang+slow>0) = False** （SLOW_REPORT_US=0 关、HANG_TIMEOUT_MS=60000；未开 oracle INJECT_STALL）

## B) cross-run 中位对照（需外部健康基线 C0，非自主）

| arm | n | median dur_us | ≥1.5×C0med（噪声诊断，非判据） |
|-----|--:|-------------:|------------------------------:|
| C0  | 70336 | 131.0 | 10938 |
| C1  | 70336 | 134.0 | 12033 |

**C1/C0 coll ratio = 1.023** → FAIL (thr 1.05)

> ⚠️ `≥1.5×C0med` 计数仅作噪声诊断：C0 健康线自身就有 10938 个，说明该线在集合通信 host-wall 上可能大面积误报，**不作判据**。

## C) dose_check（step_ms 窗内中位；非 XPUTimer 规则）

- window: [100, 300)
- C0 median step_ms: 156.627 (n=3200)
- C1 median step_ms: 174.264 (n=3200)
- C1/C0 step_ms = 1.113 → PASS (thr 1.05)

## Verdict

- **autonomous_detect**: NO (XPUTimer 自己的 hang/slow flags)
- **cross_run_contrast**: FAIL (C1/C0=1.023；需外部基线)
- **dose_check**: PASS (step_ms C1/C0=1.113)
- **detect_ok**: false (autonomous OR cross_run；dose_check 单独记)
- **detect_mode**: `cross_run_contrast`

Note: 如实记能力边界；无咬合也是 DONE。不改对手阈值、不覆盖 Probing 分。

CONTRAST_DONE RUN=contrast-p3-ext-b-masked-20260726_160000 DUMP=/afs-a3-weight-share/yinjinrun.p-huawei/results/ascend-ais/baseline/xputimer/contrast-p3-ext-b-masked-20260726_160000 verdict_rc=2
