SC=524381
SIDECAR_START stress_cpu cpu_n=128 cpu_load=70 ts=1785031312
stress-ng: info:  [524381] setting to a 900 second (15 mins, 0.00 secs) run per stressor
stress-ng: info:  [524381] dispatching hogs: 128 cpu
stress-ng: info:  [524386] stress-ng-cpu: CPU affinity probably set, this can affect CPU loading
stress-ng: error: [524381] process 524386 (stress-ng-cpu) terminated with an error, exit status=5 (killed by signal)
stress-ng: error: [524381] process 524387 (stress-ng-cpu) terminated with an error, exit status=5 (killed by signal)
stress-ng: error: [524381] process 524388 (stress-ng-cpu) terminated with an error, exit status=5 (killed by signal)
stress-ng: error: [524381] process 524389 (stress-ng-cpu) terminated with an error, exit status=5 (killed by signal)
stress-ng: error: [524381] process 524390 (stress-ng-cpu) terminated with an error, exit status=5 (killed by signal)
stress-ng: error: [524381] process 524391 (stress-ng-cpu) terminated with an error, exit status=5 (killed by signal)
stress-ng: error: [524381] process 524392 (stress-ng-cpu) terminated with an error, exit status=5 (killed by signal)
stress-ng: error: [524381] process 524393 (stress-ng-cpu) terminated with an error, exit status=5 (killed by signal)
stress-ng: error: [524381] process 524394 (stress-ng-cpu) terminated with an error, exit status=5 (killed by signal)
stress-ng: error: [524381] process 524395 (stress-ng-cpu) terminated with an error, exit status=5 (killed by signal)
stress-ng: error: [524381] process 524396 (stress-ng-cpu) terminated with an error, exit status=5 (killed by signal)
stress-ng: error: [524381] process 524397 (stress-ng-cpu) terminated with an error, exit status=5 (killed by signal)
stress-ng: error: [524381] process 524398 (stress-ng-cpu) terminated with an error, exit status=5 (killed by signal)
stress-ng: error: [524381] process 524399 (stress-ng-cpu) terminated with an error, exit status=5 (killed by signal)
stress-ng: error: [524381] process 524400 (stress-ng-cpu) terminated with an error, exit status=5 (killed by signal)
stress-ng: error: [524381] process 524401 (stress-ng-cpu) terminated with an error, exit status=5 (killed by signal)
stress-ng: error: [524381] process 524402 (stress-ng-cpu) terminated with an error, exit status=5 (killed by signal)
stress-ng: error: [524381] process 524403 (stress-ng-cpu) terminated with an error, exit status=5 (killed by signal)
stress-ng: error: [524381] process 524404 (stress-ng-cpu) terminated with an error, exit status=5 (killed by signal)
stress-ng: error: [524381] process 524405 (stress-ng-cpu) terminated with an error, exit status=5 (killed by signal)
stress-ng: error: [524381] process 524406 (stress-ng-cpu) terminated with an error, exit status=5 (killed by signal)
stress-ng: error: [524381] process 524407 (stress-ng-cpu) terminated with an error, exit status=5 (killed by signal)
stress-ng: error: [524381] process 524408 (stress-ng-cpu) terminated with an error, exit status=5 (killed by signal)
stress-ng: error: [524381] process 524409 (stress-ng-cpu) terminated with an error, exit status=5 (killed by signal)
stress-ng: error: [524381] process 524410 (stress-ng-cpu) terminated with an error, exit status=5 (killed by signal)
stress-ng: error: [524381] process 524411 (stress-ng-cpu) terminated with an error, exit status=5 (killed by signal)
stress-ng: error: [524381] process 524412 (stress-ng-cpu) terminated with an error, exit status=5 (killed by signal)
stress-ng: error: [524381] process 524413 (stress-ng-cpu) terminated with an error, exit status=5 (killed by signal)
stress-ng: error: [524381] process 524414 (stress-ng-cpu) terminated with an error, exit status=5 (killed by signal)
stress-ng: error: [524381] process 524415 (stress-ng-cpu) terminated with an error, exit status=5 (killed by signal)
stress-ng: error: [524381] process 524416 (stress-ng-cpu) terminated with an error, exit status=5 (killed by signal)
stress-ng: error: [524381] process 524417 (stress-ng-cpu) terminated with an error, exit status=5 (killed by signal)
stress-ng: error: [524381] process 524418 (stress-ng-cpu) terminated with an error, exit status=5 (killed by signal)
stress-ng: error: [524381] process 524419 (stress-ng-cpu) terminated with an error, exit status=5 (killed by signal)
stress-ng: error: [524381] process 524420 (stress-ng-cpu) terminated with an error, exit status=5 (killed by signal)
stress-ng: error: [524381] process 524421 (stress-ng-cpu) terminated with an error, exit status=5 (killed by signal)
stress-ng: error: [524381] process 524422 (stress-ng-cpu) terminated with an error, exit status=5 (killed by signal)
stress-ng: error: [524381] process 524423 (stress-ng-cpu) terminated with an error, exit status=5 (killed by signal)
stress-ng: error: [524381] process 524424 (stress-ng-cpu) terminated with an error, exit status=5 (killed by signal)
stress-ng: error: [524381] process 524425 (stress-ng-cpu) terminated with an error, exit status=5 (killed by signal)
stress-ng: error: [524381] process 524426 (stress-ng-cpu) terminated with an error, exit status=5 (killed by signal)
stress-ng: error: [524381] process 524427 (stress-ng-cpu) terminated with an error, exit status=5 (killed by signal)
stress-ng: error: [524381] process 524428 (stress-ng-cpu) terminated with an error, exit status=5 (killed by signal)
stress-ng: error: [524381] process 524429 (stress-ng-cpu) terminated with an error, exit status=5 (killed by signal)
stress-ng: error: [524381] process 524430 (stress-ng-cpu) terminated with an error, exit status=5 (killed by signal)
stress-ng: error: [524381] process 524431 (stress-ng-cpu) terminated with an error, exit status=5 (killed by signal)
stress-ng: error: [524381] process 524432 (stress-ng-cpu) terminated with an error, exit status=5 (killed by signal)
stress-ng: error: [524381] process 524433 (stress-ng-cpu) terminated with an error, exit status=5 (killed by signal)
stress-ng: error: [524381] process 524434 (stress-ng-cpu) terminated with an error, exit status=5 (killed by signal)
stress-ng: error: [524381] process 524435 (stress-ng-cpu) terminated with an error, exit status=5 (killed by signal)
stress-ng: error: [524381] process 524436 (stress-ng-cpu) terminated with an error, exit status=5 (killed by signal)
stress-ng: error: [524381] process 524437 (stress-ng-cpu) terminated with an error, exit status=5 (killed by signal)
stress-ng: error: [524381] process 524438 (stress-ng-cpu) terminated with an error, exit status=5 (killed by signal)
stress-ng: error: [524381] process 524439 (stress-ng-cpu) terminated with an error, exit status=5 (killed by signal)
stress-ng: error: [524381] process 524440 (stress-ng-cpu) terminated with an error, exit status=5 (killed by signal)
stress-ng: error: [524381] process 524441 (stress-ng-cpu) terminated with an error, exit status=5 (killed by signal)
stress-ng: error: [524381] process 524442 (stress-ng-cpu) terminated with an error, exit status=5 (killed by signal)
stress-ng: error: [524381] process 524443 (stress-ng-cpu) terminated with an error, exit status=5 (killed by signal)
stress-ng: error: [524381] process 524444 (stress-ng-cpu) terminated with an error, exit status=5 (killed by signal)
stress-ng: error: [524381] process 524445 (stress-ng-cpu) terminated with an error, exit status=5 (killed by signal)
stress-ng: error: [524381] process 524446 (stress-ng-cpu) terminated with an error, exit status=5 (killed by signal)
stress-ng: error: [524381] process 524447 (stress-ng-cpu) terminated with an error, exit status=5 (killed by signal)
stress-ng: error: [524381] process 524448 (stress-ng-cpu) terminated with an error, exit status=5 (killed by signal)
stress-ng: error: [524381] process 524449 (stress-ng-cpu) terminated with an error, exit status=5 (killed by signal)
stress-ng: error: [524381] process 524450 (stress-ng-cpu) terminated with an error, exit status=5 (killed by signal)
stress-ng: error: [524381] process 524451 (stress-ng-cpu) terminated with an error, exit status=5 (killed by signal)
stress-ng: error: [524381] process 524452 (stress-ng-cpu) terminated with an error, exit status=5 (killed by signal)
stress-ng: error: [524381] process 524453 (stress-ng-cpu) terminated with an error, exit status=5 (killed by signal)
stress-ng: error: [524381] process 524454 (stress-ng-cpu) terminated with an error, exit status=5 (killed by signal)
stress-ng: error: [524381] process 524455 (stress-ng-cpu) terminated with an error, exit status=5 (killed by signal)
stress-ng: error: [524381] process 524456 (stress-ng-cpu) terminated with an error, exit status=5 (killed by signal)
stress-ng: error: [524381] process 524457 (stress-ng-cpu) terminated with an error, exit status=5 (killed by signal)
stress-ng: error: [524381] process 524458 (stress-ng-cpu) terminated with an error, exit status=5 (killed by signal)
stress-ng: error: [524381] process 524459 (stress-ng-cpu) terminated with an error, exit status=5 (killed by signal)
stress-ng: error: [524381] process 524460 (stress-ng-cpu) terminated with an error, exit status=5 (killed by signal)
stress-ng: error: [524381] process 524461 (stress-ng-cpu) terminated with an error, exit status=5 (killed by signal)
stress-ng: error: [524381] process 524462 (stress-ng-cpu) terminated with an error, exit status=5 (killed by signal)
stress-ng: error: [524381] process 524463 (stress-ng-cpu) terminated with an error, exit status=5 (killed by signal)
stress-ng: error: [524381] process 524464 (stress-ng-cpu) terminated with an error, exit status=5 (killed by signal)
stress-ng: error: [524381] process 524465 (stress-ng-cpu) terminated with an error, exit status=5 (killed by signal)
stress-ng: error: [524381] process 524466 (stress-ng-cpu) terminated with an error, exit status=5 (killed by signal)
stress-ng: error: [524381] process 524467 (stress-ng-cpu) terminated with an error, exit status=5 (killed by signal)
stress-ng: error: [524381] process 524468 (stress-ng-cpu) terminated with an error, exit status=5 (killed by signal)
stress-ng: error: [524381] process 524469 (stress-ng-cpu) terminated with an error, exit status=5 (killed by signal)
stress-ng: error: [524381] process 524470 (stress-ng-cpu) terminated with an error, exit status=5 (killed by signal)
stress-ng: error: [524381] process 524471 (stress-ng-cpu) terminated with an error, exit status=5 (killed by signal)
stress-ng: error: [524381] process 524472 (stress-ng-cpu) terminated with an error, exit status=5 (killed by signal)
stress-ng: error: [524381] process 524473 (stress-ng-cpu) terminated with an error, exit status=5 (killed by signal)
stress-ng: error: [524381] process 524474 (stress-ng-cpu) terminated with an error, exit status=5 (killed by signal)
stress-ng: error: [524381] process 524475 (stress-ng-cpu) terminated with an error, exit status=5 (killed by signal)
stress-ng: error: [524381] process 524476 (stress-ng-cpu) terminated with an error, exit status=5 (killed by signal)
stress-ng: error: [524381] process 524477 (stress-ng-cpu) terminated with an error, exit status=5 (killed by signal)
stress-ng: error: [524381] process 524478 (stress-ng-cpu) terminated with an error, exit status=5 (killed by signal)
stress-ng: error: [524381] process 524479 (stress-ng-cpu) terminated with an error, exit status=5 (killed by signal)
stress-ng: error: [524381] process 524480 (stress-ng-cpu) terminated with an error, exit status=5 (killed by signal)
stress-ng: error: [524381] process 524481 (stress-ng-cpu) terminated with an error, exit status=5 (killed by signal)
stress-ng: error: [524381] process 524482 (stress-ng-cpu) terminated with an error, exit status=5 (killed by signal)
stress-ng: error: [524381] process 524483 (stress-ng-cpu) terminated with an error, exit status=5 (killed by signal)
stress-ng: error: [524381] process 524484 (stress-ng-cpu) terminated with an error, exit status=5 (killed by signal)
stress-ng: error: [524381] process 524485 (stress-ng-cpu) terminated with an error, exit status=5 (killed by signal)
stress-ng: error: [524381] process 524486 (stress-ng-cpu) terminated with an error, exit status=5 (killed by signal)
stress-ng: error: [524381] process 524487 (stress-ng-cpu) terminated with an error, exit status=5 (killed by signal)
stress-ng: error: [524381] process 524488 (stress-ng-cpu) terminated with an error, exit status=5 (killed by signal)
stress-ng: error: [524381] process 524489 (stress-ng-cpu) terminated with an error, exit status=5 (killed by signal)
stress-ng: error: [524381] process 524490 (stress-ng-cpu) terminated with an error, exit status=5 (killed by signal)
stress-ng: error: [524381] process 524491 (stress-ng-cpu) terminated with an error, exit status=5 (killed by signal)
stress-ng: error: [524381] process 524492 (stress-ng-cpu) terminated with an error, exit status=5 (killed by signal)
stress-ng: error: [524381] process 524493 (stress-ng-cpu) terminated with an error, exit status=5 (killed by signal)
stress-ng: error: [524381] process 524494 (stress-ng-cpu) terminated with an error, exit status=5 (killed by signal)
stress-ng: error: [524381] process 524495 (stress-ng-cpu) terminated with an error, exit status=5 (killed by signal)
stress-ng: error: [524381] process 524496 (stress-ng-cpu) terminated with an error, exit status=5 (killed by signal)
stress-ng: error: [524381] process 524497 (stress-ng-cpu) terminated with an error, exit status=5 (killed by signal)
stress-ng: error: [524381] process 524498 (stress-ng-cpu) terminated with an error, exit status=5 (killed by signal)
stress-ng: error: [524381] process 524499 (stress-ng-cpu) terminated with an error, exit status=5 (killed by signal)
stress-ng: error: [524381] process 524500 (stress-ng-cpu) terminated with an error, exit status=5 (killed by signal)
stress-ng: error: [524381] process 524501 (stress-ng-cpu) terminated with an error, exit status=5 (killed by signal)
stress-ng: error: [524381] process 524502 (stress-ng-cpu) terminated with an error, exit status=5 (killed by signal)
stress-ng: error: [524381] process 524503 (stress-ng-cpu) terminated with an error, exit status=5 (killed by signal)
stress-ng: error: [524381] process 524504 (stress-ng-cpu) terminated with an error, exit status=5 (killed by signal)
stress-ng: error: [524381] process 524505 (stress-ng-cpu) terminated with an error, exit status=5 (killed by signal)
stress-ng: error: [524381] process 524506 (stress-ng-cpu) terminated with an error, exit status=5 (killed by signal)
stress-ng: error: [524381] process 524507 (stress-ng-cpu) terminated with an error, exit status=5 (killed by signal)
stress-ng: error: [524381] process 524508 (stress-ng-cpu) terminated with an error, exit status=5 (killed by signal)
stress-ng: error: [524381] process 524509 (stress-ng-cpu) terminated with an error, exit status=5 (killed by signal)
stress-ng: error: [524381] process 524510 (stress-ng-cpu) terminated with an error, exit status=5 (killed by signal)
stress-ng: error: [524381] process 524511 (stress-ng-cpu) terminated with an error, exit status=5 (killed by signal)
stress-ng: error: [524381] process 524512 (stress-ng-cpu) terminated with an error, exit status=5 (killed by signal)
stress-ng: error: [524381] process 524513 (stress-ng-cpu) terminated with an error, exit status=5 (killed by signal)
stress-ng: info:  [524381] unsuccessful run completed in 35.74s
SIDECAR_STOP ts=1785031349 held_s=30
