MASTER_ADDR=127.0.0.1 NPROC=16 RUN=contrast-p3-ext-a-quiet-20260726_080959 dose=quiet pod=yysong-worker-2 cpu_n=128 cpu_load=70
========== C0_baseline port=30390 inject=0 stress_cpu cpu_n=128 cpu_load=70 ==========
  warmup ok (30s)
  waiting… t=30s dump=29936
  waiting… t=60s dump=52969
  waiting… t=90s dump=70416
  done (95s) dump_lines=70416
========== C1_inject_none port=30391 inject=1 stress_cpu cpu_n=128 cpu_load=70 ==========
  warmup ok (29s)
  measure step 100 (17s) → start stress-ng
SC=501592
  measure step 300 → stop stress (29s)
  waiting… t=30s dump=68336
  done (45s) dump_lines=70416
# Greyhound Contrast · P3-EXT-A quiet

- run_id: `contrast-p3-ext-a-quiet-20260726_080959`
- case_ref: `20260726_075912-yjr-as-c-p3-ext-a-quiet`
- dose_label: `quiet`；dose: stress_cpu cpu_n=128 cpu_load=70 victim=7; window [100,300]; gold≈1.256；窗对齐 Case [100,300]
- fairness: `collect_seq` 真实 per-rank 序列 + C0 假阳性对照
- detect_ok: **no**；detect_mode: **no_bite**（自主= coll 比≥1.15 或 Rbeast 变点[C1有/C0无]）
- oracle_trigger: **no**（未把注入窗写入判定）；注入窗 [100,300] 仅标注；step_ms 窗比=0.766（剂量核对，非 Greyhound 规则）
- preload: cyclecounter stub + libhcclprobe.so；Redis :16379；pod=`yysong-worker-2`

## A) autonomous · collect-min AllReduce host-wall

| arm | n | median dur_us |
|-----|--:|-------------:|
| C0  | 70336 | 130.9 |
| C1  | 70336 | 122.1 |

**C1/C0 coll ratio = 0.933** → FAIL (thr 1.15)

## B) autonomous · Greyhound Rbeast（真实 per-rank 序列；C0 假阳性对照）

> call_id 用真实 (op,count) 签名序列、call_time 用真实 t0（`collect_seq`），跑 Greyhound 自带 find_period+find_performance_drop。健康线 C0 同跑作对照。

| arm | rep_rank | n_calls | uniq_sig | acf_period | n_changepoints |
|-----|---------:|--------:|---------:|-----------:|---------------:|
| C0  | 492701 | 4401 | 10 | 8 | 0 |
| C1  | 497352 | 4401 | 10 | 8 | 0 |

- C1 changepoints: []
- C0 changepoints: []
- rbeast_hit (C1有/C0无): **False**
- error: C1=None C0=None

## C) dose check · step_ms in oracle window (not Greyhound rule)

| arm | window median step_ms |
|-----|----------------------:|
| C0  | 153.65 |
| C1  | 117.76 |
| C1/C0 | 0.766 → dose_WEAK |

## Verdict

- **autonomous_detect**: NO (coll_pass=False, rbeast_hit=False, rbeast_fp=False)
- **dose_reproduced**: NO/WEAK (step_ms)

Note: P3-EXT-A 注入下 Greyhound 主路径是 CCL 时间戳+变点。若 coll/Rbeast 无咬合而 step_ms 有抬升，记能力边界，不焊 D4。

CONTRAST_DONE RUN=contrast-p3-ext-a-quiet-20260726_080959 DUMP=/afs-a3-weight-share/yinjinrun.p-huawei/results/ascend-ais/baseline/greyhound/contrast-p3-ext-a-quiet-20260726_080959
