stress-ng: info:  [2965545] setting to a 900 second (15 mins, 0.00 secs) run per stressor
stress-ng: info:  [2965545] dispatching hogs: 128 cpu
stress-ng: info:  [2965557] stress-ng-cpu: CPU affinity probably set, this can affect CPU loading
stress-ng: error: [2965545] process 2965557 (stress-ng-cpu) terminated with an error, exit status=5 (killed by signal)
stress-ng: error: [2965545] process 2965558 (stress-ng-cpu) terminated with an error, exit status=5 (killed by signal)
stress-ng: error: [2965545] process 2965559 (stress-ng-cpu) terminated with an error, exit status=5 (killed by signal)
stress-ng: error: [2965545] process 2965560 (stress-ng-cpu) terminated with an error, exit status=5 (killed by signal)
stress-ng: error: [2965545] process 2965561 (stress-ng-cpu) terminated with an error, exit status=5 (killed by signal)
stress-ng: error: [2965545] process 2965562 (stress-ng-cpu) terminated with an error, exit status=5 (killed by signal)
stress-ng: error: [2965545] process 2965563 (stress-ng-cpu) terminated with an error, exit status=5 (killed by signal)
stress-ng: error: [2965545] process 2965564 (stress-ng-cpu) terminated with an error, exit status=5 (killed by signal)
stress-ng: error: [2965545] process 2965565 (stress-ng-cpu) terminated with an error, exit status=5 (killed by signal)
stress-ng: error: [2965545] process 2965566 (stress-ng-cpu) terminated with an error, exit status=5 (killed by signal)
stress-ng: error: [2965545] process 2965567 (stress-ng-cpu) terminated with an error, exit status=5 (killed by signal)
stress-ng: error: [2965545] process 2965568 (stress-ng-cpu) terminated with an error, exit status=5 (killed by signal)
stress-ng: error: [2965545] process 2965569 (stress-ng-cpu) terminated with an error, exit status=5 (killed by signal)
stress-ng: error: [2965545] process 2965570 (stress-ng-cpu) terminated with an error, exit status=5 (killed by signal)
stress-ng: error: [2965545] process 2965571 (stress-ng-cpu) terminated with an error, exit status=5 (killed by signal)
stress-ng: error: [2965545] process 2965572 (stress-ng-cpu) terminated with an error, exit status=5 (killed by signal)
stress-ng: error: [2965545] process 2965573 (stress-ng-cpu) terminated with an error, exit status=5 (killed by signal)
stress-ng: error: [2965545] process 2965574 (stress-ng-cpu) terminated with an error, exit status=5 (killed by signal)
stress-ng: error: [2965545] process 2965575 (stress-ng-cpu) terminated with an error, exit status=5 (killed by signal)
stress-ng: error: [2965545] process 2965576 (stress-ng-cpu) terminated with an error, exit status=5 (killed by signal)
stress-ng: error: [2965545] process 2965577 (stress-ng-cpu) terminated with an error, exit status=5 (killed by signal)
stress-ng: error: [2965545] process 2965578 (stress-ng-cpu) terminated with an error, exit status=5 (killed by signal)
stress-ng: error: [2965545] process 2965579 (stress-ng-cpu) terminated with an error, exit status=5 (killed by signal)
stress-ng: error: [2965545] process 2965580 (stress-ng-cpu) terminated with an error, exit status=5 (killed by signal)
stress-ng: error: [2965545] process 2965581 (stress-ng-cpu) terminated with an error, exit status=5 (killed by signal)
stress-ng: error: [2965545] process 2965582 (stress-ng-cpu) terminated with an error, exit status=5 (killed by signal)
stress-ng: error: [2965545] process 2965583 (stress-ng-cpu) terminated with an error, exit status=5 (killed by signal)
stress-ng: error: [2965545] process 2965584 (stress-ng-cpu) terminated with an error, exit status=5 (killed by signal)
stress-ng: error: [2965545] process 2965585 (stress-ng-cpu) terminated with an error, exit status=5 (killed by signal)
stress-ng: error: [2965545] process 2965586 (stress-ng-cpu) terminated with an error, exit status=5 (killed by signal)
stress-ng: error: [2965545] process 2965587 (stress-ng-cpu) terminated with an error, exit status=5 (killed by signal)
stress-ng: error: [2965545] process 2965588 (stress-ng-cpu) terminated with an error, exit status=5 (killed by signal)
stress-ng: error: [2965545] process 2965589 (stress-ng-cpu) terminated with an error, exit status=5 (killed by signal)
stress-ng: error: [2965545] process 2965590 (stress-ng-cpu) terminated with an error, exit status=5 (killed by signal)
stress-ng: error: [2965545] process 2965591 (stress-ng-cpu) terminated with an error, exit status=5 (killed by signal)
stress-ng: error: [2965545] process 2965592 (stress-ng-cpu) terminated with an error, exit status=5 (killed by signal)
stress-ng: error: [2965545] process 2965593 (stress-ng-cpu) terminated with an error, exit status=5 (killed by signal)
stress-ng: error: [2965545] process 2965594 (stress-ng-cpu) terminated with an error, exit status=5 (killed by signal)
stress-ng: error: [2965545] process 2965595 (stress-ng-cpu) terminated with an error, exit status=5 (killed by signal)
stress-ng: error: [2965545] process 2965596 (stress-ng-cpu) terminated with an error, exit status=5 (killed by signal)
stress-ng: error: [2965545] process 2965597 (stress-ng-cpu) terminated with an error, exit status=5 (killed by signal)
stress-ng: error: [2965545] process 2965598 (stress-ng-cpu) terminated with an error, exit status=5 (killed by signal)
stress-ng: error: [2965545] process 2965599 (stress-ng-cpu) terminated with an error, exit status=5 (killed by signal)
stress-ng: error: [2965545] process 2965600 (stress-ng-cpu) terminated with an error, exit status=5 (killed by signal)
stress-ng: error: [2965545] process 2965601 (stress-ng-cpu) terminated with an error, exit status=5 (killed by signal)
stress-ng: error: [2965545] process 2965602 (stress-ng-cpu) terminated with an error, exit status=5 (killed by signal)
stress-ng: error: [2965545] process 2965603 (stress-ng-cpu) terminated with an error, exit status=5 (killed by signal)
stress-ng: error: [2965545] process 2965604 (stress-ng-cpu) terminated with an error, exit status=5 (killed by signal)
stress-ng: error: [2965545] process 2965605 (stress-ng-cpu) terminated with an error, exit status=5 (killed by signal)
stress-ng: error: [2965545] process 2965606 (stress-ng-cpu) terminated with an error, exit status=5 (killed by signal)
stress-ng: error: [2965545] process 2965607 (stress-ng-cpu) terminated with an error, exit status=5 (killed by signal)
stress-ng: error: [2965545] process 2965608 (stress-ng-cpu) terminated with an error, exit status=5 (killed by signal)
stress-ng: error: [2965545] process 2965609 (stress-ng-cpu) terminated with an error, exit status=5 (killed by signal)
stress-ng: error: [2965545] process 2965610 (stress-ng-cpu) terminated with an error, exit status=5 (killed by signal)
stress-ng: error: [2965545] process 2965611 (stress-ng-cpu) terminated with an error, exit status=5 (killed by signal)
stress-ng: error: [2965545] process 2965612 (stress-ng-cpu) terminated with an error, exit status=5 (killed by signal)
stress-ng: error: [2965545] process 2965613 (stress-ng-cpu) terminated with an error, exit status=5 (killed by signal)
stress-ng: error: [2965545] process 2965614 (stress-ng-cpu) terminated with an error, exit status=5 (killed by signal)
stress-ng: error: [2965545] process 2965615 (stress-ng-cpu) terminated with an error, exit status=5 (killed by signal)
stress-ng: error: [2965545] process 2965616 (stress-ng-cpu) terminated with an error, exit status=5 (killed by signal)
stress-ng: error: [2965545] process 2965617 (stress-ng-cpu) terminated with an error, exit status=5 (killed by signal)
stress-ng: error: [2965545] process 2965618 (stress-ng-cpu) terminated with an error, exit status=5 (killed by signal)
stress-ng: error: [2965545] process 2965619 (stress-ng-cpu) terminated with an error, exit status=5 (killed by signal)
stress-ng: error: [2965545] process 2965620 (stress-ng-cpu) terminated with an error, exit status=5 (killed by signal)
stress-ng: error: [2965545] process 2965621 (stress-ng-cpu) terminated with an error, exit status=5 (killed by signal)
stress-ng: error: [2965545] process 2965622 (stress-ng-cpu) terminated with an error, exit status=5 (killed by signal)
stress-ng: error: [2965545] process 2965623 (stress-ng-cpu) terminated with an error, exit status=5 (killed by signal)
stress-ng: error: [2965545] process 2965624 (stress-ng-cpu) terminated with an error, exit status=5 (killed by signal)
stress-ng: error: [2965545] process 2965625 (stress-ng-cpu) terminated with an error, exit status=5 (killed by signal)
stress-ng: error: [2965545] process 2965626 (stress-ng-cpu) terminated with an error, exit status=5 (killed by signal)
stress-ng: error: [2965545] process 2965627 (stress-ng-cpu) terminated with an error, exit status=5 (killed by signal)
stress-ng: error: [2965545] process 2965628 (stress-ng-cpu) terminated with an error, exit status=5 (killed by signal)
stress-ng: error: [2965545] process 2965629 (stress-ng-cpu) terminated with an error, exit status=5 (killed by signal)
stress-ng: error: [2965545] process 2965630 (stress-ng-cpu) terminated with an error, exit status=5 (killed by signal)
stress-ng: error: [2965545] process 2965631 (stress-ng-cpu) terminated with an error, exit status=5 (killed by signal)
stress-ng: error: [2965545] process 2965632 (stress-ng-cpu) terminated with an error, exit status=5 (killed by signal)
stress-ng: error: [2965545] process 2965633 (stress-ng-cpu) terminated with an error, exit status=5 (killed by signal)
stress-ng: error: [2965545] process 2965634 (stress-ng-cpu) terminated with an error, exit status=5 (killed by signal)
stress-ng: error: [2965545] process 2965635 (stress-ng-cpu) terminated with an error, exit status=5 (killed by signal)
stress-ng: error: [2965545] process 2965636 (stress-ng-cpu) terminated with an error, exit status=5 (killed by signal)
stress-ng: error: [2965545] process 2965637 (stress-ng-cpu) terminated with an error, exit status=5 (killed by signal)
stress-ng: error: [2965545] process 2965638 (stress-ng-cpu) terminated with an error, exit status=5 (killed by signal)
stress-ng: error: [2965545] process 2965639 (stress-ng-cpu) terminated with an error, exit status=5 (killed by signal)
stress-ng: error: [2965545] process 2965640 (stress-ng-cpu) terminated with an error, exit status=5 (killed by signal)
stress-ng: error: [2965545] process 2965641 (stress-ng-cpu) terminated with an error, exit status=5 (killed by signal)
stress-ng: error: [2965545] process 2965642 (stress-ng-cpu) terminated with an error, exit status=5 (killed by signal)
stress-ng: error: [2965545] process 2965643 (stress-ng-cpu) terminated with an error, exit status=5 (killed by signal)
stress-ng: error: [2965545] process 2965644 (stress-ng-cpu) terminated with an error, exit status=5 (killed by signal)
stress-ng: error: [2965545] process 2965645 (stress-ng-cpu) terminated with an error, exit status=5 (killed by signal)
stress-ng: error: [2965545] process 2965646 (stress-ng-cpu) terminated with an error, exit status=5 (killed by signal)
stress-ng: error: [2965545] process 2965647 (stress-ng-cpu) terminated with an error, exit status=5 (killed by signal)
stress-ng: error: [2965545] process 2965648 (stress-ng-cpu) terminated with an error, exit status=5 (killed by signal)
stress-ng: error: [2965545] process 2965649 (stress-ng-cpu) terminated with an error, exit status=5 (killed by signal)
stress-ng: error: [2965545] process 2965650 (stress-ng-cpu) terminated with an error, exit status=5 (killed by signal)
stress-ng: error: [2965545] process 2965651 (stress-ng-cpu) terminated with an error, exit status=5 (killed by signal)
stress-ng: error: [2965545] process 2965652 (stress-ng-cpu) terminated with an error, exit status=5 (killed by signal)
stress-ng: error: [2965545] process 2965653 (stress-ng-cpu) terminated with an error, exit status=5 (killed by signal)
stress-ng: error: [2965545] process 2965654 (stress-ng-cpu) terminated with an error, exit status=5 (killed by signal)
stress-ng: error: [2965545] process 2965655 (stress-ng-cpu) terminated with an error, exit status=5 (killed by signal)
stress-ng: error: [2965545] process 2965656 (stress-ng-cpu) terminated with an error, exit status=5 (killed by signal)
stress-ng: error: [2965545] process 2965657 (stress-ng-cpu) terminated with an error, exit status=5 (killed by signal)
stress-ng: error: [2965545] process 2965658 (stress-ng-cpu) terminated with an error, exit status=5 (killed by signal)
stress-ng: error: [2965545] process 2965659 (stress-ng-cpu) terminated with an error, exit status=5 (killed by signal)
stress-ng: error: [2965545] process 2965660 (stress-ng-cpu) terminated with an error, exit status=5 (killed by signal)
stress-ng: error: [2965545] process 2965661 (stress-ng-cpu) terminated with an error, exit status=5 (killed by signal)
stress-ng: error: [2965545] process 2965662 (stress-ng-cpu) terminated with an error, exit status=5 (killed by signal)
stress-ng: error: [2965545] process 2965663 (stress-ng-cpu) terminated with an error, exit status=5 (killed by signal)
stress-ng: error: [2965545] process 2965664 (stress-ng-cpu) terminated with an error, exit status=5 (killed by signal)
stress-ng: error: [2965545] process 2965665 (stress-ng-cpu) terminated with an error, exit status=5 (killed by signal)
stress-ng: error: [2965545] process 2965666 (stress-ng-cpu) terminated with an error, exit status=5 (killed by signal)
stress-ng: error: [2965545] process 2965667 (stress-ng-cpu) terminated with an error, exit status=5 (killed by signal)
stress-ng: error: [2965545] process 2965668 (stress-ng-cpu) terminated with an error, exit status=5 (killed by signal)
stress-ng: error: [2965545] process 2965669 (stress-ng-cpu) terminated with an error, exit status=5 (killed by signal)
stress-ng: error: [2965545] process 2965670 (stress-ng-cpu) terminated with an error, exit status=5 (killed by signal)
stress-ng: error: [2965545] process 2965671 (stress-ng-cpu) terminated with an error, exit status=5 (killed by signal)
stress-ng: error: [2965545] process 2965672 (stress-ng-cpu) terminated with an error, exit status=5 (killed by signal)
stress-ng: error: [2965545] process 2965673 (stress-ng-cpu) terminated with an error, exit status=5 (killed by signal)
stress-ng: error: [2965545] process 2965674 (stress-ng-cpu) terminated with an error, exit status=5 (killed by signal)
stress-ng: error: [2965545] process 2965675 (stress-ng-cpu) terminated with an error, exit status=5 (killed by signal)
stress-ng: error: [2965545] process 2965676 (stress-ng-cpu) terminated with an error, exit status=5 (killed by signal)
stress-ng: error: [2965545] process 2965677 (stress-ng-cpu) terminated with an error, exit status=5 (killed by signal)
stress-ng: error: [2965545] process 2965678 (stress-ng-cpu) terminated with an error, exit status=5 (killed by signal)
stress-ng: error: [2965545] process 2965679 (stress-ng-cpu) terminated with an error, exit status=5 (killed by signal)
stress-ng: error: [2965545] process 2965680 (stress-ng-cpu) terminated with an error, exit status=5 (killed by signal)
stress-ng: error: [2965545] process 2965681 (stress-ng-cpu) terminated with an error, exit status=5 (killed by signal)
stress-ng: error: [2965545] process 2965682 (stress-ng-cpu) terminated with an error, exit status=5 (killed by signal)
stress-ng: error: [2965545] process 2965683 (stress-ng-cpu) terminated with an error, exit status=5 (killed by signal)
stress-ng: error: [2965545] process 2965684 (stress-ng-cpu) terminated with an error, exit status=5 (killed by signal)
stress-ng: info:  [2965545] unsuccessful run completed in 36.68s
SIDECAR_STOP
