MASTER_ADDR=127.0.0.1 NPROC=16 RUN=contrast-p1-sw-a-masked-20260726_045441 dose=masked pod=yysong-worker-2 chunks=1 stall_mb=64 stall_s=0.02
========== C0_baseline port=30372 inject=0 2a chunks=1 stall_mb=64 stall_s=0.02 ==========
  warmup ok (24s)
  waiting… t=30s dump=54493
  done (55s) dump_lines=70416
========== C1_inject_none port=30373 inject=1 2a chunks=1 stall_mb=64 stall_s=0.02 ==========
  warmup ok (27s)
  measure step 100 (8s) — inline 2a frag active
  waiting… t=30s dump=61296
  done (50s) dump_lines=70416
# Greyhound Contrast · P1-SW-A masked

- run_id: `contrast-p1-sw-a-masked-20260726_045441`
- case_ref: `20260726_044454-yjr-as-c-p1-sw-a-masked`
- dose_label: `masked`；dose: INLINE 2a chunks=1 stall_mb=64 stall_s=0.02 victim=7; window [100,300]; gold≈1.259；窗对齐 Case [100,300]
- fairness: `collect_seq` 真实 per-rank 序列 + C0 假阳性对照
- detect_ok: **yes**；detect_mode: **autonomous**（自主= coll 比≥1.05 或 Rbeast 变点[C1有/C0无]）
- oracle_trigger: **no**（未把注入窗写入判定）；注入窗 [100,300] 仅标注；step_ms 窗比=1.237（剂量核对，非 Greyhound 规则）
- preload: cyclecounter stub + libhcclprobe.so；Redis :16379；pod=`yysong-worker-2`

## A) autonomous · collect-min AllReduce host-wall

| arm | n | median dur_us |
|-----|--:|-------------:|
| C0  | 70336 | 110.1 |
| C1  | 70336 | 108.0 |

**C1/C0 coll ratio = 0.981** → FAIL (thr 1.05)

## B) autonomous · Greyhound Rbeast（真实 per-rank 序列；C0 假阳性对照）

> call_id 用真实 (op,count) 签名序列、call_time 用真实 t0（`collect_seq`），跑 Greyhound 自带 find_period+find_performance_drop。健康线 C0 同跑作对照。

| arm | rep_rank | n_calls | uniq_sig | acf_period | n_changepoints |
|-----|---------:|--------:|---------:|-----------:|---------------:|
| C0  | 430075 | 4401 | 10 | 8 | 0 |
| C1  | 434587 | 4401 | 10 | 8 | 2 |

- C1 changepoints: [{'id': 213, 't': 26.431658029556274}, {'id': 345, 't': 40.5673131942749}]
- C0 changepoints: []
- rbeast_hit (C1有/C0无): **True**
- error: C1=None C0=None

## C) dose check · step_ms in oracle window (not Greyhound rule)

| arm | window median step_ms |
|-----|----------------------:|
| C0  | 76.56 |
| C1  | 94.69 |
| C1/C0 | 1.237 → dose_OK |

## Verdict

- **autonomous_detect**: YES (coll_pass=False, rbeast_hit=True, rbeast_fp=False)
- **dose_reproduced**: YES (step_ms)

Note: P1-SW-A 注入下 Greyhound 主路径是 CCL 时间戳+变点。若 coll/Rbeast 无咬合而 step_ms 有抬升，记能力边界，不焊 D4。

CONTRAST_DONE RUN=contrast-p1-sw-a-masked-20260726_045441 DUMP=/afs-a3-weight-share/yinjinrun.p-huawei/results/ascend-ais/baseline/greyhound/contrast-p1-sw-a-masked-20260726_045441
