MASTER_ADDR=127.0.0.1 NPROC=16 RUN=contrast-p3-sw-a-quiet-20260725_224059 dose=quiet pod=yysong-worker-2 gc_every=1 stall_s=0.1
========== C0_baseline port=30270 inject=0 8a every=1 stall=0.1s ==========
  warmup ok (32s)
  waiting… t=30s prom=16 ranks=16
  waiting… t=60s prom=16 ranks=16
  waiting… t=90s prom=16 ranks=16
  done (105s)
========== C1_inject_none port=30271 inject=1 8a every=1 stall=0.1s ==========
  warmup ok (30s)
  measure step 100 (16s) — inline 8a GC active
  waiting… t=30s prom=16 ranks=16
  waiting… t=60s prom=16 ranks=16
  waiting… t=90s prom=16 ranks=16
  done (105s)
# XPUTimer contrast · P3-SW-A quiet

- case_id: `P3-SW-A`
- case_ref: `20260725_215903-yjr-as-c-p3-sw-a-quiet`
- dose: `quiet` — INLINE 8a gc_every=1 stall_s=0.1 victim=7; window [100,300]
- detect_mode: **cross_run_contrast** （自主=prom hang/slow flags；跨-run=C1/C0 中位比≥1.15，需外部健康基线 C0）
- metric: jsonl `dur_us` of `HcclAllReduce` (host-wall around Hccl*)

## A) XPUTimer 自主信号（.prom hang/slow flags；无需外部基线）

| arm | coll_events | hang_flags | slow_flags |
|-----|-----------:|-----------:|-----------:|
| C0  | 81401 | 0 | 0 |
| C1  | 81401 | 0 | 0 |

**autonomous_flag (C1 hang+slow>0) = False** （SLOW_REPORT_US=0 关、HANG_TIMEOUT_MS=60000；未开 oracle INJECT_STALL）

## B) cross-run 中位对照（需外部健康基线 C0，非自主）

| arm | n | median dur_us | ≥1.5×C0med（噪声诊断，非判据） |
|-----|--:|-------------:|------------------------------:|
| C0  | 70336 | 127.0 | 9701 |
| C1  | 70336 | 136.0 | 13826 |

**C1/C0 coll ratio = 1.071** → FAIL (thr 1.15)

> ⚠️ `≥1.5×C0med` 计数仅作噪声诊断：C0 健康线自身就有 9701 个，说明该线在集合通信 host-wall 上可能大面积误报，**不作判据**。

## C) dose_check（step_ms 窗内中位；非 XPUTimer 规则）

- window: [100, 300)
- C0 median step_ms: 84.760 (n=3200)
- C1 median step_ms: 289.943 (n=3200)
- C1/C0 step_ms = 3.421 → PASS (thr 1.15)

## Verdict

- **autonomous_detect**: NO (XPUTimer 自己的 hang/slow flags)
- **cross_run_contrast**: FAIL (C1/C0=1.071；需外部基线)
- **dose_check**: PASS (step_ms C1/C0=3.421)
- **detect_ok**: false (autonomous OR cross_run；dose_check 单独记)
- **detect_mode**: `cross_run_contrast`

Note: 如实记能力边界；无咬合也是 DONE。不改对手阈值、不覆盖 Probing 分。

CONTRAST_DONE RUN=contrast-p3-sw-a-quiet-20260725_224059 DUMP=/data/yinjinrun.p-huawei/results/ascend-ais/baseline/xputimer/contrast-p3-sw-a-quiet-20260725_224059 verdict_rc=2
