[b5c] jsync…
/root/.bashrc: line 14: /usr/local/Ascend/driver/bin/setenv.bash: No such file or directory
tar: Ignoring unknown extended header keyword 'LIBARCHIVE.xattr.com.apple.provenance'
[b5c] jsync torch.py
/root/.bashrc: line 14: /usr/local/Ascend/driver/bin/setenv.bash: No such file or directory
tar: Ignoring unknown extended header keyword 'LIBARCHIVE.xattr.com.apple.provenance'
[b5c] jsync torch_probe.py
/root/.bashrc: line 14: /usr/local/Ascend/driver/bin/setenv.bash: No such file or directory
/root/.bashrc: line 14: /usr/local/Ascend/driver/bin/setenv.bash: No such file or directory
[b5c] bundle 178L sync=4 OUT=/afs-a3-weight-share/yinjinrun.p-huawei/results/ascend-ais/pillar_c/20260728_135724-pillar-c-v3-pr2-e3-b5c/upgrade_rate_1.0/P3-SW-A/by_pod/yysong-worker-0/round_1/C2_probing
/root/.bashrc: line 14: /usr/local/Ascend/driver/bin/setenv.bash: No such file or directory
IDLE
[b5c] L=30 (18s)
[b5c] VICTIM_PID=4086564
/root/.bashrc: line 14: /usr/local/Ascend/driver/bin/setenv.bash: No such file or directory
FILE /afs-a3-241ceshi-shared/yinjinrun.p-huawei/probe-bundle/pydeps/probing/ext/torch.py
SYNC True
/root/.bashrc: line 14: /usr/local/Ascend/driver/bin/setenv.bash: No such file or directory
sending ctrl commands via unix socket...
┌──────────────────┬────────────────────┬───────────────────┬──────────────────┐
│ table_catalog    │ table_schema       │ table_name        │ table_type       │
├──────────────────┼────────────────────┼───────────────────┼──────────────────┤
│ global           │ cluster            │ nodes             │ BASE TABLE       │
│ global           │ cpu                │ tasks             │ BASE TABLE       │
│ global           │ cpu                │ utilization       │ BASE TABLE       │
│ global           │ gpu                │ devices           │ BASE TABLE       │
│ global           │ gpu                │ hccs              │ BASE TABLE       │
│ global           │ gpu                │ utilization       │ BASE TABLE       │
│ global           │ probing            │ column_docs       │ BASE TABLE       │
│ global           │ probing            │ table_docs        │ BASE TABLE       │
│ global           │ process            │ kmsg              │ BASE TABLE       │
│ global           │ process            │ envs              │ BASE TABLE       │
│ global           │ python             │ backtrace         │ BASE TABLE       │
│ global           │ python             │ comm_collective   │ BASE TABLE       │
│ global           │ python             │ torch_step_timing │ BASE TABLE       │
│ global           │ python             │ torch_trace       │ BASE TABLE       │
│ global           │ rdma               │ mlx_hca           │ BASE TABLE       │
│ global           │ information_schema │ tables            │ VIEW             │
│ global           │ information_schema │ views             │ VIEW             │
│ global           │ information_schema │ columns           │ VIEW             │
│ global           │ information_schema │ df_settings       │ VIEW             │
│ global           │ information_schema │ schemata          │ VIEW             │
│ global           │ information_schema │ routines          │ VIEW             │
│ global           │ information_schema │ parameters        │ VIEW             │
│ probe            │ cluster            │ nodes             │ BASE TABLE       │
│ probe            │ cpu                │ tasks             │ BASE TABLE       │
│ probe            │ cpu                │ utilization       │ BASE TABLE       │
│ probe            │ gpu                │ devices           │ BASE TABLE       │
│ probe            │ gpu                │ hccs              │ BASE TABLE       │
│ probe            │ gpu                │ utilization       │ BASE TABLE       │
│ probe            │ probing            │ column_docs       │ BASE TABLE       │
│ probe            │ probing            │ table_docs        │ BASE TABLE       │
│ probe            │ process            │ kmsg              │ BASE TABLE       │
│ probe            │ process            │ envs              │ BASE TABLE       │
│ probe            │ python             │ backtrace         │ BASE TABLE       │
│ probe            │ python             │ comm_collective   │ BASE TABLE       │
│ probe            │ python             │ torch_step_timing │ BASE TABLE       │
│ probe            │ python             │ torch_trace       │ BASE TABLE       │
│ probe            │ rdma               │ mlx_hca           │ BASE TABLE       │
│ probe            │ information_schema │ tables            │ VIEW             │
│ probe            │ information_schema │ views             │ VIEW             │
│ probe            │ information_schema │ columns           │ VIEW             │
│ probe            │ information_schema │ df_settings       │ VIEW             │
│ probe            │ information_schema │ schemata          │ VIEW             │
│ probe            │ information_schema │ routines          │ VIEW             │
│ probe            │ information_schema │ parameters        │ VIEW             │
└──────────────────┴────────────────────┴───────────────────┴──────────────────┘
/root/.bashrc: line 14: /usr/local/Ascend/driver/bin/setenv.bash: No such file or directory
sending ctrl commands via unix socket...

[b5c] post-SET L=123
/root/.bashrc: line 14: /usr/local/Ascend/driver/bin/setenv.bash: No such file or directory
sending ctrl commands via unix socket...
┌──────────────────────────────────────────────────────────────────────────────┐
│ n                                                                            │
├──────────────────────────────────────────────────────────────────────────────┤
│ 4368                                                                         │
└──────────────────────────────────────────────────────────────────────────────┘
/root/.bashrc: line 14: /usr/local/Ascend/driver/bin/setenv.bash: No such file or directory

sending ctrl commands via unix socket...
========== B5c FAIL ==========
__file__=/afs-a3-241ceshi-shared/yinjinrun.p-huawei/probe-bundle/pydeps/probing/ext/torch.py
hot-updated=no
rows=4368
20260728_135724-pillar-c-v3-pr2-e3-b5c
