W0726 04:47:41.153000 418791 site-packages/torch/distributed/run.py:766] 
W0726 04:47:41.153000 418791 site-packages/torch/distributed/run.py:766] *****************************************
W0726 04:47:41.153000 418791 site-packages/torch/distributed/run.py:766] Setting OMP_NUM_THREADS environment variable for each process to be 1 in default, to avoid your system being overloaded, please further tune the variable for optimal performance in your application as needed. 
W0726 04:47:41.153000 418791 site-packages/torch/distributed/run.py:766] *****************************************
[xpu_timer.ascend] started. pid=418929 hang_timeout=60000ms slow_us=0 dump=/afs-a3-weight-share/yinjinrun.p-huawei/results/ascend-ais/baseline/xputimer/contrast-p1-sw-a-quiet-20260726_044734/C0_baseline/xputimer
[rank0]:[W726 04:47:47.134408072 compiler_depend.ts:338] Warning: Cannot create tensor with interal format while allow_internel_format=False, tensor will be created with base format. (function operator())
[xpu_timer.ascend] started. pid=418930 hang_timeout=60000ms slow_us=0 dump=/afs-a3-weight-share/yinjinrun.p-huawei/results/ascend-ais/baseline/xputimer/contrast-p1-sw-a-quiet-20260726_044734/C0_baseline/xputimer
[rank1]:[W726 04:47:48.671707394 compiler_depend.ts:338] Warning: Cannot create tensor with interal format while allow_internel_format=False, tensor will be created with base format. (function operator())
[xpu_timer.ascend] started. pid=418932 hang_timeout=60000ms slow_us=0 dump=/afs-a3-weight-share/yinjinrun.p-huawei/results/ascend-ais/baseline/xputimer/contrast-p1-sw-a-quiet-20260726_044734/C0_baseline/xputimer
[xpu_timer.ascend] started. pid=418931 hang_timeout=60000ms slow_us=0 dump=/afs-a3-weight-share/yinjinrun.p-huawei/results/ascend-ais/baseline/xputimer/contrast-p1-sw-a-quiet-20260726_044734/C0_baseline/xputimer
[xpu_timer.ascend] started. pid=418933 hang_timeout=60000ms slow_us=0 dump=/afs-a3-weight-share/yinjinrun.p-huawei/results/ascend-ais/baseline/xputimer/contrast-p1-sw-a-quiet-20260726_044734/C0_baseline/xputimer
[xpu_timer.ascend] started. pid=418936 hang_timeout=60000ms slow_us=0 dump=/afs-a3-weight-share/yinjinrun.p-huawei/results/ascend-ais/baseline/xputimer/contrast-p1-sw-a-quiet-20260726_044734/C0_baseline/xputimer
[rank3]:[W726 04:47:48.840905004 compiler_depend.ts:338] Warning: Cannot create tensor with interal format while allow_internel_format=False, tensor will be created with base format. (function operator())
[xpu_timer.ascend] started. pid=418934 hang_timeout=60000ms slow_us=0 dump=/afs-a3-weight-share/yinjinrun.p-huawei/results/ascend-ais/baseline/xputimer/contrast-p1-sw-a-quiet-20260726_044734/C0_baseline/xputimer
[rank2]:[W726 04:47:48.878253870 compiler_depend.ts:338] Warning: Cannot create tensor with interal format while allow_internel_format=False, tensor will be created with base format. (function operator())
[xpu_timer.ascend] started. pid=418942 hang_timeout=60000ms slow_us=0 dump=/afs-a3-weight-share/yinjinrun.p-huawei/results/ascend-ais/baseline/xputimer/contrast-p1-sw-a-quiet-20260726_044734/C0_baseline/xputimer
[xpu_timer.ascend] started. pid=418937 hang_timeout=60000ms slow_us=0 dump=/afs-a3-weight-share/yinjinrun.p-huawei/results/ascend-ais/baseline/xputimer/contrast-p1-sw-a-quiet-20260726_044734/C0_baseline/xputimer
[rank4]:[W726 04:47:48.906183366 compiler_depend.ts:338] Warning: Cannot create tensor with interal format while allow_internel_format=False, tensor will be created with base format. (function operator())
[xpu_timer.ascend] started. pid=418938 hang_timeout=60000ms slow_us=0 dump=/afs-a3-weight-share/yinjinrun.p-huawei/results/ascend-ais/baseline/xputimer/contrast-p1-sw-a-quiet-20260726_044734/C0_baseline/xputimer
[rank7]:[W726 04:47:48.949521200 compiler_depend.ts:338] Warning: Cannot create tensor with interal format while allow_internel_format=False, tensor will be created with base format. (function operator())
[rank5]:[W726 04:47:48.970940868 compiler_depend.ts:338] Warning: Cannot create tensor with interal format while allow_internel_format=False, tensor will be created with base format. (function operator())
[rank13]:[W726 04:47:48.992314814 compiler_depend.ts:338] Warning: Cannot create tensor with interal format while allow_internel_format=False, tensor will be created with base format. (function operator())
[rank8]:[W726 04:47:48.001703443 compiler_depend.ts:338] Warning: Cannot create tensor with interal format while allow_internel_format=False, tensor will be created with base format. (function operator())
[rank9]:[W726 04:47:48.009690667 compiler_depend.ts:338] Warning: Cannot create tensor with interal format while allow_internel_format=False, tensor will be created with base format. (function operator())
[xpu_timer.ascend] started. pid=418935 hang_timeout=60000ms slow_us=0 dump=/afs-a3-weight-share/yinjinrun.p-huawei/results/ascend-ais/baseline/xputimer/contrast-p1-sw-a-quiet-20260726_044734/C0_baseline/xputimer
[xpu_timer.ascend] started. pid=418939 hang_timeout=60000ms slow_us=0 dump=/afs-a3-weight-share/yinjinrun.p-huawei/results/ascend-ais/baseline/xputimer/contrast-p1-sw-a-quiet-20260726_044734/C0_baseline/xputimer
[xpu_timer.ascend] started. pid=418944 hang_timeout=60000ms slow_us=0 dump=/afs-a3-weight-share/yinjinrun.p-huawei/results/ascend-ais/baseline/xputimer/contrast-p1-sw-a-quiet-20260726_044734/C0_baseline/xputimer
[xpu_timer.ascend] started. pid=418941 hang_timeout=60000ms slow_us=0 dump=/afs-a3-weight-share/yinjinrun.p-huawei/results/ascend-ais/baseline/xputimer/contrast-p1-sw-a-quiet-20260726_044734/C0_baseline/xputimer
[xpu_timer.ascend] started. pid=418943 hang_timeout=60000ms slow_us=0 dump=/afs-a3-weight-share/yinjinrun.p-huawei/results/ascend-ais/baseline/xputimer/contrast-p1-sw-a-quiet-20260726_044734/C0_baseline/xputimer
[xpu_timer.ascend] started. pid=418940 hang_timeout=60000ms slow_us=0 dump=/afs-a3-weight-share/yinjinrun.p-huawei/results/ascend-ais/baseline/xputimer/contrast-p1-sw-a-quiet-20260726_044734/C0_baseline/xputimer
[rank6]:[W726 04:47:48.116124241 compiler_depend.ts:338] Warning: Cannot create tensor with interal format while allow_internel_format=False, tensor will be created with base format. (function operator())
[rank10]:[W726 04:47:48.124750460 compiler_depend.ts:338] Warning: Cannot create tensor with interal format while allow_internel_format=False, tensor will be created with base format. (function operator())
[rank15]:[W726 04:47:48.191656544 compiler_depend.ts:338] Warning: Cannot create tensor with interal format while allow_internel_format=False, tensor will be created with base format. (function operator())
[rank12]:[W726 04:47:48.206058454 compiler_depend.ts:338] Warning: Cannot create tensor with interal format while allow_internel_format=False, tensor will be created with base format. (function operator())
[rank14]:[W726 04:47:48.211083296 compiler_depend.ts:338] Warning: Cannot create tensor with interal format while allow_internel_format=False, tensor will be created with base format. (function operator())
[rank11]:[W726 04:47:48.235596812 compiler_depend.ts:338] Warning: Cannot create tensor with interal format while allow_internel_format=False, tensor will be created with base format. (function operator())
/root/miniconda3/envs/llm_test/lib/python3.10/site-packages/torch/distributed/distributed_c10d.py:4631: UserWarning: No device id is provided via `init_process_group` or `barrier `. Using the current device set by the user. 
  warnings.warn(  # warn only once
/root/miniconda3/envs/llm_test/lib/python3.10/site-packages/torch/distributed/distributed_c10d.py:4631: UserWarning: No device id is provided via `init_process_group` or `barrier `. Using the current device set by the user. 
  warnings.warn(  # warn only once
/root/miniconda3/envs/llm_test/lib/python3.10/site-packages/torch/distributed/distributed_c10d.py:4631: UserWarning: No device id is provided via `init_process_group` or `barrier `. Using the current device set by the user. 
  warnings.warn(  # warn only once
/root/miniconda3/envs/llm_test/lib/python3.10/site-packages/torch/distributed/distributed_c10d.py:4631: UserWarning: No device id is provided via `init_process_group` or `barrier `. Using the current device set by the user. 
  warnings.warn(  # warn only once
/root/miniconda3/envs/llm_test/lib/python3.10/site-packages/torch/distributed/distributed_c10d.py:4631: UserWarning: No device id is provided via `init_process_group` or `barrier `. Using the current device set by the user. 
  warnings.warn(  # warn only once
/root/miniconda3/envs/llm_test/lib/python3.10/site-packages/torch/distributed/distributed_c10d.py:4631: UserWarning: No device id is provided via `init_process_group` or `barrier `. Using the current device set by the user. 
  warnings.warn(  # warn only once
/root/miniconda3/envs/llm_test/lib/python3.10/site-packages/torch/distributed/distributed_c10d.py:4631: UserWarning: No device id is provided via `init_process_group` or `barrier `. Using the current device set by the user. 
  warnings.warn(  # warn only once
/root/miniconda3/envs/llm_test/lib/python3.10/site-packages/torch/distributed/distributed_c10d.py:4631: UserWarning: No device id is provided via `init_process_group` or `barrier `. Using the current device set by the user. 
  warnings.warn(  # warn only once
/root/miniconda3/envs/llm_test/lib/python3.10/site-packages/torch/distributed/distributed_c10d.py:4631: UserWarning: No device id is provided via `init_process_group` or `barrier `. Using the current device set by the user. 
  warnings.warn(  # warn only once
/root/miniconda3/envs/llm_test/lib/python3.10/site-packages/torch/distributed/distributed_c10d.py:4631: UserWarning: No device id is provided via `init_process_group` or `barrier `. Using the current device set by the user. 
  warnings.warn(  # warn only once
/root/miniconda3/envs/llm_test/lib/python3.10/site-packages/torch/distributed/distributed_c10d.py:4631: UserWarning: No device id is provided via `init_process_group` or `barrier `. Using the current device set by the user. 
  warnings.warn(  # warn only once
/root/miniconda3/envs/llm_test/lib/python3.10/site-packages/torch/distributed/distributed_c10d.py:4631: UserWarning: No device id is provided via `init_process_group` or `barrier `. Using the current device set by the user. 
  warnings.warn(  # warn only once
/root/miniconda3/envs/llm_test/lib/python3.10/site-packages/torch/distributed/distributed_c10d.py:4631: UserWarning: No device id is provided via `init_process_group` or `barrier `. Using the current device set by the user. 
  warnings.warn(  # warn only once
/root/miniconda3/envs/llm_test/lib/python3.10/site-packages/torch/distributed/distributed_c10d.py:4631: UserWarning: No device id is provided via `init_process_group` or `barrier `. Using the current device set by the user. 
  warnings.warn(  # warn only once
/root/miniconda3/envs/llm_test/lib/python3.10/site-packages/torch/distributed/distributed_c10d.py:4631: UserWarning: No device id is provided via `init_process_group` or `barrier `. Using the current device set by the user. 
  warnings.warn(  # warn only once
/root/miniconda3/envs/llm_test/lib/python3.10/site-packages/torch/distributed/distributed_c10d.py:4631: UserWarning: No device id is provided via `init_process_group` or `barrier `. Using the current device set by the user. 
  warnings.warn(  # warn only once
DONE world=16 out=/afs-a3-weight-share/yinjinrun.p-huawei/results/ascend-ais/baseline/xputimer/contrast-p1-sw-a-quiet-20260726_044734/C0_baseline/ranks/rank_0000.jsonl
[xpu_timer.ascend] stopped. events=5056 hang_flags=0 slow_flags=0 metrics -> /afs-a3-weight-share/yinjinrun.p-huawei/results/ascend-ais/baseline/xputimer/contrast-p1-sw-a-quiet-20260726_044734/C0_baseline/xputimer/ascend_metrics.rank13.pid418942.prom
[xpu_timer.ascend] stopped. events=5056 hang_flags=0 slow_flags=0 metrics -> /afs-a3-weight-share/yinjinrun.p-huawei/results/ascend-ais/baseline/xputimer/contrast-p1-sw-a-quiet-20260726_044734/C0_baseline/xputimer/ascend_metrics.rank2.pid418931.prom
[xpu_timer.ascend] stopped. events=5056 hang_flags=0 slow_flags=0 metrics -> /afs-a3-weight-share/yinjinrun.p-huawei/results/ascend-ais/baseline/xputimer/contrast-p1-sw-a-quiet-20260726_044734/C0_baseline/xputimer/ascend_metrics.rank1.pid418930.prom
[xpu_timer.ascend] stopped. events=5056 hang_flags=0 slow_flags=0 metrics -> /afs-a3-weight-share/yinjinrun.p-huawei/results/ascend-ais/baseline/xputimer/contrast-p1-sw-a-quiet-20260726_044734/C0_baseline/xputimer/ascend_metrics.rank3.pid418932.prom
[xpu_timer.ascend] stopped. events=5056 hang_flags=0 slow_flags=0 metrics -> /afs-a3-weight-share/yinjinrun.p-huawei/results/ascend-ais/baseline/xputimer/contrast-p1-sw-a-quiet-20260726_044734/C0_baseline/xputimer/ascend_metrics.rank15.pid418944.prom
[xpu_timer.ascend] stopped. events=5561 hang_flags=0 slow_flags=0 metrics -> /afs-a3-weight-share/yinjinrun.p-huawei/results/ascend-ais/baseline/xputimer/contrast-p1-sw-a-quiet-20260726_044734/C0_baseline/xputimer/ascend_metrics.rank0.pid418929.prom
[xpu_timer.ascend] stopped. events=5056 hang_flags=0 slow_flags=0 metrics -> /afs-a3-weight-share/yinjinrun.p-huawei/results/ascend-ais/baseline/xputimer/contrast-p1-sw-a-quiet-20260726_044734/C0_baseline/xputimer/ascend_metrics.rank8.pid418937.prom
[xpu_timer.ascend] stopped. events=5056 hang_flags=0 slow_flags=0 metrics -> /afs-a3-weight-share/yinjinrun.p-huawei/results/ascend-ais/baseline/xputimer/contrast-p1-sw-a-quiet-20260726_044734/C0_baseline/xputimer/ascend_metrics.rank4.pid418933.prom
[xpu_timer.ascend] stopped. events=5056 hang_flags=0 slow_flags=0 metrics -> /afs-a3-weight-share/yinjinrun.p-huawei/results/ascend-ais/baseline/xputimer/contrast-p1-sw-a-quiet-20260726_044734/C0_baseline/xputimer/ascend_metrics.rank12.pid418941.prom
[xpu_timer.ascend] stopped. events=5056 hang_flags=0 slow_flags=0 metrics -> /afs-a3-weight-share/yinjinrun.p-huawei/results/ascend-ais/baseline/xputimer/contrast-p1-sw-a-quiet-20260726_044734/C0_baseline/xputimer/ascend_metrics.rank11.pid418940.prom
[xpu_timer.ascend] stopped. events=5056 hang_flags=0 slow_flags=0 metrics -> /afs-a3-weight-share/yinjinrun.p-huawei/results/ascend-ais/baseline/xputimer/contrast-p1-sw-a-quiet-20260726_044734/C0_baseline/xputimer/ascend_metrics.rank6.pid418935.prom
[xpu_timer.ascend] stopped. events=5056 hang_flags=0 slow_flags=0 metrics -> /afs-a3-weight-share/yinjinrun.p-huawei/results/ascend-ais/baseline/xputimer/contrast-p1-sw-a-quiet-20260726_044734/C0_baseline/xputimer/ascend_metrics.rank10.pid418939.prom
[xpu_timer.ascend] stopped. events=5056 hang_flags=0 slow_flags=0 metrics -> /afs-a3-weight-share/yinjinrun.p-huawei/results/ascend-ais/baseline/xputimer/contrast-p1-sw-a-quiet-20260726_044734/C0_baseline/xputimer/ascend_metrics.rank9.pid418938.prom
[xpu_timer.ascend] stopped. events=5056 hang_flags=0 slow_flags=0 metrics -> /afs-a3-weight-share/yinjinrun.p-huawei/results/ascend-ais/baseline/xputimer/contrast-p1-sw-a-quiet-20260726_044734/C0_baseline/xputimer/ascend_metrics.rank14.pid418943.prom
[xpu_timer.ascend] stopped. events=5056 hang_flags=0 slow_flags=0 metrics -> /afs-a3-weight-share/yinjinrun.p-huawei/results/ascend-ais/baseline/xputimer/contrast-p1-sw-a-quiet-20260726_044734/C0_baseline/xputimer/ascend_metrics.rank7.pid418936.prom
[xpu_timer.ascend] stopped. events=5056 hang_flags=0 slow_flags=0 metrics -> /afs-a3-weight-share/yinjinrun.p-huawei/results/ascend-ais/baseline/xputimer/contrast-p1-sw-a-quiet-20260726_044734/C0_baseline/xputimer/ascend_metrics.rank5.pid418934.prom
