io_stress: (g=0): rw=randrw, bs=(R) 4096B-4096B, (W) 4096B-4096B, (T) 4096B-4096B, ioengine=psync, iodepth=16
...
fio-3.29
Starting 4 processes

fio: terminating on signal 15

fio: terminating on signal 15

fio: terminating on signal 15

fio: terminating on signal 15

fio: terminating on signal 15

io_stress: (groupid=0, jobs=4): err= 0: pid=668564: Sun Jul 26 15:55:48 2026
  read: IOPS=4987, BW=19.5MiB/s (20.4MB/s)(758MiB/38911msec)
    clat (usec): min=249, max=44289, avg=796.22, stdev=520.97
     lat (usec): min=249, max=44289, avg=796.31, stdev=520.96
    clat percentiles (usec):
     |  1.00th=[  351],  5.00th=[  449], 10.00th=[  474], 20.00th=[  502],
     | 30.00th=[  529], 40.00th=[  570], 50.00th=[  750], 60.00th=[  799],
     | 70.00th=[  848], 80.00th=[  906], 90.00th=[ 1221], 95.00th=[ 1631],
     | 99.00th=[ 2376], 99.50th=[ 3097], 99.90th=[ 6521], 99.95th=[ 7308],
     | 99.99th=[13435]
   bw (  KiB/s): min=17248, max=22096, per=100.00%, avg=19951.90, stdev=251.03, samples=308
   iops        : min= 4312, max= 5524, avg=4987.97, stdev=62.76, samples=308
  write: IOPS=4987, BW=19.5MiB/s (20.4MB/s)(758MiB/38911msec); 0 zone resets
    clat (nsec): min=1250, max=232419, avg=3989.66, stdev=2236.74
     lat (nsec): min=1310, max=232489, avg=4120.22, stdev=2297.70
    clat percentiles (nsec):
     |  1.00th=[ 1496],  5.00th=[ 1656], 10.00th=[ 1784], 20.00th=[ 2064],
     | 30.00th=[ 2768], 40.00th=[ 3376], 50.00th=[ 4016], 60.00th=[ 4384],
     | 70.00th=[ 4768], 80.00th=[ 5216], 90.00th=[ 6112], 95.00th=[ 7136],
     | 99.00th=[ 9920], 99.50th=[10944], 99.90th=[15168], 99.95th=[23680],
     | 99.99th=[52992]
   bw (  KiB/s): min=16512, max=23464, per=100.00%, avg=19956.05, stdev=344.40, samples=308
   iops        : min= 4128, max= 5866, avg=4989.01, stdev=86.10, samples=308
  lat (usec)   : 2=9.20%, 4=15.71%, 10=24.63%, 20=0.43%, 50=0.03%
  lat (usec)   : 100=0.01%, 250=0.01%, 500=9.99%, 750=14.77%, 1000=18.41%
  lat (msec)   : 2=5.88%, 4=0.81%, 10=0.12%, 20=0.01%, 50=0.01%
  cpu          : usr=0.31%, sys=15.50%, ctx=407140, majf=0, minf=255
  IO depths    : 1=100.0%, 2=0.0%, 4=0.0%, 8=0.0%, 16=0.0%, 32=0.0%, >=64=0.0%
     submit    : 0=0.0%, 4=100.0%, 8=0.0%, 16=0.0%, 32=0.0%, 64=0.0%, >=64=0.0%
     complete  : 0=0.0%, 4=100.0%, 8=0.0%, 16=0.0%, 32=0.0%, 64=0.0%, >=64=0.0%
     issued rwts: total=194055,194083,0,0 short=0,0,0,0 dropped=0,0,0,0
     latency   : target=0, window=0, percentile=100.00%, depth=16

Run status group 0 (all jobs):
   READ: bw=19.5MiB/s (20.4MB/s), 19.5MiB/s-19.5MiB/s (20.4MB/s-20.4MB/s), io=758MiB (795MB), run=38911-38911msec
  WRITE: bw=19.5MiB/s (20.4MB/s), 19.5MiB/s-19.5MiB/s (20.4MB/s-20.4MB/s), io=758MiB (795MB), run=38911-38911msec
SIDECAR_STOP ts=1785052549 held_s=32
