stress-ng: info:  [2225418] setting to a 900 second (15 mins, 0.00 secs) run per stressor
stress-ng: info:  [2225418] dispatching hogs: 128 cpu
stress-ng: info:  [2225430] stress-ng-cpu: CPU affinity probably set, this can affect CPU loading
stress-ng: error: [2225418] process 2225430 (stress-ng-cpu) terminated with an error, exit status=5 (killed by signal)
stress-ng: error: [2225418] process 2225431 (stress-ng-cpu) terminated with an error, exit status=5 (killed by signal)
stress-ng: error: [2225418] process 2225432 (stress-ng-cpu) terminated with an error, exit status=5 (killed by signal)
stress-ng: error: [2225418] process 2225433 (stress-ng-cpu) terminated with an error, exit status=5 (killed by signal)
stress-ng: error: [2225418] process 2225434 (stress-ng-cpu) terminated with an error, exit status=5 (killed by signal)
stress-ng: error: [2225418] process 2225435 (stress-ng-cpu) terminated with an error, exit status=5 (killed by signal)
stress-ng: error: [2225418] process 2225436 (stress-ng-cpu) terminated with an error, exit status=5 (killed by signal)
stress-ng: error: [2225418] process 2225437 (stress-ng-cpu) terminated with an error, exit status=5 (killed by signal)
stress-ng: error: [2225418] process 2225438 (stress-ng-cpu) terminated with an error, exit status=5 (killed by signal)
stress-ng: error: [2225418] process 2225439 (stress-ng-cpu) terminated with an error, exit status=5 (killed by signal)
stress-ng: error: [2225418] process 2225440 (stress-ng-cpu) terminated with an error, exit status=5 (killed by signal)
stress-ng: error: [2225418] process 2225441 (stress-ng-cpu) terminated with an error, exit status=5 (killed by signal)
stress-ng: error: [2225418] process 2225442 (stress-ng-cpu) terminated with an error, exit status=5 (killed by signal)
stress-ng: error: [2225418] process 2225443 (stress-ng-cpu) terminated with an error, exit status=5 (killed by signal)
stress-ng: error: [2225418] process 2225444 (stress-ng-cpu) terminated with an error, exit status=5 (killed by signal)
stress-ng: error: [2225418] process 2225445 (stress-ng-cpu) terminated with an error, exit status=5 (killed by signal)
stress-ng: error: [2225418] process 2225446 (stress-ng-cpu) terminated with an error, exit status=5 (killed by signal)
stress-ng: error: [2225418] process 2225447 (stress-ng-cpu) terminated with an error, exit status=5 (killed by signal)
stress-ng: error: [2225418] process 2225448 (stress-ng-cpu) terminated with an error, exit status=5 (killed by signal)
stress-ng: error: [2225418] process 2225449 (stress-ng-cpu) terminated with an error, exit status=5 (killed by signal)
stress-ng: error: [2225418] process 2225450 (stress-ng-cpu) terminated with an error, exit status=5 (killed by signal)
stress-ng: error: [2225418] process 2225451 (stress-ng-cpu) terminated with an error, exit status=5 (killed by signal)
stress-ng: error: [2225418] process 2225452 (stress-ng-cpu) terminated with an error, exit status=5 (killed by signal)
stress-ng: error: [2225418] process 2225453 (stress-ng-cpu) terminated with an error, exit status=5 (killed by signal)
stress-ng: error: [2225418] process 2225454 (stress-ng-cpu) terminated with an error, exit status=5 (killed by signal)
stress-ng: error: [2225418] process 2225455 (stress-ng-cpu) terminated with an error, exit status=5 (killed by signal)
stress-ng: error: [2225418] process 2225456 (stress-ng-cpu) terminated with an error, exit status=5 (killed by signal)
stress-ng: error: [2225418] process 2225457 (stress-ng-cpu) terminated with an error, exit status=5 (killed by signal)
stress-ng: error: [2225418] process 2225458 (stress-ng-cpu) terminated with an error, exit status=5 (killed by signal)
stress-ng: error: [2225418] process 2225459 (stress-ng-cpu) terminated with an error, exit status=5 (killed by signal)
stress-ng: error: [2225418] process 2225460 (stress-ng-cpu) terminated with an error, exit status=5 (killed by signal)
stress-ng: error: [2225418] process 2225461 (stress-ng-cpu) terminated with an error, exit status=5 (killed by signal)
stress-ng: error: [2225418] process 2225462 (stress-ng-cpu) terminated with an error, exit status=5 (killed by signal)
stress-ng: error: [2225418] process 2225463 (stress-ng-cpu) terminated with an error, exit status=5 (killed by signal)
stress-ng: error: [2225418] process 2225464 (stress-ng-cpu) terminated with an error, exit status=5 (killed by signal)
stress-ng: error: [2225418] process 2225465 (stress-ng-cpu) terminated with an error, exit status=5 (killed by signal)
stress-ng: error: [2225418] process 2225466 (stress-ng-cpu) terminated with an error, exit status=5 (killed by signal)
stress-ng: error: [2225418] process 2225467 (stress-ng-cpu) terminated with an error, exit status=5 (killed by signal)
stress-ng: error: [2225418] process 2225468 (stress-ng-cpu) terminated with an error, exit status=5 (killed by signal)
stress-ng: error: [2225418] process 2225469 (stress-ng-cpu) terminated with an error, exit status=5 (killed by signal)
stress-ng: error: [2225418] process 2225470 (stress-ng-cpu) terminated with an error, exit status=5 (killed by signal)
stress-ng: error: [2225418] process 2225471 (stress-ng-cpu) terminated with an error, exit status=5 (killed by signal)
stress-ng: error: [2225418] process 2225472 (stress-ng-cpu) terminated with an error, exit status=5 (killed by signal)
stress-ng: error: [2225418] process 2225473 (stress-ng-cpu) terminated with an error, exit status=5 (killed by signal)
stress-ng: error: [2225418] process 2225474 (stress-ng-cpu) terminated with an error, exit status=5 (killed by signal)
stress-ng: error: [2225418] process 2225475 (stress-ng-cpu) terminated with an error, exit status=5 (killed by signal)
stress-ng: error: [2225418] process 2225476 (stress-ng-cpu) terminated with an error, exit status=5 (killed by signal)
stress-ng: error: [2225418] process 2225477 (stress-ng-cpu) terminated with an error, exit status=5 (killed by signal)
stress-ng: error: [2225418] process 2225478 (stress-ng-cpu) terminated with an error, exit status=5 (killed by signal)
stress-ng: error: [2225418] process 2225479 (stress-ng-cpu) terminated with an error, exit status=5 (killed by signal)
stress-ng: error: [2225418] process 2225480 (stress-ng-cpu) terminated with an error, exit status=5 (killed by signal)
stress-ng: error: [2225418] process 2225481 (stress-ng-cpu) terminated with an error, exit status=5 (killed by signal)
stress-ng: error: [2225418] process 2225482 (stress-ng-cpu) terminated with an error, exit status=5 (killed by signal)
stress-ng: error: [2225418] process 2225483 (stress-ng-cpu) terminated with an error, exit status=5 (killed by signal)
stress-ng: error: [2225418] process 2225484 (stress-ng-cpu) terminated with an error, exit status=5 (killed by signal)
stress-ng: error: [2225418] process 2225485 (stress-ng-cpu) terminated with an error, exit status=5 (killed by signal)
stress-ng: error: [2225418] process 2225486 (stress-ng-cpu) terminated with an error, exit status=5 (killed by signal)
stress-ng: error: [2225418] process 2225487 (stress-ng-cpu) terminated with an error, exit status=5 (killed by signal)
stress-ng: error: [2225418] process 2225488 (stress-ng-cpu) terminated with an error, exit status=5 (killed by signal)
stress-ng: error: [2225418] process 2225489 (stress-ng-cpu) terminated with an error, exit status=5 (killed by signal)
stress-ng: error: [2225418] process 2225490 (stress-ng-cpu) terminated with an error, exit status=5 (killed by signal)
stress-ng: error: [2225418] process 2225491 (stress-ng-cpu) terminated with an error, exit status=5 (killed by signal)
stress-ng: error: [2225418] process 2225492 (stress-ng-cpu) terminated with an error, exit status=5 (killed by signal)
stress-ng: error: [2225418] process 2225493 (stress-ng-cpu) terminated with an error, exit status=5 (killed by signal)
stress-ng: error: [2225418] process 2225494 (stress-ng-cpu) terminated with an error, exit status=5 (killed by signal)
stress-ng: error: [2225418] process 2225495 (stress-ng-cpu) terminated with an error, exit status=5 (killed by signal)
stress-ng: error: [2225418] process 2225496 (stress-ng-cpu) terminated with an error, exit status=5 (killed by signal)
stress-ng: error: [2225418] process 2225497 (stress-ng-cpu) terminated with an error, exit status=5 (killed by signal)
stress-ng: error: [2225418] process 2225498 (stress-ng-cpu) terminated with an error, exit status=5 (killed by signal)
stress-ng: error: [2225418] process 2225499 (stress-ng-cpu) terminated with an error, exit status=5 (killed by signal)
stress-ng: error: [2225418] process 2225500 (stress-ng-cpu) terminated with an error, exit status=5 (killed by signal)
stress-ng: error: [2225418] process 2225501 (stress-ng-cpu) terminated with an error, exit status=5 (killed by signal)
stress-ng: error: [2225418] process 2225502 (stress-ng-cpu) terminated with an error, exit status=5 (killed by signal)
stress-ng: error: [2225418] process 2225503 (stress-ng-cpu) terminated with an error, exit status=5 (killed by signal)
stress-ng: error: [2225418] process 2225504 (stress-ng-cpu) terminated with an error, exit status=5 (killed by signal)
stress-ng: error: [2225418] process 2225505 (stress-ng-cpu) terminated with an error, exit status=5 (killed by signal)
stress-ng: error: [2225418] process 2225506 (stress-ng-cpu) terminated with an error, exit status=5 (killed by signal)
stress-ng: error: [2225418] process 2225507 (stress-ng-cpu) terminated with an error, exit status=5 (killed by signal)
stress-ng: error: [2225418] process 2225508 (stress-ng-cpu) terminated with an error, exit status=5 (killed by signal)
stress-ng: error: [2225418] process 2225509 (stress-ng-cpu) terminated with an error, exit status=5 (killed by signal)
stress-ng: error: [2225418] process 2225510 (stress-ng-cpu) terminated with an error, exit status=5 (killed by signal)
stress-ng: error: [2225418] process 2225511 (stress-ng-cpu) terminated with an error, exit status=5 (killed by signal)
stress-ng: error: [2225418] process 2225512 (stress-ng-cpu) terminated with an error, exit status=5 (killed by signal)
stress-ng: error: [2225418] process 2225513 (stress-ng-cpu) terminated with an error, exit status=5 (killed by signal)
stress-ng: error: [2225418] process 2225514 (stress-ng-cpu) terminated with an error, exit status=5 (killed by signal)
stress-ng: error: [2225418] process 2225515 (stress-ng-cpu) terminated with an error, exit status=5 (killed by signal)
stress-ng: error: [2225418] process 2225516 (stress-ng-cpu) terminated with an error, exit status=5 (killed by signal)
stress-ng: error: [2225418] process 2225517 (stress-ng-cpu) terminated with an error, exit status=5 (killed by signal)
stress-ng: error: [2225418] process 2225518 (stress-ng-cpu) terminated with an error, exit status=5 (killed by signal)
stress-ng: error: [2225418] process 2225519 (stress-ng-cpu) terminated with an error, exit status=5 (killed by signal)
stress-ng: error: [2225418] process 2225520 (stress-ng-cpu) terminated with an error, exit status=5 (killed by signal)
stress-ng: error: [2225418] process 2225521 (stress-ng-cpu) terminated with an error, exit status=5 (killed by signal)
stress-ng: error: [2225418] process 2225522 (stress-ng-cpu) terminated with an error, exit status=5 (killed by signal)
stress-ng: error: [2225418] process 2225523 (stress-ng-cpu) terminated with an error, exit status=5 (killed by signal)
stress-ng: error: [2225418] process 2225524 (stress-ng-cpu) terminated with an error, exit status=5 (killed by signal)
stress-ng: error: [2225418] process 2225525 (stress-ng-cpu) terminated with an error, exit status=5 (killed by signal)
stress-ng: error: [2225418] process 2225526 (stress-ng-cpu) terminated with an error, exit status=5 (killed by signal)
stress-ng: error: [2225418] process 2225527 (stress-ng-cpu) terminated with an error, exit status=5 (killed by signal)
stress-ng: error: [2225418] process 2225528 (stress-ng-cpu) terminated with an error, exit status=5 (killed by signal)
stress-ng: error: [2225418] process 2225529 (stress-ng-cpu) terminated with an error, exit status=5 (killed by signal)
stress-ng: error: [2225418] process 2225530 (stress-ng-cpu) terminated with an error, exit status=5 (killed by signal)
stress-ng: error: [2225418] process 2225531 (stress-ng-cpu) terminated with an error, exit status=5 (killed by signal)
stress-ng: error: [2225418] process 2225532 (stress-ng-cpu) terminated with an error, exit status=5 (killed by signal)
stress-ng: error: [2225418] process 2225533 (stress-ng-cpu) terminated with an error, exit status=5 (killed by signal)
stress-ng: error: [2225418] process 2225534 (stress-ng-cpu) terminated with an error, exit status=5 (killed by signal)
stress-ng: error: [2225418] process 2225535 (stress-ng-cpu) terminated with an error, exit status=5 (killed by signal)
stress-ng: error: [2225418] process 2225536 (stress-ng-cpu) terminated with an error, exit status=5 (killed by signal)
stress-ng: error: [2225418] process 2225537 (stress-ng-cpu) terminated with an error, exit status=5 (killed by signal)
stress-ng: error: [2225418] process 2225538 (stress-ng-cpu) terminated with an error, exit status=5 (killed by signal)
stress-ng: error: [2225418] process 2225539 (stress-ng-cpu) terminated with an error, exit status=5 (killed by signal)
stress-ng: error: [2225418] process 2225540 (stress-ng-cpu) terminated with an error, exit status=5 (killed by signal)
stress-ng: error: [2225418] process 2225541 (stress-ng-cpu) terminated with an error, exit status=5 (killed by signal)
stress-ng: error: [2225418] process 2225542 (stress-ng-cpu) terminated with an error, exit status=5 (killed by signal)
stress-ng: error: [2225418] process 2225543 (stress-ng-cpu) terminated with an error, exit status=5 (killed by signal)
stress-ng: error: [2225418] process 2225544 (stress-ng-cpu) terminated with an error, exit status=5 (killed by signal)
stress-ng: error: [2225418] process 2225545 (stress-ng-cpu) terminated with an error, exit status=5 (killed by signal)
stress-ng: error: [2225418] process 2225546 (stress-ng-cpu) terminated with an error, exit status=5 (killed by signal)
stress-ng: error: [2225418] process 2225547 (stress-ng-cpu) terminated with an error, exit status=5 (killed by signal)
stress-ng: error: [2225418] process 2225548 (stress-ng-cpu) terminated with an error, exit status=5 (killed by signal)
stress-ng: error: [2225418] process 2225549 (stress-ng-cpu) terminated with an error, exit status=5 (killed by signal)
stress-ng: error: [2225418] process 2225550 (stress-ng-cpu) terminated with an error, exit status=5 (killed by signal)
stress-ng: error: [2225418] process 2225551 (stress-ng-cpu) terminated with an error, exit status=5 (killed by signal)
stress-ng: error: [2225418] process 2225552 (stress-ng-cpu) terminated with an error, exit status=5 (killed by signal)
stress-ng: error: [2225418] process 2225553 (stress-ng-cpu) terminated with an error, exit status=5 (killed by signal)
stress-ng: error: [2225418] process 2225554 (stress-ng-cpu) terminated with an error, exit status=5 (killed by signal)
stress-ng: error: [2225418] process 2225555 (stress-ng-cpu) terminated with an error, exit status=5 (killed by signal)
stress-ng: error: [2225418] process 2225556 (stress-ng-cpu) terminated with an error, exit status=5 (killed by signal)
stress-ng: error: [2225418] process 2225557 (stress-ng-cpu) terminated with an error, exit status=5 (killed by signal)
stress-ng: info:  [2225418] unsuccessful run completed in 59.69s
SIDECAR_STOP
