stress-ng: info:  [2944889] setting to a 900 second (15 mins, 0.00 secs) run per stressor
stress-ng: info:  [2944889] dispatching hogs: 128 cpu
stress-ng: info:  [2944890] stress-ng-cpu: CPU affinity probably set, this can affect CPU loading
stress-ng: error: [2944889] process 2944890 (stress-ng-cpu) terminated with an error, exit status=5 (killed by signal)
stress-ng: error: [2944889] process 2944891 (stress-ng-cpu) terminated with an error, exit status=5 (killed by signal)
stress-ng: error: [2944889] process 2944892 (stress-ng-cpu) terminated with an error, exit status=5 (killed by signal)
stress-ng: error: [2944889] process 2944893 (stress-ng-cpu) terminated with an error, exit status=5 (killed by signal)
stress-ng: error: [2944889] process 2944894 (stress-ng-cpu) terminated with an error, exit status=5 (killed by signal)
stress-ng: error: [2944889] process 2944895 (stress-ng-cpu) terminated with an error, exit status=5 (killed by signal)
stress-ng: error: [2944889] process 2944896 (stress-ng-cpu) terminated with an error, exit status=5 (killed by signal)
stress-ng: error: [2944889] process 2944897 (stress-ng-cpu) terminated with an error, exit status=5 (killed by signal)
stress-ng: error: [2944889] process 2944898 (stress-ng-cpu) terminated with an error, exit status=5 (killed by signal)
stress-ng: error: [2944889] process 2944899 (stress-ng-cpu) terminated with an error, exit status=5 (killed by signal)
stress-ng: error: [2944889] process 2944900 (stress-ng-cpu) terminated with an error, exit status=5 (killed by signal)
stress-ng: error: [2944889] process 2944901 (stress-ng-cpu) terminated with an error, exit status=5 (killed by signal)
stress-ng: error: [2944889] process 2944902 (stress-ng-cpu) terminated with an error, exit status=5 (killed by signal)
stress-ng: error: [2944889] process 2944903 (stress-ng-cpu) terminated with an error, exit status=5 (killed by signal)
stress-ng: error: [2944889] process 2944904 (stress-ng-cpu) terminated with an error, exit status=5 (killed by signal)
stress-ng: error: [2944889] process 2944905 (stress-ng-cpu) terminated with an error, exit status=5 (killed by signal)
stress-ng: error: [2944889] process 2944906 (stress-ng-cpu) terminated with an error, exit status=5 (killed by signal)
stress-ng: error: [2944889] process 2944907 (stress-ng-cpu) terminated with an error, exit status=5 (killed by signal)
stress-ng: error: [2944889] process 2944908 (stress-ng-cpu) terminated with an error, exit status=5 (killed by signal)
stress-ng: error: [2944889] process 2944909 (stress-ng-cpu) terminated with an error, exit status=5 (killed by signal)
stress-ng: error: [2944889] process 2944910 (stress-ng-cpu) terminated with an error, exit status=5 (killed by signal)
stress-ng: error: [2944889] process 2944911 (stress-ng-cpu) terminated with an error, exit status=5 (killed by signal)
stress-ng: error: [2944889] process 2944912 (stress-ng-cpu) terminated with an error, exit status=5 (killed by signal)
stress-ng: error: [2944889] process 2944913 (stress-ng-cpu) terminated with an error, exit status=5 (killed by signal)
stress-ng: error: [2944889] process 2944914 (stress-ng-cpu) terminated with an error, exit status=5 (killed by signal)
stress-ng: error: [2944889] process 2944915 (stress-ng-cpu) terminated with an error, exit status=5 (killed by signal)
stress-ng: error: [2944889] process 2944916 (stress-ng-cpu) terminated with an error, exit status=5 (killed by signal)
stress-ng: error: [2944889] process 2944917 (stress-ng-cpu) terminated with an error, exit status=5 (killed by signal)
stress-ng: error: [2944889] process 2944918 (stress-ng-cpu) terminated with an error, exit status=5 (killed by signal)
stress-ng: error: [2944889] process 2944919 (stress-ng-cpu) terminated with an error, exit status=5 (killed by signal)
stress-ng: error: [2944889] process 2944920 (stress-ng-cpu) terminated with an error, exit status=5 (killed by signal)
stress-ng: error: [2944889] process 2944921 (stress-ng-cpu) terminated with an error, exit status=5 (killed by signal)
stress-ng: error: [2944889] process 2944922 (stress-ng-cpu) terminated with an error, exit status=5 (killed by signal)
stress-ng: error: [2944889] process 2944923 (stress-ng-cpu) terminated with an error, exit status=5 (killed by signal)
stress-ng: error: [2944889] process 2944924 (stress-ng-cpu) terminated with an error, exit status=5 (killed by signal)
stress-ng: error: [2944889] process 2944925 (stress-ng-cpu) terminated with an error, exit status=5 (killed by signal)
stress-ng: error: [2944889] process 2944926 (stress-ng-cpu) terminated with an error, exit status=5 (killed by signal)
stress-ng: error: [2944889] process 2944927 (stress-ng-cpu) terminated with an error, exit status=5 (killed by signal)
stress-ng: error: [2944889] process 2944928 (stress-ng-cpu) terminated with an error, exit status=5 (killed by signal)
stress-ng: error: [2944889] process 2944929 (stress-ng-cpu) terminated with an error, exit status=5 (killed by signal)
stress-ng: error: [2944889] process 2944930 (stress-ng-cpu) terminated with an error, exit status=5 (killed by signal)
stress-ng: error: [2944889] process 2944931 (stress-ng-cpu) terminated with an error, exit status=5 (killed by signal)
stress-ng: error: [2944889] process 2944932 (stress-ng-cpu) terminated with an error, exit status=5 (killed by signal)
stress-ng: error: [2944889] process 2944933 (stress-ng-cpu) terminated with an error, exit status=5 (killed by signal)
stress-ng: error: [2944889] process 2944934 (stress-ng-cpu) terminated with an error, exit status=5 (killed by signal)
stress-ng: error: [2944889] process 2944935 (stress-ng-cpu) terminated with an error, exit status=5 (killed by signal)
stress-ng: error: [2944889] process 2944936 (stress-ng-cpu) terminated with an error, exit status=5 (killed by signal)
stress-ng: error: [2944889] process 2944937 (stress-ng-cpu) terminated with an error, exit status=5 (killed by signal)
stress-ng: error: [2944889] process 2944938 (stress-ng-cpu) terminated with an error, exit status=5 (killed by signal)
stress-ng: error: [2944889] process 2944939 (stress-ng-cpu) terminated with an error, exit status=5 (killed by signal)
stress-ng: error: [2944889] process 2944940 (stress-ng-cpu) terminated with an error, exit status=5 (killed by signal)
stress-ng: error: [2944889] process 2944941 (stress-ng-cpu) terminated with an error, exit status=5 (killed by signal)
stress-ng: error: [2944889] process 2944942 (stress-ng-cpu) terminated with an error, exit status=5 (killed by signal)
stress-ng: error: [2944889] process 2944943 (stress-ng-cpu) terminated with an error, exit status=5 (killed by signal)
stress-ng: error: [2944889] process 2944944 (stress-ng-cpu) terminated with an error, exit status=5 (killed by signal)
stress-ng: error: [2944889] process 2944945 (stress-ng-cpu) terminated with an error, exit status=5 (killed by signal)
stress-ng: error: [2944889] process 2944946 (stress-ng-cpu) terminated with an error, exit status=5 (killed by signal)
stress-ng: error: [2944889] process 2944947 (stress-ng-cpu) terminated with an error, exit status=5 (killed by signal)
stress-ng: error: [2944889] process 2944948 (stress-ng-cpu) terminated with an error, exit status=5 (killed by signal)
stress-ng: error: [2944889] process 2944949 (stress-ng-cpu) terminated with an error, exit status=5 (killed by signal)
stress-ng: error: [2944889] process 2944950 (stress-ng-cpu) terminated with an error, exit status=5 (killed by signal)
stress-ng: error: [2944889] process 2944951 (stress-ng-cpu) terminated with an error, exit status=5 (killed by signal)
stress-ng: error: [2944889] process 2944952 (stress-ng-cpu) terminated with an error, exit status=5 (killed by signal)
stress-ng: error: [2944889] process 2944953 (stress-ng-cpu) terminated with an error, exit status=5 (killed by signal)
stress-ng: error: [2944889] process 2944954 (stress-ng-cpu) terminated with an error, exit status=5 (killed by signal)
stress-ng: error: [2944889] process 2944955 (stress-ng-cpu) terminated with an error, exit status=5 (killed by signal)
stress-ng: error: [2944889] process 2944956 (stress-ng-cpu) terminated with an error, exit status=5 (killed by signal)
stress-ng: error: [2944889] process 2944957 (stress-ng-cpu) terminated with an error, exit status=5 (killed by signal)
stress-ng: error: [2944889] process 2944958 (stress-ng-cpu) terminated with an error, exit status=5 (killed by signal)
stress-ng: error: [2944889] process 2944959 (stress-ng-cpu) terminated with an error, exit status=5 (killed by signal)
stress-ng: error: [2944889] process 2944960 (stress-ng-cpu) terminated with an error, exit status=5 (killed by signal)
stress-ng: error: [2944889] process 2944961 (stress-ng-cpu) terminated with an error, exit status=5 (killed by signal)
stress-ng: error: [2944889] process 2944962 (stress-ng-cpu) terminated with an error, exit status=5 (killed by signal)
stress-ng: error: [2944889] process 2944963 (stress-ng-cpu) terminated with an error, exit status=5 (killed by signal)
stress-ng: error: [2944889] process 2944964 (stress-ng-cpu) terminated with an error, exit status=5 (killed by signal)
stress-ng: error: [2944889] process 2944965 (stress-ng-cpu) terminated with an error, exit status=5 (killed by signal)
stress-ng: error: [2944889] process 2944966 (stress-ng-cpu) terminated with an error, exit status=5 (killed by signal)
stress-ng: error: [2944889] process 2944967 (stress-ng-cpu) terminated with an error, exit status=5 (killed by signal)
stress-ng: error: [2944889] process 2944968 (stress-ng-cpu) terminated with an error, exit status=5 (killed by signal)
stress-ng: error: [2944889] process 2944969 (stress-ng-cpu) terminated with an error, exit status=5 (killed by signal)
stress-ng: error: [2944889] process 2944970 (stress-ng-cpu) terminated with an error, exit status=5 (killed by signal)
stress-ng: error: [2944889] process 2944971 (stress-ng-cpu) terminated with an error, exit status=5 (killed by signal)
stress-ng: error: [2944889] process 2944972 (stress-ng-cpu) terminated with an error, exit status=5 (killed by signal)
stress-ng: error: [2944889] process 2944973 (stress-ng-cpu) terminated with an error, exit status=5 (killed by signal)
stress-ng: error: [2944889] process 2944974 (stress-ng-cpu) terminated with an error, exit status=5 (killed by signal)
stress-ng: error: [2944889] process 2944975 (stress-ng-cpu) terminated with an error, exit status=5 (killed by signal)
stress-ng: error: [2944889] process 2944976 (stress-ng-cpu) terminated with an error, exit status=5 (killed by signal)
stress-ng: error: [2944889] process 2944977 (stress-ng-cpu) terminated with an error, exit status=5 (killed by signal)
stress-ng: error: [2944889] process 2944978 (stress-ng-cpu) terminated with an error, exit status=5 (killed by signal)
stress-ng: error: [2944889] process 2944979 (stress-ng-cpu) terminated with an error, exit status=5 (killed by signal)
stress-ng: error: [2944889] process 2944980 (stress-ng-cpu) terminated with an error, exit status=5 (killed by signal)
stress-ng: error: [2944889] process 2944981 (stress-ng-cpu) terminated with an error, exit status=5 (killed by signal)
stress-ng: error: [2944889] process 2944982 (stress-ng-cpu) terminated with an error, exit status=5 (killed by signal)
stress-ng: error: [2944889] process 2944983 (stress-ng-cpu) terminated with an error, exit status=5 (killed by signal)
stress-ng: error: [2944889] process 2944984 (stress-ng-cpu) terminated with an error, exit status=5 (killed by signal)
stress-ng: error: [2944889] process 2944985 (stress-ng-cpu) terminated with an error, exit status=5 (killed by signal)
stress-ng: error: [2944889] process 2944986 (stress-ng-cpu) terminated with an error, exit status=5 (killed by signal)
stress-ng: error: [2944889] process 2944987 (stress-ng-cpu) terminated with an error, exit status=5 (killed by signal)
stress-ng: error: [2944889] process 2944988 (stress-ng-cpu) terminated with an error, exit status=5 (killed by signal)
stress-ng: error: [2944889] process 2944989 (stress-ng-cpu) terminated with an error, exit status=5 (killed by signal)
stress-ng: error: [2944889] process 2944990 (stress-ng-cpu) terminated with an error, exit status=5 (killed by signal)
stress-ng: error: [2944889] process 2944991 (stress-ng-cpu) terminated with an error, exit status=5 (killed by signal)
stress-ng: error: [2944889] process 2944992 (stress-ng-cpu) terminated with an error, exit status=5 (killed by signal)
stress-ng: error: [2944889] process 2944993 (stress-ng-cpu) terminated with an error, exit status=5 (killed by signal)
stress-ng: error: [2944889] process 2944994 (stress-ng-cpu) terminated with an error, exit status=5 (killed by signal)
stress-ng: error: [2944889] process 2944995 (stress-ng-cpu) terminated with an error, exit status=5 (killed by signal)
stress-ng: error: [2944889] process 2944996 (stress-ng-cpu) terminated with an error, exit status=5 (killed by signal)
stress-ng: error: [2944889] process 2944997 (stress-ng-cpu) terminated with an error, exit status=5 (killed by signal)
stress-ng: error: [2944889] process 2944998 (stress-ng-cpu) terminated with an error, exit status=5 (killed by signal)
stress-ng: error: [2944889] process 2944999 (stress-ng-cpu) terminated with an error, exit status=5 (killed by signal)
stress-ng: error: [2944889] process 2945000 (stress-ng-cpu) terminated with an error, exit status=5 (killed by signal)
stress-ng: error: [2944889] process 2945001 (stress-ng-cpu) terminated with an error, exit status=5 (killed by signal)
stress-ng: error: [2944889] process 2945002 (stress-ng-cpu) terminated with an error, exit status=5 (killed by signal)
stress-ng: error: [2944889] process 2945003 (stress-ng-cpu) terminated with an error, exit status=5 (killed by signal)
stress-ng: error: [2944889] process 2945004 (stress-ng-cpu) terminated with an error, exit status=5 (killed by signal)
stress-ng: error: [2944889] process 2945005 (stress-ng-cpu) terminated with an error, exit status=5 (killed by signal)
stress-ng: error: [2944889] process 2945006 (stress-ng-cpu) terminated with an error, exit status=5 (killed by signal)
stress-ng: error: [2944889] process 2945007 (stress-ng-cpu) terminated with an error, exit status=5 (killed by signal)
stress-ng: error: [2944889] process 2945008 (stress-ng-cpu) terminated with an error, exit status=5 (killed by signal)
stress-ng: error: [2944889] process 2945009 (stress-ng-cpu) terminated with an error, exit status=5 (killed by signal)
stress-ng: error: [2944889] process 2945010 (stress-ng-cpu) terminated with an error, exit status=5 (killed by signal)
stress-ng: error: [2944889] process 2945011 (stress-ng-cpu) terminated with an error, exit status=5 (killed by signal)
stress-ng: error: [2944889] process 2945012 (stress-ng-cpu) terminated with an error, exit status=5 (killed by signal)
stress-ng: error: [2944889] process 2945013 (stress-ng-cpu) terminated with an error, exit status=5 (killed by signal)
stress-ng: error: [2944889] process 2945014 (stress-ng-cpu) terminated with an error, exit status=5 (killed by signal)
stress-ng: error: [2944889] process 2945015 (stress-ng-cpu) terminated with an error, exit status=5 (killed by signal)
stress-ng: error: [2944889] process 2945016 (stress-ng-cpu) terminated with an error, exit status=5 (killed by signal)
stress-ng: error: [2944889] process 2945017 (stress-ng-cpu) terminated with an error, exit status=5 (killed by signal)
stress-ng: info:  [2944889] unsuccessful run completed in 36.27s
SIDECAR_STOP
