MASTER_ADDR=127.0.0.1 NPROC=16 RUN=contrast-p3-sw-c-quiet-20260726_132040 dose=quiet pod=yysong-worker-2
dose: cpu_n=80 cpu_load=70 mb=1 leak_every=2.0 max_chunks=32
========== C0_baseline port=30430 inject=0 8c cpu_n=80 load=70 ==========
  warmup ok (30s)
  waiting… t=30s prom=16 ranks=16
  waiting… t=60s prom=16 ranks=16
  waiting… t=90s prom=16 ranks=16
  done (95s)
========== C1_inject_none port=30431 inject=1 8c cpu_n=80 load=70 ==========
  warmup ok (30s)
  measure step 100 (16s) — start sidecar 8c
SC=598823
  8c sidecar START ok (2s)
  measure step 300 → stop 8c
./contrast_p3swc.sh: line 178: 598823 Killed                  nohup /root/miniconda3/envs/llm_test/bin/python -u "$SIDECAR_PY" --case 8c --seconds 1800 > "$out/injection.log" 2>&1
  waiting… t=30s prom=16 ranks=16
  done (45s)
# XPUTimer contrast · P3-SW-C loud

- case_id: `P3-SW-C`
- case_ref: `20260726_125953-yjr-as-c-p3-sw-c-quiet`
- dose: `loud` — sidecar 8c cpu_n=80 cpu_load=70 mb=1 leak_every=2.0 max_chunks=32; window [100,300]; dose=quiet
- detect_mode: **cross_run_contrast** （自主=prom hang/slow flags；跨-run=C1/C0 中位比≥1.15，需外部健康基线 C0）
- metric: jsonl `dur_us` of `HcclAllReduce` (host-wall around Hccl*)

## A) XPUTimer 自主信号（.prom hang/slow flags；无需外部基线）

| arm | coll_events | hang_flags | slow_flags |
|-----|-----------:|-----------:|-----------:|
| C0  | 81401 | 0 | 0 |
| C1  | 81401 | 0 | 0 |

**autonomous_flag (C1 hang+slow>0) = False** （SLOW_REPORT_US=0 关、HANG_TIMEOUT_MS=60000；未开 oracle INJECT_STALL）

## B) cross-run 中位对照（需外部健康基线 C0，非自主）

| arm | n | median dur_us | ≥1.5×C0med（噪声诊断，非判据） |
|-----|--:|-------------:|------------------------------:|
| C0  | 70336 | 130.0 | 11001 |
| C1  | 70336 | 130.0 | 10447 |

**C1/C0 coll ratio = 1.000** → FAIL (thr 1.15)

> ⚠️ `≥1.5×C0med` 计数仅作噪声诊断：C0 健康线自身就有 11001 个，说明该线在集合通信 host-wall 上可能大面积误报，**不作判据**。

## C) dose_check（step_ms 窗内中位；非 XPUTimer 规则）

- window: [100, 300)
- C0 median step_ms: 89.344 (n=3200)
- C1 median step_ms: 175.097 (n=3200)
- C1/C0 step_ms = 1.960 → PASS (thr 1.15)

## Verdict

- **autonomous_detect**: NO (XPUTimer 自己的 hang/slow flags)
- **cross_run_contrast**: FAIL (C1/C0=1.000；需外部基线)
- **dose_check**: PASS (step_ms C1/C0=1.960)
- **detect_ok**: false (autonomous OR cross_run；dose_check 单独记)
- **detect_mode**: `cross_run_contrast`

Note: 如实记能力边界；无咬合也是 DONE。不改对手阈值、不覆盖 Probing 分。

CONTRAST_DONE RUN=contrast-p3-sw-c-quiet-20260726_132040 DUMP=/afs-a3-weight-share/yinjinrun.p-huawei/results/ascend-ais/baseline/xputimer/contrast-p3-sw-c-quiet-20260726_132040 verdict_rc=2
