SET_BEGIN ts=2026-07-26T18:45:01+08:00 trigger=L_ge_155
SET_L=169
SET_T0_MS=1785062701814
CANDS=1974166 1974167 1974168 1974169 1974170 1974171 1974172 1974173 1974174 1974175 1974176 1974177 1974178 1974179 1974180 1974181 1976615 1976616 1976617 1976621 1976622 1976625 1976627 1976628 1976631 1976632 1976635 1976637 1976639 1976641 1976645 1976648 1976651 1976654 1976655 1976661 1976662 1976665 1976666 1976667 1976670 1976671 1976672 1976676 1976695 1976698 1976701 1976707
ATTACH_OK pid=1974166
ATTACH_T_MS=1785062702434
sending ctrl commands via unix socket...

sending ctrl commands via unix socket...
┌──────────────────────────────────────────────────────────────────────────────┐
│ value                                                                        │
├──────────────────────────────────────────────────────────────────────────────┤
│ on,rate=1.0                                                                  │
└──────────────────────────────────────────────────────────────────────────────┘
SET_T1_MS=1785062702609
SET_OK_WORKER pid=1974166
SET_LATENCY_MS=795
ATTACH_OK pid=1974167
ATTACH_T_MS=1785062702922
sending ctrl commands via unix socket...

sending ctrl commands via unix socket...
┌──────────────────────────────────────────────────────────────────────────────┐
│ value                                                                        │
├──────────────────────────────────────────────────────────────────────────────┤
│ on,rate=1.0                                                                  │
└──────────────────────────────────────────────────────────────────────────────┘
SET_T1_MS=1785062703094
SET_OK_WORKER pid=1974167
SET_LATENCY_MS=1280
ATTACH_OK pid=1974168
ATTACH_T_MS=1785062703402
sending ctrl commands via unix socket...

sending ctrl commands via unix socket...
┌──────────────────────────────────────────────────────────────────────────────┐
│ value                                                                        │
├──────────────────────────────────────────────────────────────────────────────┤
│ on,rate=1.0                                                                  │
└──────────────────────────────────────────────────────────────────────────────┘
SET_T1_MS=1785062704277
SET_OK_WORKER pid=1974168
SET_LATENCY_MS=2463
ATTACH_OK pid=1974169
ATTACH_T_MS=1785062704624
sending ctrl commands via unix socket...

sending ctrl commands via unix socket...
┌──────────────────────────────────────────────────────────────────────────────┐
│ value                                                                        │
├──────────────────────────────────────────────────────────────────────────────┤
│ on,rate=1.0                                                                  │
└──────────────────────────────────────────────────────────────────────────────┘
SET_T1_MS=1785062704803
SET_OK_WORKER pid=1974169
SET_LATENCY_MS=2989
ATTACH_OK pid=1974170
ATTACH_T_MS=1785062705179
sending ctrl commands via unix socket...

sending ctrl commands via unix socket...
┌──────────────────────────────────────────────────────────────────────────────┐
│ value                                                                        │
├──────────────────────────────────────────────────────────────────────────────┤
│ on,rate=1.0                                                                  │
└──────────────────────────────────────────────────────────────────────────────┘
SET_T1_MS=1785062705361
SET_OK_WORKER pid=1974170
SET_LATENCY_MS=3547
ATTACH_OK pid=1974171
ATTACH_T_MS=1785062705664
sending ctrl commands via unix socket...

sending ctrl commands via unix socket...
┌──────────────────────────────────────────────────────────────────────────────┐
│ value                                                                        │
├──────────────────────────────────────────────────────────────────────────────┤
│ on,rate=1.0                                                                  │
└──────────────────────────────────────────────────────────────────────────────┘
SET_T1_MS=1785062705837
SET_OK_WORKER pid=1974171
SET_LATENCY_MS=4023
ATTACH_OK pid=1974172
ATTACH_T_MS=1785062706161
sending ctrl commands via unix socket...

sending ctrl commands via unix socket...
┌──────────────────────────────────────────────────────────────────────────────┐
│ value                                                                        │
├──────────────────────────────────────────────────────────────────────────────┤
│ on,rate=1.0                                                                  │
└──────────────────────────────────────────────────────────────────────────────┘
SET_T1_MS=1785062706391
SET_OK_WORKER pid=1974172
SET_LATENCY_MS=4577
ATTACH_OK pid=1974173
ATTACH_T_MS=1785062706727
sending ctrl commands via unix socket...

sending ctrl commands via unix socket...
┌──────────────────────────────────────────────────────────────────────────────┐
│ value                                                                        │
├──────────────────────────────────────────────────────────────────────────────┤
│ on,rate=1.0                                                                  │
└──────────────────────────────────────────────────────────────────────────────┘
SET_T1_MS=1785062706926
SET_OK_WORKER pid=1974173
SET_LATENCY_MS=5112
ATTACH_OK pid=1974174
ATTACH_T_MS=1785062707363
sending ctrl commands via unix socket...

sending ctrl commands via unix socket...
┌──────────────────────────────────────────────────────────────────────────────┐
│ value                                                                        │
├──────────────────────────────────────────────────────────────────────────────┤
│ on,rate=1.0                                                                  │
└──────────────────────────────────────────────────────────────────────────────┘
SET_T1_MS=1785062707555
SET_OK_WORKER pid=1974174
SET_LATENCY_MS=5741
ATTACH_OK pid=1974175
ATTACH_T_MS=1785062708005
sending ctrl commands via unix socket...

sending ctrl commands via unix socket...
┌──────────────────────────────────────────────────────────────────────────────┐
│ value                                                                        │
├──────────────────────────────────────────────────────────────────────────────┤
│ on,rate=1.0                                                                  │
└──────────────────────────────────────────────────────────────────────────────┘
SET_T1_MS=1785062708185
SET_OK_WORKER pid=1974175
SET_LATENCY_MS=6371
ATTACH_OK pid=1974176
ATTACH_T_MS=1785062708515
sending ctrl commands via unix socket...

sending ctrl commands via unix socket...
┌──────────────────────────────────────────────────────────────────────────────┐
│ value                                                                        │
├──────────────────────────────────────────────────────────────────────────────┤
│ on,rate=1.0                                                                  │
└──────────────────────────────────────────────────────────────────────────────┘
SET_T1_MS=1785062708699
SET_OK_WORKER pid=1974176
SET_LATENCY_MS=6885
ATTACH_OK pid=1974177
ATTACH_T_MS=1785062709011
sending ctrl commands via unix socket...

sending ctrl commands via unix socket...
┌──────────────────────────────────────────────────────────────────────────────┐
│ value                                                                        │
├──────────────────────────────────────────────────────────────────────────────┤
│ on,rate=1.0                                                                  │
└──────────────────────────────────────────────────────────────────────────────┘
SET_T1_MS=1785062709188
SET_OK_WORKER pid=1974177
SET_LATENCY_MS=7374
ATTACH_OK pid=1974178
ATTACH_T_MS=1785062709468
sending ctrl commands via unix socket...

sending ctrl commands via unix socket...
┌──────────────────────────────────────────────────────────────────────────────┐
│ value                                                                        │
├──────────────────────────────────────────────────────────────────────────────┤
│ on,rate=1.0                                                                  │
└──────────────────────────────────────────────────────────────────────────────┘
SET_T1_MS=1785062709662
SET_OK_WORKER pid=1974178
SET_LATENCY_MS=7848
ATTACH_OK pid=1974179
ATTACH_T_MS=1785062709962
sending ctrl commands via unix socket...

sending ctrl commands via unix socket...
┌──────────────────────────────────────────────────────────────────────────────┐
│ value                                                                        │
├──────────────────────────────────────────────────────────────────────────────┤
│ on,rate=1.0                                                                  │
└──────────────────────────────────────────────────────────────────────────────┘
SET_T1_MS=1785062710137
SET_OK_WORKER pid=1974179
SET_LATENCY_MS=8323
ATTACH_OK pid=1974180
ATTACH_T_MS=1785062710443
sending ctrl commands via unix socket...

sending ctrl commands via unix socket...
┌──────────────────────────────────────────────────────────────────────────────┐
│ value                                                                        │
├──────────────────────────────────────────────────────────────────────────────┤
│ on,rate=1.0                                                                  │
└──────────────────────────────────────────────────────────────────────────────┘
SET_T1_MS=1785062710628
SET_OK_WORKER pid=1974180
SET_LATENCY_MS=8814
ATTACH_OK pid=1974181
ATTACH_T_MS=1785062710939
sending ctrl commands via unix socket...

sending ctrl commands via unix socket...
┌──────────────────────────────────────────────────────────────────────────────┐
│ value                                                                        │
├──────────────────────────────────────────────────────────────────────────────┤
│ on,rate=1.0                                                                  │
└──────────────────────────────────────────────────────────────────────────────┘
SET_T1_MS=1785062711128
SET_OK_WORKER pid=1974181
SET_LATENCY_MS=9314
ATTACH_FAIL pid=1976615
ATTACH_FAIL pid=1976616
ATTACH_FAIL pid=1976617
ATTACH_FAIL pid=1976621
ATTACH_FAIL pid=1976622
ATTACH_FAIL pid=1976625
ATTACH_FAIL pid=1976627
ATTACH_FAIL pid=1976628
ATTACH_FAIL pid=1976631
ATTACH_FAIL pid=1976632
ATTACH_FAIL pid=1976635
ATTACH_FAIL pid=1976637
ATTACH_FAIL pid=1976639
ATTACH_FAIL pid=1976641
ATTACH_FAIL pid=1976645
ATTACH_FAIL pid=1976648
ATTACH_FAIL pid=1976651
ATTACH_FAIL pid=1976654
ATTACH_FAIL pid=1976655
ATTACH_FAIL pid=1976661
ATTACH_FAIL pid=1976662
ATTACH_FAIL pid=1976665
ATTACH_FAIL pid=1976666
ATTACH_FAIL pid=1976667
ATTACH_FAIL pid=1976670
ATTACH_FAIL pid=1976671
ATTACH_FAIL pid=1976672
ATTACH_FAIL pid=1976676
ATTACH_FAIL pid=1976695
ATTACH_FAIL pid=1976698
ATTACH_FAIL pid=1976701
ATTACH_FAIL pid=1976707
SET_END ts=2026-07-26T18:45:13+08:00
