stress-ng: info:  [2206405] setting to a 900 second (15 mins, 0.00 secs) run per stressor
stress-ng: info:  [2206405] dispatching hogs: 128 cpu
stress-ng: info:  [2206406] stress-ng-cpu: CPU affinity probably set, this can affect CPU loading
stress-ng: error: [2206405] process 2206406 (stress-ng-cpu) terminated with an error, exit status=5 (killed by signal)
stress-ng: error: [2206405] process 2206407 (stress-ng-cpu) terminated with an error, exit status=5 (killed by signal)
stress-ng: error: [2206405] process 2206408 (stress-ng-cpu) terminated with an error, exit status=5 (killed by signal)
stress-ng: error: [2206405] process 2206409 (stress-ng-cpu) terminated with an error, exit status=5 (killed by signal)
stress-ng: error: [2206405] process 2206410 (stress-ng-cpu) terminated with an error, exit status=5 (killed by signal)
stress-ng: error: [2206405] process 2206411 (stress-ng-cpu) terminated with an error, exit status=5 (killed by signal)
stress-ng: error: [2206405] process 2206412 (stress-ng-cpu) terminated with an error, exit status=5 (killed by signal)
stress-ng: error: [2206405] process 2206413 (stress-ng-cpu) terminated with an error, exit status=5 (killed by signal)
stress-ng: error: [2206405] process 2206414 (stress-ng-cpu) terminated with an error, exit status=5 (killed by signal)
stress-ng: error: [2206405] process 2206415 (stress-ng-cpu) terminated with an error, exit status=5 (killed by signal)
stress-ng: error: [2206405] process 2206416 (stress-ng-cpu) terminated with an error, exit status=5 (killed by signal)
stress-ng: error: [2206405] process 2206417 (stress-ng-cpu) terminated with an error, exit status=5 (killed by signal)
stress-ng: error: [2206405] process 2206418 (stress-ng-cpu) terminated with an error, exit status=5 (killed by signal)
stress-ng: error: [2206405] process 2206419 (stress-ng-cpu) terminated with an error, exit status=5 (killed by signal)
stress-ng: error: [2206405] process 2206420 (stress-ng-cpu) terminated with an error, exit status=5 (killed by signal)
stress-ng: error: [2206405] process 2206421 (stress-ng-cpu) terminated with an error, exit status=5 (killed by signal)
stress-ng: error: [2206405] process 2206422 (stress-ng-cpu) terminated with an error, exit status=5 (killed by signal)
stress-ng: error: [2206405] process 2206423 (stress-ng-cpu) terminated with an error, exit status=5 (killed by signal)
stress-ng: error: [2206405] process 2206424 (stress-ng-cpu) terminated with an error, exit status=5 (killed by signal)
stress-ng: error: [2206405] process 2206425 (stress-ng-cpu) terminated with an error, exit status=5 (killed by signal)
stress-ng: error: [2206405] process 2206426 (stress-ng-cpu) terminated with an error, exit status=5 (killed by signal)
stress-ng: error: [2206405] process 2206427 (stress-ng-cpu) terminated with an error, exit status=5 (killed by signal)
stress-ng: error: [2206405] process 2206428 (stress-ng-cpu) terminated with an error, exit status=5 (killed by signal)
stress-ng: error: [2206405] process 2206429 (stress-ng-cpu) terminated with an error, exit status=5 (killed by signal)
stress-ng: error: [2206405] process 2206430 (stress-ng-cpu) terminated with an error, exit status=5 (killed by signal)
stress-ng: error: [2206405] process 2206431 (stress-ng-cpu) terminated with an error, exit status=5 (killed by signal)
stress-ng: error: [2206405] process 2206432 (stress-ng-cpu) terminated with an error, exit status=5 (killed by signal)
stress-ng: error: [2206405] process 2206433 (stress-ng-cpu) terminated with an error, exit status=5 (killed by signal)
stress-ng: error: [2206405] process 2206434 (stress-ng-cpu) terminated with an error, exit status=5 (killed by signal)
stress-ng: error: [2206405] process 2206435 (stress-ng-cpu) terminated with an error, exit status=5 (killed by signal)
stress-ng: error: [2206405] process 2206436 (stress-ng-cpu) terminated with an error, exit status=5 (killed by signal)
stress-ng: error: [2206405] process 2206437 (stress-ng-cpu) terminated with an error, exit status=5 (killed by signal)
stress-ng: error: [2206405] process 2206438 (stress-ng-cpu) terminated with an error, exit status=5 (killed by signal)
stress-ng: error: [2206405] process 2206439 (stress-ng-cpu) terminated with an error, exit status=5 (killed by signal)
stress-ng: error: [2206405] process 2206440 (stress-ng-cpu) terminated with an error, exit status=5 (killed by signal)
stress-ng: error: [2206405] process 2206441 (stress-ng-cpu) terminated with an error, exit status=5 (killed by signal)
stress-ng: error: [2206405] process 2206442 (stress-ng-cpu) terminated with an error, exit status=5 (killed by signal)
stress-ng: error: [2206405] process 2206443 (stress-ng-cpu) terminated with an error, exit status=5 (killed by signal)
stress-ng: error: [2206405] process 2206444 (stress-ng-cpu) terminated with an error, exit status=5 (killed by signal)
stress-ng: error: [2206405] process 2206445 (stress-ng-cpu) terminated with an error, exit status=5 (killed by signal)
stress-ng: error: [2206405] process 2206446 (stress-ng-cpu) terminated with an error, exit status=5 (killed by signal)
stress-ng: error: [2206405] process 2206447 (stress-ng-cpu) terminated with an error, exit status=5 (killed by signal)
stress-ng: error: [2206405] process 2206448 (stress-ng-cpu) terminated with an error, exit status=5 (killed by signal)
stress-ng: error: [2206405] process 2206449 (stress-ng-cpu) terminated with an error, exit status=5 (killed by signal)
stress-ng: error: [2206405] process 2206450 (stress-ng-cpu) terminated with an error, exit status=5 (killed by signal)
stress-ng: error: [2206405] process 2206451 (stress-ng-cpu) terminated with an error, exit status=5 (killed by signal)
stress-ng: error: [2206405] process 2206452 (stress-ng-cpu) terminated with an error, exit status=5 (killed by signal)
stress-ng: error: [2206405] process 2206453 (stress-ng-cpu) terminated with an error, exit status=5 (killed by signal)
stress-ng: error: [2206405] process 2206454 (stress-ng-cpu) terminated with an error, exit status=5 (killed by signal)
stress-ng: error: [2206405] process 2206455 (stress-ng-cpu) terminated with an error, exit status=5 (killed by signal)
stress-ng: error: [2206405] process 2206456 (stress-ng-cpu) terminated with an error, exit status=5 (killed by signal)
stress-ng: error: [2206405] process 2206457 (stress-ng-cpu) terminated with an error, exit status=5 (killed by signal)
stress-ng: error: [2206405] process 2206458 (stress-ng-cpu) terminated with an error, exit status=5 (killed by signal)
stress-ng: error: [2206405] process 2206459 (stress-ng-cpu) terminated with an error, exit status=5 (killed by signal)
stress-ng: error: [2206405] process 2206460 (stress-ng-cpu) terminated with an error, exit status=5 (killed by signal)
stress-ng: error: [2206405] process 2206461 (stress-ng-cpu) terminated with an error, exit status=5 (killed by signal)
stress-ng: error: [2206405] process 2206462 (stress-ng-cpu) terminated with an error, exit status=5 (killed by signal)
stress-ng: error: [2206405] process 2206463 (stress-ng-cpu) terminated with an error, exit status=5 (killed by signal)
stress-ng: error: [2206405] process 2206464 (stress-ng-cpu) terminated with an error, exit status=5 (killed by signal)
stress-ng: error: [2206405] process 2206465 (stress-ng-cpu) terminated with an error, exit status=5 (killed by signal)
stress-ng: error: [2206405] process 2206466 (stress-ng-cpu) terminated with an error, exit status=5 (killed by signal)
stress-ng: error: [2206405] process 2206467 (stress-ng-cpu) terminated with an error, exit status=5 (killed by signal)
stress-ng: error: [2206405] process 2206468 (stress-ng-cpu) terminated with an error, exit status=5 (killed by signal)
stress-ng: error: [2206405] process 2206469 (stress-ng-cpu) terminated with an error, exit status=5 (killed by signal)
stress-ng: error: [2206405] process 2206470 (stress-ng-cpu) terminated with an error, exit status=5 (killed by signal)
stress-ng: error: [2206405] process 2206471 (stress-ng-cpu) terminated with an error, exit status=5 (killed by signal)
stress-ng: error: [2206405] process 2206472 (stress-ng-cpu) terminated with an error, exit status=5 (killed by signal)
stress-ng: error: [2206405] process 2206473 (stress-ng-cpu) terminated with an error, exit status=5 (killed by signal)
stress-ng: error: [2206405] process 2206474 (stress-ng-cpu) terminated with an error, exit status=5 (killed by signal)
stress-ng: error: [2206405] process 2206475 (stress-ng-cpu) terminated with an error, exit status=5 (killed by signal)
stress-ng: error: [2206405] process 2206476 (stress-ng-cpu) terminated with an error, exit status=5 (killed by signal)
stress-ng: error: [2206405] process 2206477 (stress-ng-cpu) terminated with an error, exit status=5 (killed by signal)
stress-ng: error: [2206405] process 2206478 (stress-ng-cpu) terminated with an error, exit status=5 (killed by signal)
stress-ng: error: [2206405] process 2206479 (stress-ng-cpu) terminated with an error, exit status=5 (killed by signal)
stress-ng: error: [2206405] process 2206480 (stress-ng-cpu) terminated with an error, exit status=5 (killed by signal)
stress-ng: error: [2206405] process 2206481 (stress-ng-cpu) terminated with an error, exit status=5 (killed by signal)
stress-ng: error: [2206405] process 2206482 (stress-ng-cpu) terminated with an error, exit status=5 (killed by signal)
stress-ng: error: [2206405] process 2206483 (stress-ng-cpu) terminated with an error, exit status=5 (killed by signal)
stress-ng: error: [2206405] process 2206484 (stress-ng-cpu) terminated with an error, exit status=5 (killed by signal)
stress-ng: error: [2206405] process 2206485 (stress-ng-cpu) terminated with an error, exit status=5 (killed by signal)
stress-ng: error: [2206405] process 2206486 (stress-ng-cpu) terminated with an error, exit status=5 (killed by signal)
stress-ng: error: [2206405] process 2206487 (stress-ng-cpu) terminated with an error, exit status=5 (killed by signal)
stress-ng: error: [2206405] process 2206488 (stress-ng-cpu) terminated with an error, exit status=5 (killed by signal)
stress-ng: error: [2206405] process 2206489 (stress-ng-cpu) terminated with an error, exit status=5 (killed by signal)
stress-ng: error: [2206405] process 2206490 (stress-ng-cpu) terminated with an error, exit status=5 (killed by signal)
stress-ng: error: [2206405] process 2206491 (stress-ng-cpu) terminated with an error, exit status=5 (killed by signal)
stress-ng: error: [2206405] process 2206492 (stress-ng-cpu) terminated with an error, exit status=5 (killed by signal)
stress-ng: error: [2206405] process 2206493 (stress-ng-cpu) terminated with an error, exit status=5 (killed by signal)
stress-ng: error: [2206405] process 2206494 (stress-ng-cpu) terminated with an error, exit status=5 (killed by signal)
stress-ng: error: [2206405] process 2206495 (stress-ng-cpu) terminated with an error, exit status=5 (killed by signal)
stress-ng: error: [2206405] process 2206496 (stress-ng-cpu) terminated with an error, exit status=5 (killed by signal)
stress-ng: error: [2206405] process 2206497 (stress-ng-cpu) terminated with an error, exit status=5 (killed by signal)
stress-ng: error: [2206405] process 2206498 (stress-ng-cpu) terminated with an error, exit status=5 (killed by signal)
stress-ng: error: [2206405] process 2206499 (stress-ng-cpu) terminated with an error, exit status=5 (killed by signal)
stress-ng: error: [2206405] process 2206500 (stress-ng-cpu) terminated with an error, exit status=5 (killed by signal)
stress-ng: error: [2206405] process 2206501 (stress-ng-cpu) terminated with an error, exit status=5 (killed by signal)
stress-ng: error: [2206405] process 2206502 (stress-ng-cpu) terminated with an error, exit status=5 (killed by signal)
stress-ng: error: [2206405] process 2206503 (stress-ng-cpu) terminated with an error, exit status=5 (killed by signal)
stress-ng: error: [2206405] process 2206504 (stress-ng-cpu) terminated with an error, exit status=5 (killed by signal)
stress-ng: error: [2206405] process 2206505 (stress-ng-cpu) terminated with an error, exit status=5 (killed by signal)
stress-ng: error: [2206405] process 2206506 (stress-ng-cpu) terminated with an error, exit status=5 (killed by signal)
stress-ng: error: [2206405] process 2206507 (stress-ng-cpu) terminated with an error, exit status=5 (killed by signal)
stress-ng: error: [2206405] process 2206508 (stress-ng-cpu) terminated with an error, exit status=5 (killed by signal)
stress-ng: error: [2206405] process 2206509 (stress-ng-cpu) terminated with an error, exit status=5 (killed by signal)
stress-ng: error: [2206405] process 2206510 (stress-ng-cpu) terminated with an error, exit status=5 (killed by signal)
stress-ng: error: [2206405] process 2206511 (stress-ng-cpu) terminated with an error, exit status=5 (killed by signal)
stress-ng: error: [2206405] process 2206512 (stress-ng-cpu) terminated with an error, exit status=5 (killed by signal)
stress-ng: error: [2206405] process 2206513 (stress-ng-cpu) terminated with an error, exit status=5 (killed by signal)
stress-ng: error: [2206405] process 2206514 (stress-ng-cpu) terminated with an error, exit status=5 (killed by signal)
stress-ng: error: [2206405] process 2206515 (stress-ng-cpu) terminated with an error, exit status=5 (killed by signal)
stress-ng: error: [2206405] process 2206516 (stress-ng-cpu) terminated with an error, exit status=5 (killed by signal)
stress-ng: error: [2206405] process 2206517 (stress-ng-cpu) terminated with an error, exit status=5 (killed by signal)
stress-ng: error: [2206405] process 2206518 (stress-ng-cpu) terminated with an error, exit status=5 (killed by signal)
stress-ng: error: [2206405] process 2206519 (stress-ng-cpu) terminated with an error, exit status=5 (killed by signal)
stress-ng: error: [2206405] process 2206520 (stress-ng-cpu) terminated with an error, exit status=5 (killed by signal)
stress-ng: error: [2206405] process 2206521 (stress-ng-cpu) terminated with an error, exit status=5 (killed by signal)
stress-ng: error: [2206405] process 2206522 (stress-ng-cpu) terminated with an error, exit status=5 (killed by signal)
stress-ng: error: [2206405] process 2206523 (stress-ng-cpu) terminated with an error, exit status=5 (killed by signal)
stress-ng: error: [2206405] process 2206524 (stress-ng-cpu) terminated with an error, exit status=5 (killed by signal)
stress-ng: error: [2206405] process 2206525 (stress-ng-cpu) terminated with an error, exit status=5 (killed by signal)
stress-ng: error: [2206405] process 2206526 (stress-ng-cpu) terminated with an error, exit status=5 (killed by signal)
stress-ng: error: [2206405] process 2206527 (stress-ng-cpu) terminated with an error, exit status=5 (killed by signal)
stress-ng: error: [2206405] process 2206528 (stress-ng-cpu) terminated with an error, exit status=5 (killed by signal)
stress-ng: error: [2206405] process 2206529 (stress-ng-cpu) terminated with an error, exit status=5 (killed by signal)
stress-ng: error: [2206405] process 2206530 (stress-ng-cpu) terminated with an error, exit status=5 (killed by signal)
stress-ng: error: [2206405] process 2206531 (stress-ng-cpu) terminated with an error, exit status=5 (killed by signal)
stress-ng: error: [2206405] process 2206532 (stress-ng-cpu) terminated with an error, exit status=5 (killed by signal)
stress-ng: error: [2206405] process 2206533 (stress-ng-cpu) terminated with an error, exit status=5 (killed by signal)
stress-ng: info:  [2206405] unsuccessful run completed in 44.15s
SIDECAR_STOP
