SC=535962
SIDECAR_START stress_cpu cpu_n=128 cpu_load=70 ts=1785031928
stress-ng: info:  [535962] setting to a 900 second (15 mins, 0.00 secs) run per stressor
stress-ng: info:  [535962] dispatching hogs: 128 cpu
stress-ng: info:  [535967] stress-ng-cpu: CPU affinity probably set, this can affect CPU loading
stress-ng: error: [535962] process 535967 (stress-ng-cpu) terminated with an error, exit status=5 (killed by signal)
stress-ng: error: [535962] process 535968 (stress-ng-cpu) terminated with an error, exit status=5 (killed by signal)
stress-ng: error: [535962] process 535969 (stress-ng-cpu) terminated with an error, exit status=5 (killed by signal)
stress-ng: error: [535962] process 535970 (stress-ng-cpu) terminated with an error, exit status=5 (killed by signal)
stress-ng: error: [535962] process 535971 (stress-ng-cpu) terminated with an error, exit status=5 (killed by signal)
stress-ng: error: [535962] process 535972 (stress-ng-cpu) terminated with an error, exit status=5 (killed by signal)
stress-ng: error: [535962] process 535973 (stress-ng-cpu) terminated with an error, exit status=5 (killed by signal)
stress-ng: error: [535962] process 535974 (stress-ng-cpu) terminated with an error, exit status=5 (killed by signal)
stress-ng: error: [535962] process 535975 (stress-ng-cpu) terminated with an error, exit status=5 (killed by signal)
stress-ng: error: [535962] process 535976 (stress-ng-cpu) terminated with an error, exit status=5 (killed by signal)
stress-ng: error: [535962] process 535977 (stress-ng-cpu) terminated with an error, exit status=5 (killed by signal)
stress-ng: error: [535962] process 535978 (stress-ng-cpu) terminated with an error, exit status=5 (killed by signal)
stress-ng: error: [535962] process 535979 (stress-ng-cpu) terminated with an error, exit status=5 (killed by signal)
stress-ng: error: [535962] process 535980 (stress-ng-cpu) terminated with an error, exit status=5 (killed by signal)
stress-ng: error: [535962] process 535981 (stress-ng-cpu) terminated with an error, exit status=5 (killed by signal)
stress-ng: error: [535962] process 535982 (stress-ng-cpu) terminated with an error, exit status=5 (killed by signal)
stress-ng: error: [535962] process 535983 (stress-ng-cpu) terminated with an error, exit status=5 (killed by signal)
stress-ng: error: [535962] process 535984 (stress-ng-cpu) terminated with an error, exit status=5 (killed by signal)
stress-ng: error: [535962] process 535985 (stress-ng-cpu) terminated with an error, exit status=5 (killed by signal)
stress-ng: error: [535962] process 535986 (stress-ng-cpu) terminated with an error, exit status=5 (killed by signal)
stress-ng: error: [535962] process 535987 (stress-ng-cpu) terminated with an error, exit status=5 (killed by signal)
stress-ng: error: [535962] process 535988 (stress-ng-cpu) terminated with an error, exit status=5 (killed by signal)
stress-ng: error: [535962] process 535989 (stress-ng-cpu) terminated with an error, exit status=5 (killed by signal)
stress-ng: error: [535962] process 535990 (stress-ng-cpu) terminated with an error, exit status=5 (killed by signal)
stress-ng: error: [535962] process 535991 (stress-ng-cpu) terminated with an error, exit status=5 (killed by signal)
stress-ng: error: [535962] process 535992 (stress-ng-cpu) terminated with an error, exit status=5 (killed by signal)
stress-ng: error: [535962] process 535993 (stress-ng-cpu) terminated with an error, exit status=5 (killed by signal)
stress-ng: error: [535962] process 535994 (stress-ng-cpu) terminated with an error, exit status=5 (killed by signal)
stress-ng: error: [535962] process 535995 (stress-ng-cpu) terminated with an error, exit status=5 (killed by signal)
stress-ng: error: [535962] process 535996 (stress-ng-cpu) terminated with an error, exit status=5 (killed by signal)
stress-ng: error: [535962] process 535997 (stress-ng-cpu) terminated with an error, exit status=5 (killed by signal)
stress-ng: error: [535962] process 535998 (stress-ng-cpu) terminated with an error, exit status=5 (killed by signal)
stress-ng: error: [535962] process 535999 (stress-ng-cpu) terminated with an error, exit status=5 (killed by signal)
stress-ng: error: [535962] process 536000 (stress-ng-cpu) terminated with an error, exit status=5 (killed by signal)
stress-ng: error: [535962] process 536001 (stress-ng-cpu) terminated with an error, exit status=5 (killed by signal)
stress-ng: error: [535962] process 536002 (stress-ng-cpu) terminated with an error, exit status=5 (killed by signal)
stress-ng: error: [535962] process 536003 (stress-ng-cpu) terminated with an error, exit status=5 (killed by signal)
stress-ng: error: [535962] process 536004 (stress-ng-cpu) terminated with an error, exit status=5 (killed by signal)
stress-ng: error: [535962] process 536005 (stress-ng-cpu) terminated with an error, exit status=5 (killed by signal)
stress-ng: error: [535962] process 536006 (stress-ng-cpu) terminated with an error, exit status=5 (killed by signal)
stress-ng: error: [535962] process 536007 (stress-ng-cpu) terminated with an error, exit status=5 (killed by signal)
stress-ng: error: [535962] process 536008 (stress-ng-cpu) terminated with an error, exit status=5 (killed by signal)
stress-ng: error: [535962] process 536009 (stress-ng-cpu) terminated with an error, exit status=5 (killed by signal)
stress-ng: error: [535962] process 536010 (stress-ng-cpu) terminated with an error, exit status=5 (killed by signal)
stress-ng: error: [535962] process 536011 (stress-ng-cpu) terminated with an error, exit status=5 (killed by signal)
stress-ng: error: [535962] process 536012 (stress-ng-cpu) terminated with an error, exit status=5 (killed by signal)
stress-ng: error: [535962] process 536013 (stress-ng-cpu) terminated with an error, exit status=5 (killed by signal)
stress-ng: error: [535962] process 536014 (stress-ng-cpu) terminated with an error, exit status=5 (killed by signal)
stress-ng: error: [535962] process 536015 (stress-ng-cpu) terminated with an error, exit status=5 (killed by signal)
stress-ng: error: [535962] process 536016 (stress-ng-cpu) terminated with an error, exit status=5 (killed by signal)
stress-ng: error: [535962] process 536017 (stress-ng-cpu) terminated with an error, exit status=5 (killed by signal)
stress-ng: error: [535962] process 536018 (stress-ng-cpu) terminated with an error, exit status=5 (killed by signal)
stress-ng: error: [535962] process 536019 (stress-ng-cpu) terminated with an error, exit status=5 (killed by signal)
stress-ng: error: [535962] process 536020 (stress-ng-cpu) terminated with an error, exit status=5 (killed by signal)
stress-ng: error: [535962] process 536021 (stress-ng-cpu) terminated with an error, exit status=5 (killed by signal)
stress-ng: error: [535962] process 536022 (stress-ng-cpu) terminated with an error, exit status=5 (killed by signal)
stress-ng: error: [535962] process 536023 (stress-ng-cpu) terminated with an error, exit status=5 (killed by signal)
stress-ng: error: [535962] process 536024 (stress-ng-cpu) terminated with an error, exit status=5 (killed by signal)
stress-ng: error: [535962] process 536025 (stress-ng-cpu) terminated with an error, exit status=5 (killed by signal)
stress-ng: error: [535962] process 536026 (stress-ng-cpu) terminated with an error, exit status=5 (killed by signal)
stress-ng: error: [535962] process 536027 (stress-ng-cpu) terminated with an error, exit status=5 (killed by signal)
stress-ng: error: [535962] process 536028 (stress-ng-cpu) terminated with an error, exit status=5 (killed by signal)
stress-ng: error: [535962] process 536029 (stress-ng-cpu) terminated with an error, exit status=5 (killed by signal)
stress-ng: error: [535962] process 536030 (stress-ng-cpu) terminated with an error, exit status=5 (killed by signal)
stress-ng: error: [535962] process 536031 (stress-ng-cpu) terminated with an error, exit status=5 (killed by signal)
stress-ng: error: [535962] process 536032 (stress-ng-cpu) terminated with an error, exit status=5 (killed by signal)
stress-ng: error: [535962] process 536033 (stress-ng-cpu) terminated with an error, exit status=5 (killed by signal)
stress-ng: error: [535962] process 536034 (stress-ng-cpu) terminated with an error, exit status=5 (killed by signal)
stress-ng: error: [535962] process 536035 (stress-ng-cpu) terminated with an error, exit status=5 (killed by signal)
stress-ng: error: [535962] process 536036 (stress-ng-cpu) terminated with an error, exit status=5 (killed by signal)
stress-ng: error: [535962] process 536037 (stress-ng-cpu) terminated with an error, exit status=5 (killed by signal)
stress-ng: error: [535962] process 536038 (stress-ng-cpu) terminated with an error, exit status=5 (killed by signal)
stress-ng: error: [535962] process 536039 (stress-ng-cpu) terminated with an error, exit status=5 (killed by signal)
stress-ng: error: [535962] process 536040 (stress-ng-cpu) terminated with an error, exit status=5 (killed by signal)
stress-ng: error: [535962] process 536041 (stress-ng-cpu) terminated with an error, exit status=5 (killed by signal)
stress-ng: error: [535962] process 536042 (stress-ng-cpu) terminated with an error, exit status=5 (killed by signal)
stress-ng: error: [535962] process 536043 (stress-ng-cpu) terminated with an error, exit status=5 (killed by signal)
stress-ng: error: [535962] process 536044 (stress-ng-cpu) terminated with an error, exit status=5 (killed by signal)
stress-ng: error: [535962] process 536045 (stress-ng-cpu) terminated with an error, exit status=5 (killed by signal)
stress-ng: error: [535962] process 536046 (stress-ng-cpu) terminated with an error, exit status=5 (killed by signal)
stress-ng: error: [535962] process 536047 (stress-ng-cpu) terminated with an error, exit status=5 (killed by signal)
stress-ng: error: [535962] process 536048 (stress-ng-cpu) terminated with an error, exit status=5 (killed by signal)
stress-ng: error: [535962] process 536049 (stress-ng-cpu) terminated with an error, exit status=5 (killed by signal)
stress-ng: error: [535962] process 536050 (stress-ng-cpu) terminated with an error, exit status=5 (killed by signal)
stress-ng: error: [535962] process 536051 (stress-ng-cpu) terminated with an error, exit status=5 (killed by signal)
stress-ng: error: [535962] process 536052 (stress-ng-cpu) terminated with an error, exit status=5 (killed by signal)
stress-ng: error: [535962] process 536053 (stress-ng-cpu) terminated with an error, exit status=5 (killed by signal)
stress-ng: error: [535962] process 536054 (stress-ng-cpu) terminated with an error, exit status=5 (killed by signal)
stress-ng: error: [535962] process 536055 (stress-ng-cpu) terminated with an error, exit status=5 (killed by signal)
stress-ng: error: [535962] process 536056 (stress-ng-cpu) terminated with an error, exit status=5 (killed by signal)
stress-ng: error: [535962] process 536057 (stress-ng-cpu) terminated with an error, exit status=5 (killed by signal)
stress-ng: error: [535962] process 536058 (stress-ng-cpu) terminated with an error, exit status=5 (killed by signal)
stress-ng: error: [535962] process 536059 (stress-ng-cpu) terminated with an error, exit status=5 (killed by signal)
stress-ng: error: [535962] process 536060 (stress-ng-cpu) terminated with an error, exit status=5 (killed by signal)
stress-ng: error: [535962] process 536061 (stress-ng-cpu) terminated with an error, exit status=5 (killed by signal)
stress-ng: error: [535962] process 536062 (stress-ng-cpu) terminated with an error, exit status=5 (killed by signal)
stress-ng: error: [535962] process 536063 (stress-ng-cpu) terminated with an error, exit status=5 (killed by signal)
stress-ng: error: [535962] process 536064 (stress-ng-cpu) terminated with an error, exit status=5 (killed by signal)
stress-ng: error: [535962] process 536065 (stress-ng-cpu) terminated with an error, exit status=5 (killed by signal)
stress-ng: error: [535962] process 536066 (stress-ng-cpu) terminated with an error, exit status=5 (killed by signal)
stress-ng: error: [535962] process 536067 (stress-ng-cpu) terminated with an error, exit status=5 (killed by signal)
stress-ng: error: [535962] process 536068 (stress-ng-cpu) terminated with an error, exit status=5 (killed by signal)
stress-ng: error: [535962] process 536069 (stress-ng-cpu) terminated with an error, exit status=5 (killed by signal)
stress-ng: error: [535962] process 536070 (stress-ng-cpu) terminated with an error, exit status=5 (killed by signal)
stress-ng: error: [535962] process 536071 (stress-ng-cpu) terminated with an error, exit status=5 (killed by signal)
stress-ng: error: [535962] process 536072 (stress-ng-cpu) terminated with an error, exit status=5 (killed by signal)
stress-ng: error: [535962] process 536073 (stress-ng-cpu) terminated with an error, exit status=5 (killed by signal)
stress-ng: error: [535962] process 536074 (stress-ng-cpu) terminated with an error, exit status=5 (killed by signal)
stress-ng: error: [535962] process 536075 (stress-ng-cpu) terminated with an error, exit status=5 (killed by signal)
stress-ng: error: [535962] process 536076 (stress-ng-cpu) terminated with an error, exit status=5 (killed by signal)
stress-ng: error: [535962] process 536077 (stress-ng-cpu) terminated with an error, exit status=5 (killed by signal)
stress-ng: error: [535962] process 536078 (stress-ng-cpu) terminated with an error, exit status=5 (killed by signal)
stress-ng: error: [535962] process 536079 (stress-ng-cpu) terminated with an error, exit status=5 (killed by signal)
stress-ng: error: [535962] process 536080 (stress-ng-cpu) terminated with an error, exit status=5 (killed by signal)
stress-ng: error: [535962] process 536081 (stress-ng-cpu) terminated with an error, exit status=5 (killed by signal)
stress-ng: error: [535962] process 536082 (stress-ng-cpu) terminated with an error, exit status=5 (killed by signal)
stress-ng: error: [535962] process 536083 (stress-ng-cpu) terminated with an error, exit status=5 (killed by signal)
stress-ng: error: [535962] process 536084 (stress-ng-cpu) terminated with an error, exit status=5 (killed by signal)
stress-ng: error: [535962] process 536085 (stress-ng-cpu) terminated with an error, exit status=5 (killed by signal)
stress-ng: error: [535962] process 536086 (stress-ng-cpu) terminated with an error, exit status=5 (killed by signal)
stress-ng: error: [535962] process 536087 (stress-ng-cpu) terminated with an error, exit status=5 (killed by signal)
stress-ng: error: [535962] process 536088 (stress-ng-cpu) terminated with an error, exit status=5 (killed by signal)
stress-ng: error: [535962] process 536089 (stress-ng-cpu) terminated with an error, exit status=5 (killed by signal)
stress-ng: error: [535962] process 536090 (stress-ng-cpu) terminated with an error, exit status=5 (killed by signal)
stress-ng: error: [535962] process 536091 (stress-ng-cpu) terminated with an error, exit status=5 (killed by signal)
stress-ng: error: [535962] process 536092 (stress-ng-cpu) terminated with an error, exit status=5 (killed by signal)
stress-ng: error: [535962] process 536093 (stress-ng-cpu) terminated with an error, exit status=5 (killed by signal)
stress-ng: error: [535962] process 536094 (stress-ng-cpu) terminated with an error, exit status=5 (killed by signal)
stress-ng: info:  [535962] unsuccessful run completed in 40.68s
SIDECAR_STOP ts=1785031970 held_s=34
