[fs-ascend] FS_HUAWEI_ROOT=/Users/yinjinrun/Codespace/myportal/project/probing-huawei
[fs-ascend] FS_SHARED_SCRIPTS=/Users/yinjinrun/Codespace/myportal/project/probing-test/scripts/fail-slow
[fs-ascend] LOCAL_RESULT_ROOT_BASE=/Users/yinjinrun/Codespace/myportal/project/probing-huawei/results/ascend-ais
[fs-ascend] POD_RESULTS=/afs-a3-weight-share/yinjinrun.p-huawei/results/ascend-ais  AFS_HOME=/afs-a3-weight-share/yinjinrun.p-huawei
[fs-ascend] KUBECONFIG=/Users/yinjinrun/.kube/config-vc-a3-241ceshi-songyiyang.yaml
[fs-ascend] JUMP=ais-cf3e61a5 KUBECTL=/root/.cache/volcano/kubectl/kubectl
[fs-ascend] FS_RUN_MODE=hold-exec HOLD=yysong PREFIX=yjr-as
[fs-ascend] note: myportal NOT required; override LOCAL_RESULT_ROOT_BASE / FS_SHARED_SCRIPTS as needed
[install-wheel] sync inner → /data/yinjinrun.p-huawei/probing-huawei/build_wheel_inner.sh on yysong-worker-0
/root/.bashrc: line 14: /usr/local/Ascend/driver/bin/setenv.bash: No such file or directory
tar: Ignoring unknown extended header keyword 'LIBARCHIVE.xattr.com.apple.provenance'
[install-wheel] building (may take 10–30 min)…
/root/.bashrc: line 14: /usr/local/Ascend/driver/bin/setenv.bash: No such file or directory
===== build start 2026-07-27T16:43:38+08:00 =====
rustc 1.97.1 (8bab26f4f 2026-07-14)
cargo 1.97.1 (c980f4866 2026-06-30)
WARNING: Running pip as the 'root' user can result in broken permissions and conflicting behaviour with the system package manager, possibly rendering your system unusable. It is recommended to use a virtual environment instead: https://pip.pypa.io/warnings/venv. Use the --root-user-action option if you know what you are doing and want to suppress this warning.
[build] maturin features=extension-module,gpu,kmsg
🍹 Building a mixed python/rust project
🐍 Found CPython 3.10 at /root/miniconda3/envs/llm_test/bin/python3
🔗 Found pyo3 bindings with abi3-py3.8 support
📡 Using build options bindings, compatibility from pyproject.toml
   Compiling probing-python v0.2.5 (/data/yinjinrun.p-huawei/probing-huawei/src/probing/extensions/python)
   Compiling probing v0.2.5 (/data/yinjinrun.p-huawei/probing-huawei/src)
   Compiling probing-memtable v0.2.5 (/data/yinjinrun.p-huawei/probing-huawei/src/probing/memtable)
   Compiling flatbuffers v25.2.10
   Compiling probing-cli v0.2.5 (/data/yinjinrun.p-huawei/probing-huawei/src/probing/cli)
   Compiling arrow-ipc v58.3.0
   Compiling probing-nccl-profiler v0.2.5 (/data/yinjinrun.p-huawei/probing-huawei/src/probing/extensions/nccl-profiler)
   Compiling probing-hccl-shim v0.2.5 (/data/yinjinrun.p-huawei/probing-huawei/src/probing/extensions/hccl-shim)
   Compiling arrow v58.3.0
warning: unused import: `Context`
 --> probing/cli/src/cli/inject.rs:2:22
  |
2 | use anyhow::{anyhow, Context, Error, Result};
  |                      ^^^^^^^
  |
  = note: `#[warn(unused_imports)]` (part of `#[warn(unused)]`) on by default

   Compiling datafusion-common v54.0.0
warning: `probing-cli` (lib) generated 1 warning (run `cargo fix --lib -p probing-cli` to apply 1 suggestion)
   Compiling datafusion-expr-common v54.0.0
   Compiling datafusion-physical-expr-common v54.0.0
   Compiling datafusion-functions-window-common v54.0.0
   Compiling datafusion-functions-aggregate-common v54.0.0
   Compiling datafusion-expr v54.0.0
   Compiling datafusion-physical-expr v54.0.0
   Compiling datafusion-execution v54.0.0
   Compiling datafusion-functions v54.0.0
   Compiling datafusion-functions-aggregate v54.0.0
   Compiling datafusion-optimizer v54.0.0
   Compiling datafusion-functions-window v54.0.0
   Compiling datafusion-physical-plan v54.0.0
   Compiling datafusion-physical-expr-adapter v54.0.0
   Compiling datafusion-functions-nested v54.0.0
   Compiling datafusion-sql v54.0.0
   Compiling datafusion-session v54.0.0
   Compiling datafusion-datasource v54.0.0
   Compiling datafusion-catalog v54.0.0
   Compiling datafusion-pruning v54.0.0
   Compiling datafusion-datasource-arrow v54.0.0
   Compiling datafusion-datasource-json v54.0.0
   Compiling datafusion-datasource-csv v54.0.0
   Compiling datafusion-physical-optimizer v54.0.0
   Compiling datafusion-functions-table v54.0.0
   Compiling datafusion-catalog-listing v54.0.0
   Compiling datafusion v54.0.0
   Compiling probing-core v0.2.5 (/data/yinjinrun.p-huawei/probing-huawei/src/probing/core)
   Compiling probing-gpu v0.2.5 (/data/yinjinrun.p-huawei/probing-huawei/src/probing/extensions/gpu)
   Compiling probing-cc v0.2.5 (/data/yinjinrun.p-huawei/probing-huawei/src/probing/extensions/cc)
warning: unused import: `NpuDeviceStats`
  --> probing/extensions/gpu/src/extensions/backend/npu/mod.rs:13:46
   |
13 | pub use npu_smi::{read_utilization_by_index, NpuDeviceStats};
   |                                              ^^^^^^^^^^^^^^
   |
   = note: `#[warn(unused_imports)]` (part of `#[warn(unused)]`) on by default

warning: function `parse_hccs_text` is never used
   --> probing/extensions/gpu/src/extensions/backend/npu/hccs.rs:166:8
    |
166 | pub fn parse_hccs_text(text: &str, npu_id: i32, chip_id: i32, device_id: i32) -> Option<HccsChipSample> {
    |        ^^^^^^^^^^^^^^^
    |
    = note: `#[warn(dead_code)]` (part of `#[warn(unused)]`) on by default

warning: `probing-gpu` (lib) generated 2 warnings (run `cargo fix --lib -p probing-gpu` to apply 1 suggestion)
error[E0592]: duplicate definitions with name `for_table`
   --> probing/extensions/python/src/extensions/python/exttbls.rs:148:5
    |
148 |     pub fn for_table(name: &str) -> Self {
    |     ^^^^^^^^^^^^^^^^^^^^^^^^^^^^^^^^^^^^ duplicate definitions for `for_table`
...
181 |     fn for_table(_cls: &Bound<'_, PyType>, name: &str) -> Self {
    |     ---------------------------------------------------------- other definition for `for_table`

error[E0034]: multiple applicable items in scope
   --> probing/extensions/python/src/extensions/python/exttbls.rs:138:15
    |
138 |         Self::for_table("")
    |               ^^^^^^^^^ multiple `for_table` found
    |
note: candidate #1 is defined in an impl for the type `PyExternalTableConfig`
   --> probing/extensions/python/src/extensions/python/exttbls.rs:148:5
    |
148 |     pub fn for_table(name: &str) -> Self {
    |     ^^^^^^^^^^^^^^^^^^^^^^^^^^^^^^^^^^^^
note: candidate #2 is defined in an impl for the type `PyExternalTableConfig`
   --> probing/extensions/python/src/extensions/python/exttbls.rs:181:5
    |
181 |     fn for_table(_cls: &Bound<'_, PyType>, name: &str) -> Self {
    |     ^^^^^^^^^^^^^^^^^^^^^^^^^^^^^^^^^^^^^^^^^^^^^^^^^^^^^^^^^^

error[E0034]: multiple applicable items in scope
   --> probing/extensions/python/src/extensions/python/exttbls.rs:182:15
    |
182 |         Self::for_table(name)
    |               ^^^^^^^^^ multiple `for_table` found
    |
note: candidate #1 is defined in an impl for the type `PyExternalTableConfig`
   --> probing/extensions/python/src/extensions/python/exttbls.rs:148:5
    |
148 |     pub fn for_table(name: &str) -> Self {
    |     ^^^^^^^^^^^^^^^^^^^^^^^^^^^^^^^^^^^^
note: candidate #2 is defined in an impl for the type `PyExternalTableConfig`
   --> probing/extensions/python/src/extensions/python/exttbls.rs:181:5
    |
181 |     fn for_table(_cls: &Bound<'_, PyType>, name: &str) -> Self {
    |     ^^^^^^^^^^^^^^^^^^^^^^^^^^^^^^^^^^^^^^^^^^^^^^^^^^^^^^^^^^

error[E0034]: multiple applicable items in scope
   --> probing/extensions/python/src/extensions/python/exttbls.rs:181:8
    |
181 |     fn for_table(_cls: &Bound<'_, PyType>, name: &str) -> Self {
    |        ^^^^^^^^^ multiple `for_table` found
    |
note: candidate #1 is defined in an impl for the type `PyExternalTableConfig`
   --> probing/extensions/python/src/extensions/python/exttbls.rs:148:5
    |
148 |     pub fn for_table(name: &str) -> Self {
    |     ^^^^^^^^^^^^^^^^^^^^^^^^^^^^^^^^^^^^
note: candidate #2 is defined in an impl for the type `PyExternalTableConfig`
   --> probing/extensions/python/src/extensions/python/exttbls.rs:181:5
    |
181 |     fn for_table(_cls: &Bound<'_, PyType>, name: &str) -> Self {
    |     ^^^^^^^^^^^^^^^^^^^^^^^^^^^^^^^^^^^^^^^^^^^^^^^^^^^^^^^^^^

error[E0034]: multiple applicable items in scope
   --> probing/extensions/python/src/extensions/python/exttbls.rs:181:59
    |
181 |     fn for_table(_cls: &Bound<'_, PyType>, name: &str) -> Self {
    |                                                           ^^^^ multiple `wrap` found
    |
    = note: candidate #1 is defined in an impl for the type `pyo3::impl_::wrap::IntoPyObjectConverter<Result<T, E>>`
    = note: candidate #2 is defined in an impl for the type `pyo3::impl_::wrap::IntoPyObjectConverter<T>`

error[E0034]: multiple applicable items in scope
   --> probing/extensions/python/src/extensions/python/exttbls.rs:510:36
    |
510 |             PyExternalTableConfig::for_table(name).discard_threshold
    |                                    ^^^^^^^^^ multiple `for_table` found
    |
note: candidate #1 is defined in an impl for the type `PyExternalTableConfig`
   --> probing/extensions/python/src/extensions/python/exttbls.rs:148:5
    |
148 |     pub fn for_table(name: &str) -> Self {
    |     ^^^^^^^^^^^^^^^^^^^^^^^^^^^^^^^^^^^^
note: candidate #2 is defined in an impl for the type `PyExternalTableConfig`
   --> probing/extensions/python/src/extensions/python/exttbls.rs:181:5
    |
181 |     fn for_table(_cls: &Bound<'_, PyType>, name: &str) -> Self {
    |     ^^^^^^^^^^^^^^^^^^^^^^^^^^^^^^^^^^^^^^^^^^^^^^^^^^^^^^^^^^

Some errors have detailed explanations: E0034, E0592.
For more information about an error, try `rustc --explain E0034`.
error: could not compile `probing-python` (lib) due to 6 previous errors
💥 maturin failed
  Caused by: Failed to build a native library through cargo
  Caused by: Cargo build finished with "exit status: 101": `env -u CARGO PYO3_BUILD_EXTENSION_MODULE="1" PYO3_CONFIG_FILE="/data/yinjinrun.p-huawei/probing-huawei/src/target/maturin/pyo3-config-aarch64-unknown-linux-gnu-3.10-abi3.txt" PYO3_ENVIRONMENT_SIGNATURE="cpython-3.10-64bit" PYO3_PYTHON="/root/miniconda3/envs/llm_test/bin/python3" PYTHON_SYS_EXECUTABLE="/root/miniconda3/envs/llm_test/bin/python3" "cargo" "rustc" "--profile" "release" "--features" "extension-module,gpu,kmsg" "--message-format" "json-render-diagnostics" "--manifest-path" "/data/yinjinrun.p-huawei/probing-huawei/src/Cargo.toml" "--lib"`
command terminated with exit code 1
