[fs-ascend] FS_HUAWEI_ROOT=/Users/yinjinrun/Codespace/myportal/project/probing-huawei
[fs-ascend] FS_SHARED_SCRIPTS=/Users/yinjinrun/Codespace/myportal/project/probing-test/scripts/fail-slow
[fs-ascend] LOCAL_RESULT_ROOT_BASE=/Users/yinjinrun/Codespace/myportal/project/probing-huawei/results/ascend-ais
[fs-ascend] POD_RESULTS=/afs-a3-weight-share/yinjinrun.p-huawei/results/ascend-ais  AFS_HOME=/afs-a3-weight-share/yinjinrun.p-huawei
[fs-ascend] KUBECONFIG=/Users/yinjinrun/.kube/config-vc-a3-241ceshi-songyiyang.yaml
[fs-ascend] JUMP=ais-cf3e61a5 KUBECTL=/root/.cache/volcano/kubectl/kubectl
[fs-ascend] FS_RUN_MODE=hold-exec HOLD=yysong PREFIX=yjr-as
[fs-ascend] note: myportal NOT required; override LOCAL_RESULT_ROOT_BASE / FS_SHARED_SCRIPTS as needed
[install-wheel] sync inner → /data/yinjinrun.p-huawei/probing-huawei/build_wheel_inner.sh on yysong-worker-0
/root/.bashrc: line 14: /usr/local/Ascend/driver/bin/setenv.bash: No such file or directory
tar: Ignoring unknown extended header keyword 'LIBARCHIVE.xattr.com.apple.provenance'
[install-wheel] building (may take 10–30 min)…
/root/.bashrc: line 14: /usr/local/Ascend/driver/bin/setenv.bash: No such file or directory
===== build start 2026-07-27T16:47:48+08:00 =====
rustc 1.97.1 (8bab26f4f 2026-07-14)
cargo 1.97.1 (c980f4866 2026-06-30)
WARNING: Running pip as the 'root' user can result in broken permissions and conflicting behaviour with the system package manager, possibly rendering your system unusable. It is recommended to use a virtual environment instead: https://pip.pypa.io/warnings/venv. Use the --root-user-action option if you know what you are doing and want to suppress this warning.
[build] maturin features=extension-module,gpu,kmsg
🍹 Building a mixed python/rust project
🐍 Found CPython 3.10 at /root/miniconda3/envs/llm_test/bin/python3
🔗 Found pyo3 bindings with abi3-py3.8 support
📡 Using build options bindings, compatibility from pyproject.toml
   Compiling probing-python v0.2.5 (/data/yinjinrun.p-huawei/probing-huawei/src/probing/extensions/python)
warning: unused import: `Context`
 --> probing/cli/src/cli/inject.rs:2:22
  |
2 | use anyhow::{anyhow, Context, Error, Result};
  |                      ^^^^^^^
  |
  = note: `#[warn(unused_imports)]` (part of `#[warn(unused)]`) on by default

warning: `probing-cli` (lib) generated 1 warning (run `cargo fix --lib -p probing-cli` to apply 1 suggestion)
warning: unused import: `NpuDeviceStats`
  --> probing/extensions/gpu/src/extensions/backend/npu/mod.rs:13:46
   |
13 | pub use npu_smi::{read_utilization_by_index, NpuDeviceStats};
   |                                              ^^^^^^^^^^^^^^
   |
   = note: `#[warn(unused_imports)]` (part of `#[warn(unused)]`) on by default

warning: function `parse_hccs_text` is never used
   --> probing/extensions/gpu/src/extensions/backend/npu/hccs.rs:166:8
    |
166 | pub fn parse_hccs_text(text: &str, npu_id: i32, chip_id: i32, device_id: i32) -> Option<HccsChipSample> {
    |        ^^^^^^^^^^^^^^^
    |
    = note: `#[warn(dead_code)]` (part of `#[warn(unused)]`) on by default

warning: `probing-gpu` (lib) generated 2 warnings (run `cargo fix --lib -p probing-gpu` to apply 1 suggestion)
   Compiling probing-server v0.2.5 (/data/yinjinrun.p-huawei/probing-huawei/src/probing/server)
   Compiling probing v0.2.5 (/data/yinjinrun.p-huawei/probing-huawei/src)
    Finished `release` profile [optimized] target(s) in 5m 57s
📦 Including files matching "probing.pth"
📦 Including files matching "probing_hook.py"
📦 Including files matching "probing/libs/*"
📦 Including files matching "probing/bundled_skills/**"
📦 Including files matching "probing/bundled_web/**"
📦 Built wheel for abi3 Python ≥ 3.8 to dist/probing-0.2.6-cp38-abi3-linux_aarch64.whl
[build] wheel=dist/probing-0.2.6-cp38-abi3-linux_aarch64.whl → /data/yinjinrun.p-huawei/probing-huawei/wheels/
Looking in indexes: http://mirrors.aliyun.com/pypi/simple/
Processing ./dist/probing-0.2.6-cp38-abi3-linux_aarch64.whl
Installing collected packages: probing
Successfully installed probing-0.2.6
WARNING: Target directory /data/yinjinrun.p-huawei/probe-bundle/pydeps/probing already exists. Specify --upgrade to force replacement.
WARNING: Target directory /data/yinjinrun.p-huawei/probe-bundle/pydeps/probing.pth already exists. Specify --upgrade to force replacement.
WARNING: Target directory /data/yinjinrun.p-huawei/probe-bundle/pydeps/probing_hook.py already exists. Specify --upgrade to force replacement.
WARNING: Target directory /data/yinjinrun.p-huawei/probe-bundle/pydeps/probing-0.2.6.dist-info already exists. Specify --upgrade to force replacement.
WARNING: Target directory /data/yinjinrun.p-huawei/probe-bundle/pydeps/__pycache__ already exists. Specify --upgrade to force replacement.
WARNING: Target directory /data/yinjinrun.p-huawei/probe-bundle/pydeps/bin already exists. Specify --upgrade to force replacement.
WARNING: Running pip as the 'root' user can result in broken permissions and conflicting behaviour with the system package manager, possibly rendering your system unusable. It is recommended to use a virtual environment instead: https://pip.pypa.io/warnings/venv. Use the --root-user-action option if you know what you are doing and want to suppress this warning.
Looking in indexes: http://mirrors.aliyun.com/pypi/simple/
Processing ./dist/probing-0.2.6-cp38-abi3-linux_aarch64.whl
Installing collected packages: probing
Successfully installed probing-0.2.6
WARNING: Running pip as the 'root' user can result in broken permissions and conflicting behaviour with the system package manager, possibly rendering your system unusable. It is recommended to use a virtual environment instead: https://pip.pypa.io/warnings/venv. Use the --root-user-action option if you know what you are doing and want to suppress this warning.
import_ok /data/yinjinrun.p-huawei/probe-bundle/pydeps/probing/__init__.py
env_import_ok /root/miniconda3/envs/llm_test/lib/python3.10/site-packages/probing/__init__.py
-rw-r--r-- 1 root root 118M Jul 27 00:26 /data/yinjinrun.p-huawei/probe-bundle/pydeps/probing/_core.abi3.so
===== build done 2026-07-27T16:54:09+08:00 =====
WHEEL_OK dist/probing-0.2.6-cp38-abi3-linux_aarch64.whl
[install-wheel] DONE
