SET_BEGIN ts=2026-07-28T11:38:56+08:00 trigger=L_ge_100 set_rate=1.0 scope=localize victim=7
SET_L=133
SET_TARGET=probing.torch.profiling=on,rate=1.0
SET_T0_MS=1785209936095
ATTACH_CFG wait_s=45 retry_s=2 probe_timeout_s=8 attach_retries=3 set_block_timeout_s=120
ATTACH_READY majority ok_n=15 t=0s lr= 0 1 2 3 4 5 6 7 8 9 11 12 13 14 15
PILLAR_C_ATTACH_PREVALIDATED=1
LOCALIZE_ELAPSED_MS=8723
CULPRIT_RANK=9
CULPRIT_PID=2027766
LOCALIZE_FALLBACK=0
LOCALIZE_FALLBACK=0 culprit_rank=9 culprit_pid=2027766
CANDS_LOCALIZE= 2027766
ATTACH_OK pid=2027766 retries=0
ATTACH_T_MS=1785209957783
sending ctrl commands via unix socket...

sending ctrl commands via unix socket...
┌──────────────────────────────────────────────────────────────────────────────┐
│ value                                                                        │
├──────────────────────────────────────────────────────────────────────────────┤
│ on,rate=1.0                                                                  │
└──────────────────────────────────────────────────────────────────────────────┘
SET_T1_MS=1785209957917
SET_OK_WORKER pid=2027766
SET_UPGRADE ts=2026-07-28T11:39:17+08:00 step=133 pid=2027766 rate=1.0
SET_LATENCY_MS=21822
SET_END ts=2026-07-28T11:39:17+08:00
HANG_DETECTED ts=2026-07-28T11:54:21+08:00 step=137 stall_s=900 babysit=manual
B2_HANG_STOP ts=2026-07-28T11:54:35+08:00
