W0725 22:43:22.266000 188323 site-packages/torch/distributed/run.py:766] 
W0725 22:43:22.266000 188323 site-packages/torch/distributed/run.py:766] *****************************************
W0725 22:43:22.266000 188323 site-packages/torch/distributed/run.py:766] Setting OMP_NUM_THREADS environment variable for each process to be 1 in default, to avoid your system being overloaded, please further tune the variable for optimal performance in your application as needed. 
W0725 22:43:22.266000 188323 site-packages/torch/distributed/run.py:766] *****************************************
[xpu_timer.ascend] started. pid=188462 hang_timeout=60000ms slow_us=0 dump=/data/yinjinrun.p-huawei/results/ascend-ais/baseline/xputimer/contrast-p3-sw-a-quiet-20260725_224059/C1_inject_none/xputimer
[xpu_timer.ascend] started. pid=188465 hang_timeout=60000ms slow_us=0 dump=/data/yinjinrun.p-huawei/results/ascend-ais/baseline/xputimer/contrast-p3-sw-a-quiet-20260725_224059/C1_inject_none/xputimer
[rank0]:[W725 22:43:28.946080919 compiler_depend.ts:338] Warning: Cannot create tensor with interal format while allow_internel_format=False, tensor will be created with base format. (function operator())
[rank3]:[W725 22:43:28.954309095 compiler_depend.ts:338] Warning: Cannot create tensor with interal format while allow_internel_format=False, tensor will be created with base format. (function operator())
[xpu_timer.ascend] started. pid=188467 hang_timeout=60000ms slow_us=0 dump=/data/yinjinrun.p-huawei/results/ascend-ais/baseline/xputimer/contrast-p3-sw-a-quiet-20260725_224059/C1_inject_none/xputimer
[xpu_timer.ascend] started. pid=188473 hang_timeout=60000ms slow_us=0 dump=/data/yinjinrun.p-huawei/results/ascend-ais/baseline/xputimer/contrast-p3-sw-a-quiet-20260725_224059/C1_inject_none/xputimer
[rank5]:[W725 22:43:28.087191261 compiler_depend.ts:338] Warning: Cannot create tensor with interal format while allow_internel_format=False, tensor will be created with base format. (function operator())
[rank11]:[W725 22:43:28.136226015 compiler_depend.ts:338] Warning: Cannot create tensor with interal format while allow_internel_format=False, tensor will be created with base format. (function operator())
[xpu_timer.ascend] started. pid=188466 hang_timeout=60000ms slow_us=0 dump=/data/yinjinrun.p-huawei/results/ascend-ais/baseline/xputimer/contrast-p3-sw-a-quiet-20260725_224059/C1_inject_none/xputimer
[xpu_timer.ascend] started. pid=188464 hang_timeout=60000ms slow_us=0 dump=/data/yinjinrun.p-huawei/results/ascend-ais/baseline/xputimer/contrast-p3-sw-a-quiet-20260725_224059/C1_inject_none/xputimer
[rank4]:[W725 22:43:29.379442290 compiler_depend.ts:338] Warning: Cannot create tensor with interal format while allow_internel_format=False, tensor will be created with base format. (function operator())
[rank2]:[W725 22:43:29.417890548 compiler_depend.ts:338] Warning: Cannot create tensor with interal format while allow_internel_format=False, tensor will be created with base format. (function operator())
[xpu_timer.ascend] started. pid=188474 hang_timeout=60000ms slow_us=0 dump=/data/yinjinrun.p-huawei/results/ascend-ais/baseline/xputimer/contrast-p3-sw-a-quiet-20260725_224059/C1_inject_none/xputimer
[rank12]:[W725 22:43:29.575577826 compiler_depend.ts:338] Warning: Cannot create tensor with interal format while allow_internel_format=False, tensor will be created with base format. (function operator())
[xpu_timer.ascend] started. pid=188476 hang_timeout=60000ms slow_us=0 dump=/data/yinjinrun.p-huawei/results/ascend-ais/baseline/xputimer/contrast-p3-sw-a-quiet-20260725_224059/C1_inject_none/xputimer
[xpu_timer.ascend] started. pid=188463 hang_timeout=60000ms slow_us=0 dump=/data/yinjinrun.p-huawei/results/ascend-ais/baseline/xputimer/contrast-p3-sw-a-quiet-20260725_224059/C1_inject_none/xputimer
[rank14]:[W725 22:43:29.687162764 compiler_depend.ts:338] Warning: Cannot create tensor with interal format while allow_internel_format=False, tensor will be created with base format. (function operator())
[xpu_timer.ascend] started. pid=188477 hang_timeout=60000ms slow_us=0 dump=/data/yinjinrun.p-huawei/results/ascend-ais/baseline/xputimer/contrast-p3-sw-a-quiet-20260725_224059/C1_inject_none/xputimer
[rank1]:[W725 22:43:29.713724964 compiler_depend.ts:338] Warning: Cannot create tensor with interal format while allow_internel_format=False, tensor will be created with base format. (function operator())
[xpu_timer.ascend] started. pid=188469 hang_timeout=60000ms slow_us=0 dump=/data/yinjinrun.p-huawei/results/ascend-ais/baseline/xputimer/contrast-p3-sw-a-quiet-20260725_224059/C1_inject_none/xputimer
[xpu_timer.ascend] started. pid=188468 hang_timeout=60000ms slow_us=0 dump=/data/yinjinrun.p-huawei/results/ascend-ais/baseline/xputimer/contrast-p3-sw-a-quiet-20260725_224059/C1_inject_none/xputimer
[rank15]:[W725 22:43:29.799474799 compiler_depend.ts:338] Warning: Cannot create tensor with interal format while allow_internel_format=False, tensor will be created with base format. (function operator())
[rank7]:[W725 22:43:29.869507210 compiler_depend.ts:338] Warning: Cannot create tensor with interal format while allow_internel_format=False, tensor will be created with base format. (function operator())
[rank6]:[W725 22:43:29.883090872 compiler_depend.ts:338] Warning: Cannot create tensor with interal format while allow_internel_format=False, tensor will be created with base format. (function operator())
[xpu_timer.ascend] started. pid=188470 hang_timeout=60000ms slow_us=0 dump=/data/yinjinrun.p-huawei/results/ascend-ais/baseline/xputimer/contrast-p3-sw-a-quiet-20260725_224059/C1_inject_none/xputimer
[xpu_timer.ascend] started. pid=188472 hang_timeout=60000ms slow_us=0 dump=/data/yinjinrun.p-huawei/results/ascend-ais/baseline/xputimer/contrast-p3-sw-a-quiet-20260725_224059/C1_inject_none/xputimer
[rank8]:[W725 22:43:29.037859019 compiler_depend.ts:338] Warning: Cannot create tensor with interal format while allow_internel_format=False, tensor will be created with base format. (function operator())
[rank10]:[W725 22:43:29.050339628 compiler_depend.ts:338] Warning: Cannot create tensor with interal format while allow_internel_format=False, tensor will be created with base format. (function operator())
[xpu_timer.ascend] started. pid=188471 hang_timeout=60000ms slow_us=0 dump=/data/yinjinrun.p-huawei/results/ascend-ais/baseline/xputimer/contrast-p3-sw-a-quiet-20260725_224059/C1_inject_none/xputimer
[xpu_timer.ascend] started. pid=188475 hang_timeout=60000ms slow_us=0 dump=/data/yinjinrun.p-huawei/results/ascend-ais/baseline/xputimer/contrast-p3-sw-a-quiet-20260725_224059/C1_inject_none/xputimer
[rank9]:[W725 22:43:30.568359162 compiler_depend.ts:338] Warning: Cannot create tensor with interal format while allow_internel_format=False, tensor will be created with base format. (function operator())
[rank13]:[W725 22:43:30.574954916 compiler_depend.ts:338] Warning: Cannot create tensor with interal format while allow_internel_format=False, tensor will be created with base format. (function operator())
/root/miniconda3/envs/llm_test/lib/python3.10/site-packages/torch/distributed/distributed_c10d.py:4631: UserWarning: No device id is provided via `init_process_group` or `barrier `. Using the current device set by the user. 
  warnings.warn(  # warn only once
/root/miniconda3/envs/llm_test/lib/python3.10/site-packages/torch/distributed/distributed_c10d.py:4631: UserWarning: No device id is provided via `init_process_group` or `barrier `. Using the current device set by the user. 
  warnings.warn(  # warn only once
/root/miniconda3/envs/llm_test/lib/python3.10/site-packages/torch/distributed/distributed_c10d.py:4631: UserWarning: No device id is provided via `init_process_group` or `barrier `. Using the current device set by the user. 
  warnings.warn(  # warn only once
/root/miniconda3/envs/llm_test/lib/python3.10/site-packages/torch/distributed/distributed_c10d.py:4631: UserWarning: No device id is provided via `init_process_group` or `barrier `. Using the current device set by the user. 
  warnings.warn(  # warn only once
/root/miniconda3/envs/llm_test/lib/python3.10/site-packages/torch/distributed/distributed_c10d.py:4631: UserWarning: No device id is provided via `init_process_group` or `barrier `. Using the current device set by the user. 
  warnings.warn(  # warn only once
/root/miniconda3/envs/llm_test/lib/python3.10/site-packages/torch/distributed/distributed_c10d.py:4631: UserWarning: No device id is provided via `init_process_group` or `barrier `. Using the current device set by the user. 
  warnings.warn(  # warn only once
/root/miniconda3/envs/llm_test/lib/python3.10/site-packages/torch/distributed/distributed_c10d.py:4631: UserWarning: No device id is provided via `init_process_group` or `barrier `. Using the current device set by the user. 
  warnings.warn(  # warn only once
/root/miniconda3/envs/llm_test/lib/python3.10/site-packages/torch/distributed/distributed_c10d.py:4631: UserWarning: No device id is provided via `init_process_group` or `barrier `. Using the current device set by the user. 
  warnings.warn(  # warn only once
/root/miniconda3/envs/llm_test/lib/python3.10/site-packages/torch/distributed/distributed_c10d.py:4631: UserWarning: No device id is provided via `init_process_group` or `barrier `. Using the current device set by the user. 
  warnings.warn(  # warn only once
/root/miniconda3/envs/llm_test/lib/python3.10/site-packages/torch/distributed/distributed_c10d.py:4631: UserWarning: No device id is provided via `init_process_group` or `barrier `. Using the current device set by the user. 
  warnings.warn(  # warn only once
/root/miniconda3/envs/llm_test/lib/python3.10/site-packages/torch/distributed/distributed_c10d.py:4631: UserWarning: No device id is provided via `init_process_group` or `barrier `. Using the current device set by the user. 
  warnings.warn(  # warn only once
/root/miniconda3/envs/llm_test/lib/python3.10/site-packages/torch/distributed/distributed_c10d.py:4631: UserWarning: No device id is provided via `init_process_group` or `barrier `. Using the current device set by the user. 
  warnings.warn(  # warn only once
/root/miniconda3/envs/llm_test/lib/python3.10/site-packages/torch/distributed/distributed_c10d.py:4631: UserWarning: No device id is provided via `init_process_group` or `barrier `. Using the current device set by the user. 
  warnings.warn(  # warn only once
/root/miniconda3/envs/llm_test/lib/python3.10/site-packages/torch/distributed/distributed_c10d.py:4631: UserWarning: No device id is provided via `init_process_group` or `barrier `. Using the current device set by the user. 
  warnings.warn(  # warn only once
/root/miniconda3/envs/llm_test/lib/python3.10/site-packages/torch/distributed/distributed_c10d.py:4631: UserWarning: No device id is provided via `init_process_group` or `barrier `. Using the current device set by the user. 
  warnings.warn(  # warn only once
/root/miniconda3/envs/llm_test/lib/python3.10/site-packages/torch/distributed/distributed_c10d.py:4631: UserWarning: No device id is provided via `init_process_group` or `barrier `. Using the current device set by the user. 
  warnings.warn(  # warn only once
DONE world=16 out=/data/yinjinrun.p-huawei/results/ascend-ais/baseline/xputimer/contrast-p3-sw-a-quiet-20260725_224059/C1_inject_none/ranks/rank_0000.jsonl
[xpu_timer.ascend] stopped. events=5056 hang_flags=0 slow_flags=0 metrics -> /data/yinjinrun.p-huawei/results/ascend-ais/baseline/xputimer/contrast-p3-sw-a-quiet-20260725_224059/C1_inject_none/xputimer/ascend_metrics.rank13.pid188475.prom
[xpu_timer.ascend] stopped. events=5056 hang_flags=0 slow_flags=0 metrics -> /data/yinjinrun.p-huawei/results/ascend-ais/baseline/xputimer/contrast-p3-sw-a-quiet-20260725_224059/C1_inject_none/xputimer/ascend_metrics.rank10.pid188472.prom
[xpu_timer.ascend] stopped. events=5056 hang_flags=0 slow_flags=0 metrics -> /data/yinjinrun.p-huawei/results/ascend-ais/baseline/xputimer/contrast-p3-sw-a-quiet-20260725_224059/C1_inject_none/xputimer/ascend_metrics.rank14.pid188476.prom
[xpu_timer.ascend] stopped. events=5056 hang_flags=0 slow_flags=0 metrics -> /data/yinjinrun.p-huawei/results/ascend-ais/baseline/xputimer/contrast-p3-sw-a-quiet-20260725_224059/C1_inject_none/xputimer/ascend_metrics.rank7.pid188469.prom
[xpu_timer.ascend] stopped. events=5056 hang_flags=0 slow_flags=0 metrics -> /data/yinjinrun.p-huawei/results/ascend-ais/baseline/xputimer/contrast-p3-sw-a-quiet-20260725_224059/C1_inject_none/xputimer/ascend_metrics.rank12.pid188474.prom
[xpu_timer.ascend] stopped. events=5056 hang_flags=0 slow_flags=0 metrics -> /data/yinjinrun.p-huawei/results/ascend-ais/baseline/xputimer/contrast-p3-sw-a-quiet-20260725_224059/C1_inject_none/xputimer/ascend_metrics.rank15.pid188477.prom
[xpu_timer.ascend] stopped. events=5561 hang_flags=0 slow_flags=0 metrics -> /data/yinjinrun.p-huawei/results/ascend-ais/baseline/xputimer/contrast-p3-sw-a-quiet-20260725_224059/C1_inject_none/xputimer/ascend_metrics.rank0.pid188462.prom
[xpu_timer.ascend] stopped. events=5056 hang_flags=0 slow_flags=0 metrics -> /data/yinjinrun.p-huawei/results/ascend-ais/baseline/xputimer/contrast-p3-sw-a-quiet-20260725_224059/C1_inject_none/xputimer/ascend_metrics.rank9.pid188471.prom
[xpu_timer.ascend] stopped. events=5056 hang_flags=0 slow_flags=0 metrics -> /data/yinjinrun.p-huawei/results/ascend-ais/baseline/xputimer/contrast-p3-sw-a-quiet-20260725_224059/C1_inject_none/xputimer/ascend_metrics.rank11.pid188473.prom
[xpu_timer.ascend] stopped. events=5056 hang_flags=0 slow_flags=0 metrics -> /data/yinjinrun.p-huawei/results/ascend-ais/baseline/xputimer/contrast-p3-sw-a-quiet-20260725_224059/C1_inject_none/xputimer/ascend_metrics.rank1.pid188463.prom
[xpu_timer.ascend] stopped. events=5056 hang_flags=0 slow_flags=0 metrics -> /data/yinjinrun.p-huawei/results/ascend-ais/baseline/xputimer/contrast-p3-sw-a-quiet-20260725_224059/C1_inject_none/xputimer/ascend_metrics.rank2.pid188464.prom
[xpu_timer.ascend] stopped. events=5056 hang_flags=0 slow_flags=0 metrics -> /data/yinjinrun.p-huawei/results/ascend-ais/baseline/xputimer/contrast-p3-sw-a-quiet-20260725_224059/C1_inject_none/xputimer/ascend_metrics.rank4.pid188466.prom
[xpu_timer.ascend] stopped. events=5056 hang_flags=0 slow_flags=0 metrics -> /data/yinjinrun.p-huawei/results/ascend-ais/baseline/xputimer/contrast-p3-sw-a-quiet-20260725_224059/C1_inject_none/xputimer/ascend_metrics.rank3.pid188465.prom
[xpu_timer.ascend] stopped. events=5056 hang_flags=0 slow_flags=0 metrics -> /data/yinjinrun.p-huawei/results/ascend-ais/baseline/xputimer/contrast-p3-sw-a-quiet-20260725_224059/C1_inject_none/xputimer/ascend_metrics.rank6.pid188468.prom
[xpu_timer.ascend] stopped. events=5056 hang_flags=0 slow_flags=0 metrics -> /data/yinjinrun.p-huawei/results/ascend-ais/baseline/xputimer/contrast-p3-sw-a-quiet-20260725_224059/C1_inject_none/xputimer/ascend_metrics.rank5.pid188467.prom
[xpu_timer.ascend] stopped. events=5056 hang_flags=0 slow_flags=0 metrics -> /data/yinjinrun.p-huawei/results/ascend-ais/baseline/xputimer/contrast-p3-sw-a-quiet-20260725_224059/C1_inject_none/xputimer/ascend_metrics.rank8.pid188470.prom
